Component: ARM Compiler 5.06 update 6 (build 750) Tool: armlink [4d35ed]

==============================================================================

Section Cross References

    main.o(i.hal_low_power_io_init) refers to gpio.o(i.hal_gpio_pull_set) for hal_gpio_pull_set
    main.o(i.hal_low_power_io_init) refers to pwrmgr.o(i.hal_pwrmgr_RAM_retention) for hal_pwrmgr_RAM_retention
    main.o(i.hal_low_power_io_init) refers to pwrmgr.o(i.hal_pwrmgr_RAM_retention_set) for hal_pwrmgr_RAM_retention_set
    main.o(i.hal_low_power_io_init) refers to pwrmgr.o(i.hal_pwrmgr_LowCurrentLdo_enable) for hal_pwrmgr_LowCurrentLdo_enable
    main.o(i.hal_low_power_io_init) refers to main.o(.constdata) for .constdata
    main.o(i.hal_rfphy_init) refers to patch.o(i.hal_rom_boot_init) for hal_rom_boot_init
    main.o(i.hal_rfphy_init) refers to main.o(i.__NVIC_SetPriority) for __NVIC_SetPriority
    main.o(i.hal_rfphy_init) refers to main.o(large_heap_buffer_area) for large_heap_buffer_area
    main.o(i.hal_rfphy_init) refers to main.o(.bss) for .bss
    main.o(i.main) refers to patch.o(_section_xip_code_) for init_config
    main.o(i.main) refers to patch.o(i.ll_patch_slave) for ll_patch_slave
    main.o(i.main) refers to main.o(i.hal_rfphy_init) for hal_rfphy_init
    main.o(i.main) refers to main.o(i.hal_low_power_io_init) for hal_low_power_io_init
    main.o(i.main) refers to clock.o(i.hal_rtc_clock_config) for hal_rtc_clock_config
    main.o(i.main) refers to pwrmgr.o(i.hal_pwrmgr_init) for hal_pwrmgr_init
    main.o(i.main) refers to flash.o(i.hal_spif_cache_init) for hal_spif_cache_init
    main.o(i.main) refers to gpio.o(i.hal_gpio_init) for hal_gpio_init
    main.o(i.main) refers to ota_protocol.o(i.otaProtocol_BootMode) for otaProtocol_BootMode
    main.o(i.main) refers to ota_main.o(i.ota_main) for ota_main
    main.o(i.main) refers to main.o(.data) for .data
    main.o(i.main) refers to main.o(.constdata) for .constdata
    gattservapp.o(i.GATTServApp_AddService) refers to gattservapp.o(i.GATTServApp_RegisterService) for GATTServApp_RegisterService
    gattservapp.o(i.GATTServApp_AddService) refers to gattservapp.o(.constdata) for .constdata
    gattservapp.o(i.GATTServApp_AddService) refers to gattservapp.o(.data) for .data
    gattservapp.o(i.GATTServApp_DelService) refers to gattservapp.o(i.GATTServApp_DeregisterService) for GATTServApp_DeregisterService
    gattservapp.o(i.GATTServApp_DelService) refers to gattservapp.o(.data) for .data
    gattservapp.o(i.GATTServApp_DeregisterService) refers to gatt_server.o(i.GATT_DeregisterService) for GATT_DeregisterService
    gattservapp.o(i.GATTServApp_DeregisterService) refers to gattservapp.o(.data) for .data
    gattservapp.o(i.GATTServApp_GetParameter) refers to gattservapp.o(.data) for .data
    gattservapp.o(i.GATTServApp_Init) refers to gattservapp.o(i.GATTServApp_InitCharCfg) for GATTServApp_InitCharCfg
    gattservapp.o(i.GATTServApp_Init) refers to gattservapp.o(i.gattServApp_SetNumPrepareWrites) for gattServApp_SetNumPrepareWrites
    gattservapp.o(i.GATTServApp_Init) refers to gatt_server.o(i.GATT_RegisterForReq) for GATT_RegisterForReq
    gattservapp.o(i.GATTServApp_Init) refers to linkdb.o(i.linkDB_Register) for linkDB_Register
    gattservapp.o(i.GATTServApp_Init) refers to gattservapp.o(.data) for .data
    gattservapp.o(i.GATTServApp_Init) refers to gattservapp.o(i.gattServApp_HandleConnStatusCB) for gattServApp_HandleConnStatusCB
    gattservapp.o(i.GATTServApp_InitCharCfg) refers to gattservapp.o(i.gattServApp_FindCharCfgItem) for gattServApp_FindCharCfgItem
    gattservapp.o(i.GATTServApp_ProcessCCCWriteReq) refers to gattservapp.o(i.GATTServApp_ReadCharCfg) for GATTServApp_ReadCharCfg
    gattservapp.o(i.GATTServApp_ProcessCCCWriteReq) refers to gattservapp.o(i.GATTServApp_WriteCharCfg) for GATTServApp_WriteCharCfg
    gattservapp.o(i.GATTServApp_ProcessCCCWriteReq) refers to gattservapp.o(i.GATTServApp_SendCCCUpdatedEvent) for GATTServApp_SendCCCUpdatedEvent
    gattservapp.o(i.GATTServApp_ProcessCharCfg) refers to gattservapp.o(i.GATTServApp_FindAttr) for GATTServApp_FindAttr
    gattservapp.o(i.GATTServApp_ProcessCharCfg) refers to gattservapp.o(i.GATTServApp_ReadAttr) for GATTServApp_ReadAttr
    gattservapp.o(i.GATTServApp_ProcessCharCfg) refers to gatt_server.o(i.GATT_Notification) for GATT_Notification
    gattservapp.o(i.GATTServApp_ProcessCharCfg) refers to gatt_server.o(i.GATT_Indication) for GATT_Indication
    gattservapp.o(i.GATTServApp_ProcessCharCfg) refers to att_util.o(.data) for gAttMtuSize
    gattservapp.o(i.GATTServApp_ProcessEvent) refers to gattservapp.o(i.gattServApp_ProcessMsg) for gattServApp_ProcessMsg
    gattservapp.o(i.GATTServApp_ProcessEvent) refers to gattservapp.o(.data) for .data
    gattservapp.o(i.GATTServApp_ReadAttr) refers to gattservapp.o(i.gattServApp_FindAuthorizeAttrCB) for gattServApp_FindAuthorizeAttrCB
[...]
    pEstLink                                 0x1fff5638   Data           4  gap_linkmgr.o(.data)
    pAuthLink                                0x1fff563c   Data           4  gap_linkmgr.o(.data)
    pfnCentralConnCBs                        0x1fff5640   Data           4  gap_linkmgr.o(.data)
    gapUnwantedTaskID                        0x1fff5660   Data           1  gap_task.o(.data)
    gapTaskID                                0x1fff5661   Data           1  gap_task.o(.data)
    pfnPeripheralCBs                         0x1fff5664   Data           4  gap_task.o(.data)
    reqTaskId                                0x1fff566c   Data           1  gatt_server.o(.data)
    serverInfoTbl                            0x1fff5674   Data           8  gatt_server.o(.data)
    gattTaskID                               0x1fff567c   Data           1  gatt_task.o(.data)
    l2capTaskID                              0x1fff5689   Data           1  l2cap_task.o(.data)
    smTaskID                                 0x1fff5698   Data           1  sm_task.o(.data)
    pGapDiscReq                              0x1fff569c   Data           4  gap_devmgr.o(.data)
    pGapAdvertState                          0x1fff56a0   Data           4  gap_devmgr.o(.data)
    l2capExtendFragments                     0x1fff56a4   Data           1  l2cap_util.o(.data)
    currSeqNum                               0x1fff56a6   Data           2  l2cap_util.o(.data)
    pPairingParams                           0x1fff56ac   Data           4  sm_pairing.o(.data)
    pfnResponderCBs                          0x1fff56b0   Data           4  sm_pairing.o(.data)
    pwroff_register_number                   0x1fff56b8   Data           1  pwrmgr.o(_section_standby_code_)
    s_pwroff_cfg                             0x1fff56ba   Data          12  pwrmgr.o(_section_standby_code_)
    g_largeHeap                              0x1fff56c8   Data        8192  main.o(large_heap_buffer_area)
    g_pConnectionBuffer                      0x1fff76c8   Data        2680  main.o(.bss)
    pConnContext                             0x1fff8140   Data         644  main.o(.bss)
    g_ota_sec_key                            0x1fff8c08   Data          16  phy_sec_ext.o(.bss)
    l2capFixedChannels                       0x1fff8c34   Data          16  l2cap_task.o(.bss)
    l2capChannels                            0x1fff8c44   Data          30  l2cap_task.o(.bss)
    smState_CBTimer                          0x1fff8ca0   Data          15  sm_rsppairing.o(.bss)
    l2capReassemblePkt                       0x1fff8cb0   Data          16  l2cap_util.o(.bss)
    l2capSegmentPkt                          0x1fff8cc0   Data          92  l2cap_util.o(.bss)
    g_sarDbgCnt                              0x1fff8d1c   Data          52  l2cap_util.o(.bss)
    smTO_CBTimer                             0x1fff8d50   Data          15  sm_mgr.o(.bss)
    ota_patition_buffer                      0x1fffb300   Data       16400  ota_protocol.o(ota_partition_buffer_area)
    Long Thumb to Thumb Veneer to phy_sec_encrypt 0x1ffff401   Thumb Code    12  anon$$obj.o(Veneer$$Code)
    Long Thumb to Thumb Veneer to phy_sec_decrypt 0x1ffff40d   Thumb Code    12  anon$$obj.o(Veneer$$Code)
    flash_check_parition                     0x1ffff419   Thumb Code    28  aes.o(i.flash_check_parition)
    flash_load_parition                      0x1ffff43d   Thumb Code    28  aes.o(i.flash_load_parition)
    hal_system_soft_reset                    0x1ffff461   Thumb Code    28  clock.o(i.hal_system_soft_reset)
    is_crypto_app                            0x1ffff485   Thumb Code    16  aes.o(i.is_crypto_app)
    otaProtocol_RunApp                       0x1ffff495   Thumb Code     8  ota_protocol.o(ota_app_loader_area)
    run_application                          0x1ffff4a1   Thumb Code    26  ota_protocol.o(ota_app_loader_area)
    crc16                                    0x1ffff4bd   Thumb Code    54  ota_flash.o(ota_app_loader_area)
    ota_flash_read                           0x1ffff4f3   Thumb Code    84  ota_flash.o(ota_app_loader_area)
    ota_flash_load_app                       0x1ffff547   Thumb Code   338  ota_flash.o(ota_app_loader_area)
    ota_load_flash_addr                      0x1ffff6c4   Data           4  ota_flash.o(ota_app_loader_area)
    ota_load_run_addr                        0x1ffff6c8   Data           4  ota_flash.o(ota_app_loader_area)
    ota_load_size                            0x1ffff6cc   Data           4  ota_flash.o(ota_app_loader_area)
    ota_load_checksum                        0x1ffff6d0   Data           4  ota_flash.o(ota_app_loader_area)
    ota_load_crc                             0x1ffff6d4   Data           4  ota_flash.o(ota_app_loader_area)
    ota_boot_bypass_crc                      0x1ffff6d8   Data           4  ota_flash.o(ota_app_loader_area)
    crc16_table                              0x1ffff6dc   Data          32  ota_flash.o(ota_app_loader_area)
    __initial_sp                             0x1fffff00   Data           0  startup_armcm0.o(STACK)



==============================================================================

Memory Map of the image

  Image Entry point : 0x1fff18f9

  Load Region LR_ROM_CODE (Base: 0x1fff1838, Size: 0x00005e90, Max: 0x00009ac8, ABSOLUTE, COMPRESSED[0x00003c90])

    Execution Region ER_ROM_CODE (Exec base: 0x1fff1838, Load base: 0x1fff1838, Size: 0x00007528, Max: 0x00009ac8, ABSOLUTE, COMPRESSED[0x00000184])

    Exec Addr    Load Addr    Size         Type   Attr      Idx    E Section Name        Object

    0x1fff1838   0x1fff1838   0x000000c0   Data   RO         1758    RESET               startup_armcm0.o
    0x1fff18f8   0x1fff18f8   0x00000000   Code   RO         2828  * .ARM.Collect$$$$00000000  mc_p.l(entry.o)
    0x1fff18f8   0x1fff18f8   0x00000004   Code   RO         2831    .ARM.Collect$$$$00000001  mc_p.l(entry2.o)
    0x1fff18fc   0x1fff18fc   0x00000004   Code   RO         2834    .ARM.Collect$$$$00000004  mc_p.l(entry5.o)
    0x1fff1900   0x1fff1900   0x00000000   Code   RO         2836    .ARM.Collect$$$$00000008  mc_p.l(entry7b.o)
    0x1fff1900   0x1fff1900   0x00000000   Code   RO         2838    .ARM.Collect$$$$0000000A  mc_p.l(entry8b.o)
    0x1fff1900   0x1fff1900   0x00000008   Code   RO         2839    .ARM.Collect$$$$0000000B  mc_p.l(entry9a.o)
    0x1fff1908   0x1fff1908   0x00000000   Code   RO         2841    .ARM.Collect$$$$0000000D  mc_p.l(entry10a.o)
    0x1fff1908   0x1fff1908   0x00000000   Code   RO         2843    .ARM.Collect$$$$0000000F  mc_p.l(entry11a.o)
    0x1fff1908   0x1fff1908   0x00000004   Code   RO         2832    .ARM.Collect$$$$00002712  mc_p.l(entry2.o)
    0x1fff190c   0x1fff190c   0x00000030   Code   RO          915    .emb_text           jump_table.o
    0x1fff193c   0x1fff193c   0x0000001c   Code   RO         1759    .text               startup_armcm0.o
    0x1fff1958   0x1fff1958   0x00000024   Code   RO         2845    .text               mc_p.l(init.o)
    0x1fff197c   0x1fff197c   0x00000056   Code   RO         2855    .text               mc_p.l(__dczerorl2.o)
    0x1fff19d2   COMPRESSED   0x00000002   PAD
    0x1fff19d4   0x1fff19d4   0x0000000c   Ven    RO         2857    Veneer$$Code        anon$$obj.o
    0x1fff19e0   0x1fff19e0   0x0000000c   Ven    RO         2858    Veneer$$Code        anon$$obj.o
    0x1fff19ec   0x1fff19ec   0x0000000c   Ven    RO         2859    Veneer$$Code        anon$$obj.o
    0x1fff19f8   0x1fff19f8   0x0000000c   Ven    RO         2860    Veneer$$Code        anon$$obj.o
    0x1fff1a04   0x1fff1a04   0x0000000c   Ven    RO         2861    Veneer$$Code        anon$$obj.o
    0x1fff1a10   0x1fff1a10   0x0000000c   Ven    RO         2862    Veneer$$Code        anon$$obj.o
    0x1fff1a1c   0x1fff1a1c   0x0000000c   Ven    RO         2863    Veneer$$Code        anon$$obj.o
    0x1fff1a28   0x1fff1a28   0x0000000c   Ven    RO         2864    Veneer$$Code        anon$$obj.o
    0x1fff1a34   0x1fff1a34   0x0000000c   Ven    RO         2865    Veneer$$Code        anon$$obj.o
    0x1fff1a40   0x1fff1a40   0x0000000c   Ven    RO         2866    Veneer$$Code        anon$$obj.o
    0x1fff1a4c   0x1fff1a4c   0x0000000c   Ven    RO         2867    Veneer$$Code        anon$$obj.o
    0x1fff1a58   0x1fff1a58   0x0000000c   Ven    RO         2868    Veneer$$Code        anon$$obj.o
    0x1fff1a64   0x1fff1a64   0x0000000c   Ven    RO         2869    Veneer$$Code        anon$$obj.o
    0x1fff1a70   0x1fff1a70   0x0000000c   Ven    RO         2870    Veneer$$Code        anon$$obj.o
    0x1fff1a7c   0x1fff1a7c   0x0000000c   Ven    RO         2871    Veneer$$Code        anon$$obj.o
    0x1fff1a88   0x1fff1a88   0x0000000c   Ven    RO         2872    Veneer$$Code        anon$$obj.o
    0x1fff1a94   0x1fff1a94   0x0000000c   Ven    RO         2873    Veneer$$Code        anon$$obj.o
    0x1fff1aa0   0x1fff1aa0   0x0000000c   Ven    RO         2874    Veneer$$Code        anon$$obj.o
    0x1fff1aac   0x1fff1aac   0x0000000c   Ven    RO         2875    Veneer$$Code        anon$$obj.o
    0x1fff1ab8   0x1fff1ab8   0x0000000c   Ven    RO         2876    Veneer$$Code        anon$$obj.o
    0x1fff1ac4   0x1fff1ac4   0x0000000c   Ven    RO         2877    Veneer$$Code        anon$$obj.o
    0x1fff1ad0   0x1fff1ad0   0x0000000c   Ven    RO         2878    Veneer$$Code        anon$$obj.o
    0x1fff1adc   0x1fff1adc   0x0000000c   Ven    RO         2879    Veneer$$Code        anon$$obj.o
    0x1fff1ae8   0x1fff1ae8   0x0000000c   Ven    RO         2880    Veneer$$Code        anon$$obj.o
    0x1fff1af4   0x1fff1af4   0x0000000c   Ven    RO         2881    Veneer$$Code        anon$$obj.o
    0x1fff1b00   0x1fff1b00   0x0000000c   Ven    RO         2882    Veneer$$Code        anon$$obj.o
    0x1fff1b0c   0x1fff1b0c   0x0000000c   Ven    RO         2883    Veneer$$Code        anon$$obj.o
    0x1fff1b18   0x1fff1b18   0x0000000c   Ven    RO         2884    Veneer$$Code        anon$$obj.o
    0x1fff1b24   0x1fff1b24   0x0000000c   Ven    RO         2885    Veneer$$Code        anon$$obj.o
    0x1fff1b30   0x1fff1b30   0x0000000c   Ven    RO         2886    Veneer$$Code        anon$$obj.o
    0x1fff1b3c   0x1fff1b3c   0x0000000c   Ven    RO         2887    Veneer$$Code        anon$$obj.o
    0x1fff1b48   0x1fff1b48   0x0000000c   Ven    RO         2888    Veneer$$Code        anon$$obj.o
    0x1fff1b54   0x1fff1b54   0x0000000c   Ven    RO         2889    Veneer$$Code        anon$$obj.o
    0x1fff1b60   0x1fff1b60   0x0000000c   Ven    RO         2890    Veneer$$Code        anon$$obj.o
    0x1fff1b6c   0x1fff1b6c   0x0000000c   Ven    RO         2891    Veneer$$Code        anon$$obj.o
    0x1fff1b78   0x1fff1b78   0x0000000c   Ven    RO         2892    Veneer$$Code        anon$$obj.o
    0x1fff1b84   0x1fff1b84   0x0000000c   Ven    RO         2893    Veneer$$Code        anon$$obj.o
    0x1fff1b90   0x1fff1b90   0x0000000c   Ven    RO         2894    Veneer$$Code        anon$$obj.o
    0x1fff1b9c   0x1fff1b9c   0x0000000c   Ven    RO         2895    Veneer$$Code        anon$$obj.o
    0x1fff1ba8   0x1fff1ba8   0x0000000c   Ven    RO         2896    Veneer$$Code        anon$$obj.o
    0x1fff1bb4   0x1fff1bb4   0x0000000c   Ven    RO         2897    Veneer$$Code        anon$$obj.o
    0x1fff1bc0   0x1fff1bc0   0x0000000c   Ven    RO         2898    Veneer$$Code        anon$$obj.o
    0x1fff1bcc   0x1fff1bcc   0x0000000c   Ven    RO         2899    Veneer$$Code        anon$$obj.o
    0x1fff1bd8   0x1fff1bd8   0x0000000c   Ven    RO         2900    Veneer$$Code        anon$$obj.o
    0x1fff1be4   0x1fff1be4   0x0000000c   Ven    RO         2901    Veneer$$Code        anon$$obj.o
    0x1fff1bf0   0x1fff1bf0   0x0000000c   Ven    RO         2902    Veneer$$Code        anon$$obj.o
    0x1fff1bfc   0x1fff1bfc   0x0000000c   Ven    RO         2903    Veneer$$Code        anon$$obj.o
    0x1fff1c08   0x1fff1c08   0x0000000c   Ven    RO         2904    Veneer$$Code        anon$$obj.o
    0x1fff1c14   0x1fff1c14   0x0000000c   Ven    RO         2905    Veneer$$Code        anon$$obj.o
    0x1fff1c20   0x1fff1c20   0x0000000c   Ven    RO         2906    Veneer$$Code        anon$$obj.o
    0x1fff1c2c   0x1fff1c2c   0x0000000c   Ven    RO         2907    Veneer$$Code        anon$$obj.o
    0x1fff1c38   0x1fff1c38   0x0000000c   Ven    RO         2908    Veneer$$Code        anon$$obj.o
    0x1fff1c44   0x1fff1c44   0x0000000c   Ven    RO         2909    Veneer$$Code        anon$$obj.o
    0x1fff1c50   0x1fff1c50   0x0000000c   Ven    RO         2910    Veneer$$Code        anon$$obj.o
    0x1fff1c5c   0x1fff1c5c   0x0000000c   Ven    RO         2911    Veneer$$Code        anon$$obj.o
    0x1fff1c68   0x1fff1c68   0x0000000c   Ven    RO         2912    Veneer$$Code        anon$$obj.o
    0x1fff1c74   0x1fff1c74   0x0000000c   Ven    RO         2913    Veneer$$Code        anon$$obj.o
    0x1fff1c80   0x1fff1c80   0x0000000c   Ven    RO         2914    Veneer$$Code        anon$$obj.o
    0x1fff1c8c   0x1fff1c8c   0x0000000c   Ven    RO         2915    Veneer$$Code        anon$$obj.o
    0x1fff1c98   0x1fff1c98   0x0000000c   Ven    RO         2916    Veneer$$Code        anon$$obj.o
    0x1fff1ca4   0x1fff1ca4   0x0000000c   Ven    RO         2917    Veneer$$Code        anon$$obj.o
    0x1fff1cb0   0x1fff1cb0   0x0000000c   Ven    RO         2918    Veneer$$Code        anon$$obj.o
    0x1fff1cbc   0x1fff1cbc   0x0000000c   Ven    RO         2919    Veneer$$Code        anon$$obj.o
    0x1fff1cc8   0x1fff1cc8   0x0000000c   Ven    RO         2920    Veneer$$Code        anon$$obj.o
    0x1fff1cd4   0x1fff1cd4   0x0000000c   Ven    RO         2921    Veneer$$Code        anon$$obj.o
    0x1fff1ce0   0x1fff1ce0   0x0000000c   Ven    RO         2922    Veneer$$Code        anon$$obj.o
    0x1fff1cec   0x1fff1cec   0x0000000c   Ven    RO         2923    Veneer$$Code        anon$$obj.o
    0x1fff1cf8   0x1fff1cf8   0x0000000c   Ven    RO         2924    Veneer$$Code        anon$$obj.o
    0x1fff1d04   0x1fff1d04   0x0000000c   Ven    RO         2925    Veneer$$Code        anon$$obj.o
    0x1fff1d10   0x1fff1d10   0x0000000c   Ven    RO         2926    Veneer$$Code        anon$$obj.o
    0x1fff1d1c   0x1fff1d1c   0x0000000c   Ven    RO         2927    Veneer$$Code        anon$$obj.o
    0x1fff1d28   0x1fff1d28   0x0000000c   Ven    RO         2928    Veneer$$Code        anon$$obj.o
    0x1fff1d34   0x1fff1d34   0x0000000c   Ven    RO         2929    Veneer$$Code        anon$$obj.o
    0x1fff1d40   0x1fff1d40   0x0000000c   Ven    RO         2930    Veneer$$Code        anon$$obj.o
    0x1fff1d4c   0x1fff1d4c   0x0000000c   Ven    RO         2931    Veneer$$Code        anon$$obj.o
    0x1fff1d58   0x1fff1d58   0x0000000c   Ven    RO         2932    Veneer$$Code        anon$$obj.o
    0x1fff1d64   0x1fff1d64   0x0000000c   Ven    RO         2933    Veneer$$Code        anon$$obj.o
    0x1fff1d70   0x1fff1d70   0x0000000c   Ven    RO         2934    Veneer$$Code        anon$$obj.o
    0x1fff1d7c   0x1fff1d7c   0x0000000c   Ven    RO         2935    Veneer$$Code        anon$$obj.o
    0x1fff1d88   0x1fff1d88   0x0000000c   Ven    RO         2936    Veneer$$Code        anon$$obj.o
    0x1fff1d94   0x1fff1d94   0x0000000c   Ven    RO         2937    Veneer$$Code        anon$$obj.o
    0x1fff1da0   0x1fff1da0   0x0000000c   Ven    RO         2938    Veneer$$Code        anon$$obj.o
    0x1fff1dac   0x1fff1dac   0x0000000c   Ven    RO         2939    Veneer$$Code        anon$$obj.o
    0x1fff1db8   0x1fff1db8   0x0000000c   Ven    RO         2940    Veneer$$Code        anon$$obj.o
    0x1fff1dc4   0x1fff1dc4   0x0000000c   Ven    RO         2941    Veneer$$Code        anon$$obj.o
    0x1fff1dd0   0x1fff1dd0   0x0000000c   Ven    RO         2942    Veneer$$Code        anon$$obj.o
    0x1fff1ddc   0x1fff1ddc   0x0000000c   Ven    RO         2943    Veneer$$Code        anon$$obj.o
    0x1fff1de8   0x1fff1de8   0x0000000c   Ven    RO         2944    Veneer$$Code        anon$$obj.o
    0x1fff1df4   0x1fff1df4   0x0000000c   Ven    RO         2945    Veneer$$Code        anon$$obj.o
    0x1fff1e00   0x1fff1e00   0x0000000c   Ven    RO         2946    Veneer$$Code        anon$$obj.o
    0x1fff1e0c   0x1fff1e0c   0x0000000c   Ven    RO         2947    Veneer$$Code        anon$$obj.o
    0x1fff1e18   0x1fff1e18   0x0000000c   Ven    RO         2948    Veneer$$Code        anon$$obj.o
    0x1fff1e24   0x1fff1e24   0x0000000c   Ven    RO         2949    Veneer$$Code        anon$$obj.o
    0x1fff1e30   0x1fff1e30   0x0000000c   Ven    RO         2950    Veneer$$Code        anon$$obj.o
    0x1fff1e3c   0x1fff1e3c   0x0000000c   Ven    RO         2951    Veneer$$Code        anon$$obj.o
    0x1fff1e48   0x1fff1e48   0x0000000c   Ven    RO         2952    Veneer$$Code        anon$$obj.o
    0x1fff1e54   0x1fff1e54   0x0000000c   Ven    RO         2953    Veneer$$Code        anon$$obj.o
    0x1fff1e60   0x1fff1e60   0x0000000c   Ven    RO         2954    Veneer$$Code        anon$$obj.o
    0x1fff1e6c   0x1fff1e6c   0x0000000c   Ven    RO         2955    Veneer$$Code        anon$$obj.o
    0x1fff1e78   0x1fff1e78   0x0000000c   Ven    RO         2956    Veneer$$Code        anon$$obj.o
    0x1fff1e84   0x1fff1e84   0x0000000c   Ven    RO         2957    Veneer$$Code        anon$$obj.o
    0x1fff1e90   0x1fff1e90   0x0000000c   Ven    RO         2958    Veneer$$Code        anon$$obj.o
    0x1fff1e9c   0x1fff1e9c   0x0000000c   Ven    RO         2959    Veneer$$Code        anon$$obj.o
    0x1fff1ea8   0x1fff1ea8   0x0000000c   Ven    RO         2960    Veneer$$Code        anon$$obj.o
    0x1fff1eb4   0x1fff1eb4   0x0000000c   Ven    RO         2961    Veneer$$Code        anon$$obj.o
    0x1fff1ec0   0x1fff1ec0   0x0000000c   Ven    RO         2962    Veneer$$Code        anon$$obj.o
    0x1fff1ecc   0x1fff1ecc   0x0000000c   Ven    RO         2963    Veneer$$Code        anon$$obj.o
    0x1fff1ed8   0x1fff1ed8   0x0000000c   Ven    RO         2964    Veneer$$Code        anon$$obj.o
    0x1fff1ee4   0x1fff1ee4   0x0000000c   Ven    RO         2965    Veneer$$Code        anon$$obj.o
    0x1fff1ef0   0x1fff1ef0   0x0000000c   Ven    RO         2966    Veneer$$Code        anon$$obj.o
    0x1fff1efc   0x1fff1efc   0x0000000c   Ven    RO         2967    Veneer$$Code        anon$$obj.o
    0x1fff1f08   0x1fff1f08   0x0000000c   Ven    RO         2968    Veneer$$Code        anon$$obj.o
    0x1fff1f14   0x1fff1f14   0x0000000c   Ven    RO         2969    Veneer$$Code        anon$$obj.o
    0x1fff1f20   0x1fff1f20   0x0000000c   Ven    RO         2970    Veneer$$Code        anon$$obj.o
    0x1fff1f2c   0x1fff1f2c   0x0000000c   Ven    RO         2971    Veneer$$Code        anon$$obj.o
    0x1fff1f38   0x1fff1f38   0x0000000c   Ven    RO         2972    Veneer$$Code        anon$$obj.o
    0x1fff1f44   0x1fff1f44   0x0000014c   Code   RO         1309    _section_sram_code_  uart.o
    0x1fff2090   0x1fff2090   0x00000038   Code   RO         1527    _section_sram_code_  flash.o
    0x1fff20c8   0x1fff20c8   0x00000044   Code   RO         1633    _section_sram_code_  pwrmgr.o
    0x1fff210c   0x1fff210c   0x000000a8   Code   RO         2589    _section_sram_code_  ble_host.lib(l2cap_util.o)
    0x1fff21b4   0x1fff21b4   0x00000004   Code   RO         1004    i.GAPBondMgr_LinkEst  ota.o
    0x1fff21b8   0x1fff21b8   0x00000028   Code   RO         1805    i.HCI_LE_LtkReqNegReplyCmd  rf.lib(patch.o)
    0x1fff21e0   0x1fff21e0   0x00000028   Code   RO         1806    i.HCI_LE_LtkReqReplyCmd  rf.lib(patch.o)
    0x1fff2208   0x1fff2208   0x0000001a   Code   RO         1810    i.LL_ENC_AES128_Encrypt1  rf.lib(patch.o)
    0x1fff2222   COMPRESSED   0x00000002   PAD
    0x1fff2224   0x1fff2224   0x00000178   Code   RO         1811    i.LL_ENC_Decrypt1   rf.lib(patch.o)
    0x1fff239c   0x1fff239c   0x00000160   Code   RO         1812    i.LL_ENC_Encrypt1   rf.lib(patch.o)
    0x1fff24fc   0x1fff24fc   0x0000004c   Code   RO         1813    i.LL_EncLtkNegReply  rf.lib(patch.o)
    0x1fff2548   0x1fff2548   0x00000058   Code   RO         1814    i.LL_EncLtkReply    rf.lib(patch.o)
    0x1fff25a0   0x1fff25a0   0x0000014c   Code   RO         1815    i.LL_IRQHandler1    rf.lib(patch.o)
    0x1fff26ec   0x1fff26ec   0x00000038   Code   RO         1816    i.LL_PLUS_GetCurrentPduDle  rf.lib(patch.o)
    0x1fff2724   0x1fff2724   0x000001e8   Code   RO         1820    i.LL_SetAdvControl1  rf.lib(patch.o)
    0x1fff290c   0x1fff290c   0x00000050   Code   RO         1821    i.LL_SetAdvParam1   rf.lib(patch.o)
    0x1fff295c   0x1fff295c   0x00000030   Code   RO         1822    i.LL_SetDataLengh1  rf.lib(patch.o)
    0x1fff298c   0x1fff298c   0x00000018   Code   RO         1827    i.NVIC_EnableIRQ    rf.lib(patch.o)
    0x1fff29a4   0x1fff29a4   0x00000010   Code   RO         1766    i.SystemInit        system_armcm0.o
    0x1fff29b4   0x1fff29b4   0x00000044   Code   RO            3    i.__NVIC_SetPriority  main.o
    0x1fff29f8   0x1fff29f8   0x00000044   Code   RO         1635    i.__NVIC_SetPriority  pwrmgr.o
    0x1fff2a3c   0x1fff2a3c   0x0000000e   Code   RO         2849    i.__scatterload_copy  mc_p.l(handlers.o)
    0x1fff2a4a   0x1fff2a4a   0x00000002   Code   RO         2850    i.__scatterload_null  mc_p.l(handlers.o)
    0x1fff2a4c   0x1fff2a4c   0x0000000e   Code   RO         2851    i.__scatterload_zeroinit  mc_p.l(handlers.o)
    0x1fff2a5a   COMPRESSED   0x00000002   PAD
    0x1fff2a5c   0x1fff2a5c   0x00000020   Code   RO         2022    i._efuse_chip_version_check  rf.lib(phy_sec_ext.o)
    0x1fff2a7c   0x1fff2a7c   0x000001e8   Code   RO          916    i._hard_fault       jump_table.o
    0x1fff2c64   0x1fff2c64   0x00000018   Code   RO         2023    i._rom_sec_boot_init  rf.lib(phy_sec_ext.o)
    0x1fff2c7c   0x1fff2c7c   0x00000068   Code   RO         1528    i._spif_wait_nobusy_x  flash.o
    0x1fff2ce4   0x1fff2ce4   0x000000d4   Code   RO         1828    i.check_16MXtal_by_rcTracking  rf.lib(patch.o)
    0x1fff2db8   0x1fff2db8   0x00000110   Code   RO         1829    i.check_96MXtal_by_rcTracking  rf.lib(patch.o)
    0x1fff2ec8   0x1fff2ec8   0x0000008c   Code   RO         2024    i.finidv            rf.lib(phy_sec_ext.o)
    0x1fff2f54   0x1fff2f54   0x00000048   Code   RO         1531    i.hal_cache_tag_flush  flash.o
    0x1fff2f9c   0x1fff2f9c   0x00000034   Code   RO         1438    i.hal_clk_gate_enable  clock.o
    0x1fff2fd0   0x1fff2fd0   0x000000b8   Code   RO         1534    i.hal_flash_erase_sector  flash.o
    0x1fff3088   0x1fff3088   0x000000ac   Code   RO         1537    i.hal_flash_write_by_dma  flash.o
    0x1fff3134   0x1fff3134   0x000000c4   Code   RO         1538    i.hal_get_flash_info  flash.o
    0x1fff31f8   0x1fff31f8   0x0000006c   Code   RO            4    i.hal_low_power_io_init  main.o
    0x1fff3264   0x1fff3264   0x00000004   Code   RO         1637    i.hal_pwrmgr_LowCurrentLdo_enable  pwrmgr.o
    0x1fff3268   0x1fff3268   0x00000018   Code   RO         1638    i.hal_pwrmgr_RAM_retention  pwrmgr.o
    0x1fff3280   0x1fff3280   0x00000014   Code   RO         1639    i.hal_pwrmgr_RAM_retention_clr  pwrmgr.o
    0x1fff3294   0x1fff3294   0x00000020   Code   RO         1640    i.hal_pwrmgr_RAM_retention_set  pwrmgr.o
    0x1fff32b4   0x1fff32b4   0x0000004c   Code   RO         1642    i.hal_pwrmgr_init   pwrmgr.o
    0x1fff3300   0x1fff3300   0x0000003c   Code   RO         1646    i.hal_pwrmgr_register  pwrmgr.o
    0x1fff333c   0x1fff333c   0x00000030   Code   RO         1647    i.hal_pwrmgr_sleep_process  pwrmgr.o
    0x1fff336c   0x1fff336c   0x00000068   Code   RO         1648    i.hal_pwrmgr_unlock  pwrmgr.o
    0x1fff33d4   0x1fff33d4   0x00000074   Code   RO         1650    i.hal_pwrmgr_wakeup_process  pwrmgr.o
    0x1fff3448   0x1fff3448   0x00000088   Code   RO            5    i.hal_rfphy_init    main.o
    0x1fff34d0   0x1fff34d0   0x00000008   Code   RO         1831    i.hal_rom_boot_init  rf.lib(patch.o)
    0x1fff34d8   0x1fff34d8   0x00000084   Code   RO         1444    i.hal_rtc_clock_config  clock.o
    0x1fff355c   0x1fff355c   0x00000024   Code   RO         1539    i.hal_spif_cache_init  flash.o
    0x1fff3580   0x1fff3580   0x0000004c   Code   RO          638    i.handleConnStatusCB  ota_service.o
    0x1fff35cc   0x1fff35cc   0x00000034   Code   RO          701    i.handle_error      ota_protocol.o
    0x1fff3600   0x1fff3600   0x00000034   Code   RO          702    i.handle_error_fatal  ota_protocol.o
    0x1fff3634   0x1fff3634   0x00000038   Code   RO          703    i.handle_error_state  ota_protocol.o
    0x1fff366c   0x1fff366c   0x0000007c   Code   RO         1540    i.hw_spif_cache_config  flash.o
    0x1fff36e8   0x1fff36e8   0x00000040   Code   RO         1833    i.llCalcMaxScanTime1  rf.lib(patch.o)
    0x1fff3728   0x1fff3728   0x0000000c   Code   RO         1837    i.llProcessTxData1  rf.lib(patch.o)
    0x1fff3734   0x1fff3734   0x00000050   Code   RO         1838    i.llSecAdvAllow1    rf.lib(patch.o)
    0x1fff3784   0x1fff3784   0x00000098   Code   RO         1839    i.llSetupSecAdvEvt1  rf.lib(patch.o)
    0x1fff381c   0x1fff381c   0x000001ac   Code   RO         1841    i.ll_generateTxBuffer1  rf.lib(patch.o)
    0x1fff39c8   0x1fff39c8   0x000001e8   Code   RO         1842    i.ll_hw_go1         rf.lib(patch.o)
    0x1fff3bb0   0x1fff3bb0   0x00000038   Code   RO         1845    i.ll_patch_slave    rf.lib(patch.o)
    0x1fff3be8   0x1fff3be8   0x00000018   Code   RO         1846    i.ll_processBasicIRQ_SRX  rf.lib(patch.o)
    0x1fff3c00   0x1fff3c00   0x00000018   Code   RO         1848    i.ll_processBasicIRQ_secondaryAdvTRX  rf.lib(patch.o)
    0x1fff3c18   0x1fff3c18   0x00000058   Code   RO            6    i.main              main.o
    0x1fff3c70   0x1fff3c70   0x00000064   Code   RO          952    i.osalInitTasks     osal_ota.o
    0x1fff3cd4   0x1fff3cd4   0x0000013c   Code   RO         1005    i.otaApp_Init       ota.o
    0x1fff3e10   0x1fff3e10   0x00000044   Code   RO         1006    i.otaApp_ProcessEvent  ota.o
    0x1fff3e54   0x1fff3e54   0x00000044   Code   RO          704    i.otaProtocol_BootMode  ota_protocol.o
    0x1fff3e98   0x1fff3e98   0x00000018   Code   RO          705    i.otaProtocol_TimerEvt  ota_protocol.o
    0x1fff3eb0   0x1fff3eb0   0x0000000c   Code   RO          706    i.otaProtocol_address_plus  ota_protocol.o
    0x1fff3ebc   0x1fff3ebc   0x0000002c   Code   RO          707    i.otaProtocol_init  ota_protocol.o
    0x1fff3ee8   0x1fff3ee8   0x0000000c   Code   RO          708    i.otaProtocol_mtu   ota_protocol.o
    0x1fff3ef4   0x1fff3ef4   0x00000038   Code   RO          639    i.ota_AddService    ota_service.o
    0x1fff3f2c   0x1fff3f2c   0x00000098   Code   RO         1007    i.ota_GapStateCB    ota.o
    0x1fff3fc4   0x1fff3fc4   0x0000004c   Code   RO          640    i.ota_Notify        ota_service.o
    0x1fff4010   0x1fff4010   0x00000040   Code   RO         1008    i.ota_ProcessGATTMsg  ota.o
    0x1fff4050   0x1fff4050   0x0000000c   Code   RO          641    i.ota_ReadAttrCB    ota_service.o
    0x1fff405c   0x1fff405c   0x000000c0   Code   RO          642    i.ota_WriteAttrCB   ota_service.o
    0x1fff411c   0x1fff411c   0x00000070   Code   RO          854    i.ota_flash_erase_area  ota_flash.o
    0x1fff418c   0x1fff418c   0x00000004   Code   RO          855    i.ota_flash_load_fct  ota_flash.o
    0x1fff4190   0x1fff4190   0x0000005c   Code   RO          856    i.ota_flash_read_bootsector  ota_flash.o
    0x1fff41ec   0x1fff41ec   0x00000020   Code   RO          857    i.ota_flash_write_boot_sector  ota_flash.o
    0x1fff420c   0x1fff420c   0x00000016   Code   RO          858    i.ota_flash_write_partition  ota_flash.o
    0x1fff4222   0x1fff4222   0x00000014   Code   RO          984    i.ota_main          ota_main.o
    0x1fff4236   COMPRESSED   0x00000002   PAD
    0x1fff4238   0x1fff4238   0x000000a8   Code   RO          709    i.partition_program  ota_protocol.o
    0x1fff42e0   0x1fff42e0   0x00000320   Code   RO          710    i.process_ctrl_cmd  ota_protocol.o
    0x1fff4600   0x1fff4600   0x0000001c   Code   RO          711    i.process_ota_data  ota_protocol.o
    0x1fff461c   0x1fff461c   0x000000cc   Code   RO          712    i.process_ota_partition_data  ota_protocol.o
    0x1fff46e8   0x1fff46e8   0x00000050   Code   RO          713    i.process_service_evt  ota_protocol.o
    0x1fff4738   0x1fff4738   0x00000068   Code   RO         1922    i.rc32k_calibration  rf.lib(rf_phy_driver.o)
    0x1fff47a0   0x1fff47a0   0x0000002c   Code   RO         1853    i.read_LL_remainder_time1  rf.lib(patch.o)
    0x1fff47cc   0x1fff47cc   0x00000038   Code   RO          714    i.reset_ctx         ota_protocol.o
    0x1fff4804   0x1fff4804   0x00000024   Code   RO          715    i.response          ota_protocol.o
    0x1fff4828   0x1fff4828   0x00000024   Code   RO          716    i.response_err      ota_protocol.o
    0x1fff484c   0x1fff484c   0x00000036   Code   RO          717    i.response_param    ota_protocol.o
    0x1fff4882   COMPRESSED   0x00000002   PAD
    0x1fff4884   0x1fff4884   0x00000028   Code   RO         1923    i.rf_calibrate1     rf.lib(rf_phy_driver.o)
    0x1fff48ac   0x1fff48ac   0x00000118   Code   RO         1924    i.rf_phy_ana_cfg    rf.lib(rf_phy_driver.o)
    0x1fff49c4   0x1fff49c4   0x000001a0   Code   RO         1925    i.rf_phy_bb_cfg     rf.lib(rf_phy_driver.o)
    0x1fff4b64   0x1fff4b64   0x00000094   Code   RO         1926    i.rf_phy_change_cfg0  rf.lib(rf_phy_driver.o)
    0x1fff4bf8   0x1fff4bf8   0x0000003c   Code   RO         1942    i.rf_phy_ini        rf.lib(rf_phy_driver.o)
    0x1fff4c34   0x1fff4c34   0x00000074   Code   RO         1943    i.rf_phy_set_txPower  rf.lib(rf_phy_driver.o)
    0x1fff4ca8   0x1fff4ca8   0x00000120   Code   RO         1944    i.rf_rxDcoc_cfg     rf.lib(rf_phy_driver.o)
    0x1fff4dc8   0x1fff4dc8   0x0000004c   Code   RO         1947    i.rf_tpCal_gen_cap_arrary  rf.lib(rf_phy_driver.o)
    0x1fff4e14   0x1fff4e14   0x00000118   Code   RO         1948    i.rf_tp_cal         rf.lib(rf_phy_driver.o)
    0x1fff4f2c   0x1fff4f2c   0x0000001a   Code   RO          718    i.run_fct           ota_protocol.o
    0x1fff4f46   COMPRESSED   0x00000002   PAD
    0x1fff4f48   0x1fff4f48   0x00000088   Code   RO          719    i.sector_crypto     ota_protocol.o
    0x1fff4fd0   0x1fff4fd0   0x00000018   Code   RO          720    i.start_timer       ota_protocol.o
    0x1fff4fe8   0x1fff4fe8   0x00000084   Code   RO          721    i.validate_partition_parameter  ota_protocol.o
    0x1fff506c   0x1fff506c   0x00000020   Code   RO         2025    i.verify_mic        rf.lib(phy_sec_ext.o)
    0x1fff508c   0x1fff508c   0x000000f4   Code   RO         1855    i.wakeup_init1      rf.lib(patch.o)
    0x1fff5180   0x1fff5180   0x00000088   Code   RO          722    i.write_app_boot_sector  ota_protocol.o
    0x1fff5208   0x1fff5208   0x0000001e   Data   RO            8    .constdata          main.o
    0x1fff5226   0x1fff5226   0x00000010   Data   RO          643    .constdata          ota_service.o
    0x1fff5236   0x1fff5236   0x00000010   Data   RO          644    .constdata          ota_service.o
    0x1fff5246   0x1fff5246   0x00000010   Data   RO          645    .constdata          ota_service.o
    0x1fff5256   0x1fff5256   0x00000010   Data   RO          646    .constdata          ota_service.o
    0x1fff5266   COMPRESSED   0x00000002   PAD
    0x1fff5268   0x1fff5268   0x00000008   Data   RO          647    .constdata          ota_service.o
    0x1fff5270   0x1fff5270   0x0000000c   Data   RO          648    .constdata          ota_service.o
    0x1fff527c   0x1fff527c   0x00000024   Data   RO          953    .constdata          osal_ota.o
    0x1fff52a0   0x1fff52a0   0x00000001   Data   RO          954    .constdata          osal_ota.o
    0x1fff52a1   COMPRESSED   0x00000003   PAD
    0x1fff52a4   0x1fff52a4   0x0000000c   Data   RO         1323    .constdata          uart.o
    0x1fff52b0   0x1fff52b0   0x00000011   Data   RO         2028    .conststring        rf.lib(phy_sec_ext.o)
    0x1fff52c1   COMPRESSED   0x00000003   PAD
    0x1fff52c4   0x1fff52c4   0x00000080   Data   RO         2847    Region$$Table       anon$$obj.o
    0x1fff5344   COMPRESSED   0x00000001   Data   RW            9    .data               main.o
    0x1fff5345   COMPRESSED   0x00000003   PAD
    0x1fff5348   COMPRESSED   0x00000060   Data   RW          215    .data               gattservapp.o
    0x1fff53a8   COMPRESSED   0x00000001   Data   RW          216    .data               gattservapp.o
    0x1fff53a9   COMPRESSED   0x00000003   PAD
    0x1fff53ac   COMPRESSED   0x00000080   Data   RW          467    .data               gapgattserver.o
    0x1fff542c   COMPRESSED   0x00000001   Data   RW          468    .data               gapgattserver.o
    0x1fff542d   COMPRESSED   0x00000001   Data   RW          469    .data               gapgattserver.o
    0x1fff542e   COMPRESSED   0x00000001   Data   RW          470    .data               gapgattserver.o
    0x1fff542f   COMPRESSED   0x00000001   PAD
    0x1fff5430   COMPRESSED   0x00000061   Data   RW          549    .data               peripheral.o
    0x1fff5491   COMPRESSED   0x00000001   Data   RW          649    .data               ota_service.o
    0x1fff5492   COMPRESSED   0x00000001   Data   RW          650    .data               ota_service.o
    0x1fff5493   COMPRESSED   0x00000001   Data   RW          651    .data               ota_service.o
    0x1fff5494   COMPRESSED   0x00000001   Data   RW          652    .data               ota_service.o
    0x1fff5495   COMPRESSED   0x00000001   Data   RW          653    .data               ota_service.o
    0x1fff5496   COMPRESSED   0x00000001   Data   RW          654    .data               ota_service.o
    0x1fff5497   COMPRESSED   0x00000001   PAD
    0x1fff5498   COMPRESSED   0x0000008c   Data   RW          655    .data               ota_service.o
    0x1fff5524   COMPRESSED   0x00000006   Data   RW          725    .data               ota_protocol.o
    0x1fff552a   COMPRESSED   0x00000002   PAD
    0x1fff552c   COMPRESSED   0x00000004   Data   RW          917    .data               jump_table.o
    0x1fff5530   COMPRESSED   0x00000004   Data   RW          955    .data               osal_ota.o
    0x1fff5534   COMPRESSED   0x0000003a   Data   RW         1009    .data               ota.o
    0x1fff556e   COMPRESSED   0x00000002   PAD
    0x1fff5570   COMPRESSED   0x0000001c   Data   RW         1542    .data               flash.o
    0x1fff558c   COMPRESSED   0x00000018   Data   RW         1652    .data               pwrmgr.o
    0x1fff55a4   COMPRESSED   0x00000004   Data   RW         1767    .data               system_armcm0.o
    0x1fff55a8   COMPRESSED   0x00000018   Data   RW         1859    .data               rf.lib(patch.o)
    0x1fff55c0   COMPRESSED   0x00000008   Data   RW         1950    .data               rf.lib(rf_phy_driver.o)
    0x1fff55c8   COMPRESSED   0x00000004   Data   RW         2029    .data               rf.lib(phy_sec_ext.o)
    0x1fff55cc   COMPRESSED   0x00000001   Data   RW         2030    .data               rf.lib(phy_sec_ext.o)
    0x1fff55cd   COMPRESSED   0x00000001   PAD
    0x1fff55ce   COMPRESSED   0x00000008   Data   RW         2132    .data               ble_host.lib(att_util.o)
    0x1fff55d6   COMPRESSED   0x00000004   Data   RW         2133    .data               ble_host.lib(att_util.o)
    0x1fff55da   COMPRESSED   0x0000005a   Data   RW         2215    .data               ble_host.lib(gap_configmgr.o)
    0x1fff5634   COMPRESSED   0x00000010   Data   RW         2262    .data               ble_host.lib(gap_linkmgr.o)
    0x1fff5644   COMPRESSED   0x0000001c   Data   RW         2312    .data               ble_host.lib(gap_peridevmgr.o)
    0x1fff5660   COMPRESSED   0x0000000c   Data   RW         2348    .data               ble_host.lib(gap_task.o)
    0x1fff566c   COMPRESSED   0x00000010   Data   RW         2392    .data               ble_host.lib(gatt_server.o)
    0x1fff567c   COMPRESSED   0x0000000c   Data   RW         2437    .data               ble_host.lib(gatt_task.o)
    0x1fff5688   COMPRESSED   0x00000001   Data   RW         2469    .data               ble_host.lib(l2cap_if.o)
    0x1fff5689   COMPRESSED   0x00000001   Data   RW         2490    .data               ble_host.lib(l2cap_task.o)
    0x1fff568a   COMPRESSED   0x00000002   PAD
    0x1fff568c   COMPRESSED   0x0000000c   Data   RW         2542    .data               ble_host.lib(sm_rsppairing.o)
    0x1fff5698   COMPRESSED   0x00000001   Data   RW         2564    .data               ble_host.lib(sm_task.o)
    0x1fff5699   COMPRESSED   0x00000003   PAD
    0x1fff569c   COMPRESSED   0x00000008   Data   RW         2579    .data               ble_host.lib(gap_devmgr.o)
    0x1fff56a4   COMPRESSED   0x00000004   Data   RW         2624    .data               ble_host.lib(l2cap_util.o)
    0x1fff56a8   COMPRESSED   0x00000004   Data   RW         2690    .data               ble_host.lib(sm_mgr.o)
    0x1fff56ac   COMPRESSED   0x0000000c   Data   RW         2748    .data               ble_host.lib(sm_pairing.o)
    0x1fff56b8   COMPRESSED   0x0000000e   Data   RW         1653    _section_standby_code_  pwrmgr.o
    0x1fff56c6   COMPRESSED   0x00000002   PAD
    0x1fff56c8   COMPRESSED   0x00002000   Data   RW           11    large_heap_buffer_area  main.o
    0x1fff76c8        -       0x00000cfc   Zero   RW            7    .bss                main.o
    0x1fff83c4        -       0x000002e8   Zero   RW          212    .bss                gattservapp.o
    0x1fff86ac        -       0x00000016   Zero   RW          464    .bss                gapgattserver.o
    0x1fff86c2        -       0x0000003f   Zero   RW          548    .bss                peripheral.o
    0x1fff8701   COMPRESSED   0x00000003   PAD
    0x1fff8704        -       0x00000300   Zero   RW          724    .bss                ota_protocol.o
    0x1fff8a04        -       0x0000012c   Zero   RW         1086    .bss                gpio.o
    0x1fff8b30        -       0x00000040   Zero   RW         1322    .bss                uart.o
    0x1fff8b70        -       0x00000078   Zero   RW         1651    .bss                pwrmgr.o
    0x1fff8be8        -       0x00000020   Zero   RW         1856    .bss                rf.lib(patch.o)
    0x1fff8c08        -       0x00000010   Zero   RW         2026    .bss                rf.lib(phy_sec_ext.o)
    0x1fff8c18        -       0x0000001c   Zero   RW         2214    .bss                ble_host.lib(gap_configmgr.o)
    0x1fff8c34        -       0x0000002e   Zero   RW         2489    .bss                ble_host.lib(l2cap_task.o)
    0x1fff8c62   COMPRESSED   0x00000002   PAD
    0x1fff8c64        -       0x0000003c   Zero   RW         2512    .bss                ble_host.lib(linkdb.o)
    0x1fff8ca0        -       0x0000000f   Zero   RW         2541    .bss                ble_host.lib(sm_rsppairing.o)
    0x1fff8caf   COMPRESSED   0x00000001   PAD
    0x1fff8cb0        -       0x000000a0   Zero   RW         2623    .bss                ble_host.lib(l2cap_util.o)
    0x1fff8d50        -       0x0000000f   Zero   RW         2688    .bss                ble_host.lib(sm_mgr.o)



  Load Region LR_ROM_XIP (Base: 0x1100a000, Size: 0x00006a94, Max: 0x00007000, ABSOLUTE)

    Execution Region ER_ROM_XIP (Exec base: 0x1100a000, Load base: 0x1100a000, Size: 0x00006a94, Max: 0x00007000, ABSOLUTE)

    Exec Addr    Load Addr    Size         Type   Attr      Idx    E Section Name        Object

    0x1100a000   0x1100a000   0x0000000c   Ven    RO         2973    Veneer$$Code        anon$$obj.o
    0x1100a00c   0x1100a00c   0x0000000c   Ven    RO         2974    Veneer$$Code        anon$$obj.o
    0x1100a018   0x1100a018   0x0000000c   Ven    RO         2975    Veneer$$Code        anon$$obj.o
    0x1100a024   0x1100a024   0x0000000c   Ven    RO         2976    Veneer$$Code        anon$$obj.o
    0x1100a030   0x1100a030   0x0000000c   Ven    RO         2977    Veneer$$Code        anon$$obj.o
    0x1100a03c   0x1100a03c   0x0000000c   Ven    RO         2978    Veneer$$Code        anon$$obj.o
    0x1100a048   0x1100a048   0x0000000c   Ven    RO         2979    Veneer$$Code        anon$$obj.o
    0x1100a054   0x1100a054   0x0000000c   Ven    RO         2980    Veneer$$Code        anon$$obj.o
    0x1100a060   0x1100a060   0x0000000c   Ven    RO         2981    Veneer$$Code        anon$$obj.o
    0x1100a06c   0x1100a06c   0x0000000c   Ven    RO         2982    Veneer$$Code        anon$$obj.o
    0x1100a078   0x1100a078   0x0000000c   Ven    RO         2983    Veneer$$Code        anon$$obj.o
    0x1100a084   0x1100a084   0x0000000c   Ven    RO         2984    Veneer$$Code        anon$$obj.o
    0x1100a090   0x1100a090   0x0000000c   Ven    RO         2985    Veneer$$Code        anon$$obj.o
    0x1100a09c   0x1100a09c   0x0000000c   Ven    RO         2986    Veneer$$Code        anon$$obj.o
    0x1100a0a8   0x1100a0a8   0x0000000c   Ven    RO         2987    Veneer$$Code        anon$$obj.o
    0x1100a0b4   0x1100a0b4   0x0000000c   Ven    RO         2988    Veneer$$Code        anon$$obj.o
    0x1100a0c0   0x1100a0c0   0x0000000c   Ven    RO         2989    Veneer$$Code        anon$$obj.o
    0x1100a0cc   0x1100a0cc   0x0000000c   Ven    RO         2990    Veneer$$Code        anon$$obj.o
    0x1100a0d8   0x1100a0d8   0x0000000c   Ven    RO         2991    Veneer$$Code        anon$$obj.o
    0x1100a0e4   0x1100a0e4   0x0000000c   Ven    RO         2992    Veneer$$Code        anon$$obj.o
    0x1100a0f0   0x1100a0f0   0x0000000c   Ven    RO         2993    Veneer$$Code        anon$$obj.o
    0x1100a0fc   0x1100a0fc   0x0000000c   Ven    RO         2994    Veneer$$Code        anon$$obj.o
    0x1100a108   0x1100a108   0x0000000c   Ven    RO         2995    Veneer$$Code        anon$$obj.o
    0x1100a114   0x1100a114   0x0000000c   Ven    RO         2996    Veneer$$Code        anon$$obj.o
    0x1100a120   0x1100a120   0x0000000c   Ven    RO         2997    Veneer$$Code        anon$$obj.o
    0x1100a12c   0x1100a12c   0x0000000c   Ven    RO         2998    Veneer$$Code        anon$$obj.o
    0x1100a138   0x1100a138   0x0000000c   Ven    RO         2999    Veneer$$Code        anon$$obj.o
    0x1100a144   0x1100a144   0x0000000c   Ven    RO         3000    Veneer$$Code        anon$$obj.o
    0x1100a150   0x1100a150   0x0000000c   Ven    RO         3001    Veneer$$Code        anon$$obj.o
    0x1100a15c   0x1100a15c   0x0000000c   Ven    RO         3002    Veneer$$Code        anon$$obj.o
    0x1100a168   0x1100a168   0x0000000c   Ven    RO         3003    Veneer$$Code        anon$$obj.o
    0x1100a174   0x1100a174   0x0000000c   Ven    RO         3004    Veneer$$Code        anon$$obj.o
    0x1100a180   0x1100a180   0x0000000c   Ven    RO         3005    Veneer$$Code        anon$$obj.o
    0x1100a18c   0x1100a18c   0x0000000c   Ven    RO         3006    Veneer$$Code        anon$$obj.o
    0x1100a198   0x1100a198   0x0000000c   Ven    RO         3007    Veneer$$Code        anon$$obj.o
    0x1100a1a4   0x1100a1a4   0x0000000c   Ven    RO         3008    Veneer$$Code        anon$$obj.o
    0x1100a1b0   0x1100a1b0   0x0000000c   Ven    RO         3009    Veneer$$Code        anon$$obj.o
    0x1100a1bc   0x1100a1bc   0x0000000c   Ven    RO         3010    Veneer$$Code        anon$$obj.o
    0x1100a1c8   0x1100a1c8   0x0000000c   Ven    RO         3011    Veneer$$Code        anon$$obj.o
    0x1100a1d4   0x1100a1d4   0x0000000c   Ven    RO         3012    Veneer$$Code        anon$$obj.o
    0x1100a1e0   0x1100a1e0   0x0000000c   Ven    RO         3013    Veneer$$Code        anon$$obj.o
    0x1100a1ec   0x1100a1ec   0x0000000c   Ven    RO         3014    Veneer$$Code        anon$$obj.o
    0x1100a1f8   0x1100a1f8   0x0000000c   Ven    RO         3015    Veneer$$Code        anon$$obj.o
    0x1100a204   0x1100a204   0x0000000c   Ven    RO         3016    Veneer$$Code        anon$$obj.o
    0x1100a210   0x1100a210   0x0000000c   Ven    RO         3017    Veneer$$Code        anon$$obj.o
    0x1100a21c   0x1100a21c   0x0000000c   Ven    RO         3018    Veneer$$Code        anon$$obj.o
    0x1100a228   0x1100a228   0x0000000c   Ven    RO         3019    Veneer$$Code        anon$$obj.o
    0x1100a234   0x1100a234   0x0000000c   Ven    RO         3020    Veneer$$Code        anon$$obj.o
    0x1100a240   0x1100a240   0x0000000c   Ven    RO         3021    Veneer$$Code        anon$$obj.o
    0x1100a24c   0x1100a24c   0x0000000c   Ven    RO         3022    Veneer$$Code        anon$$obj.o
    0x1100a258   0x1100a258   0x0000000c   Ven    RO         3023    Veneer$$Code        anon$$obj.o
    0x1100a264   0x1100a264   0x0000000c   Ven    RO         3024    Veneer$$Code        anon$$obj.o
    0x1100a270   0x1100a270   0x0000000c   Ven    RO         3025    Veneer$$Code        anon$$obj.o
    0x1100a27c   0x1100a27c   0x0000000c   Ven    RO         3026    Veneer$$Code        anon$$obj.o
    0x1100a288   0x1100a288   0x0000000c   Ven    RO         3027    Veneer$$Code        anon$$obj.o
    0x1100a294   0x1100a294   0x0000000c   Ven    RO         3028    Veneer$$Code        anon$$obj.o
    0x1100a2a0   0x1100a2a0   0x0000000c   Ven    RO         3029    Veneer$$Code        anon$$obj.o
    0x1100a2ac   0x1100a2ac   0x0000000c   Ven    RO         3030    Veneer$$Code        anon$$obj.o
    0x1100a2b8   0x1100a2b8   0x0000000c   Ven    RO         3031    Veneer$$Code        anon$$obj.o
    0x1100a2c4   0x1100a2c4   0x000003b4   Code   RO         1803    _section_xip_code_  rf.lib(patch.o)
    0x1100a678   0x1100a678   0x00000016   Code   RO         2075    i.ATT_BuildErrorRsp  ble_host.lib(att_util.o)
    0x1100a68e   0x1100a68e   0x0000000e   Code   RO         2077    i.ATT_BuildExchangeMTURsp  ble_host.lib(att_util.o)
    0x1100a69c   0x1100a69c   0x00000030   Code   RO         2080    i.ATT_BuildFindByTypeValueRsp  ble_host.lib(att_util.o)
    0x1100a6cc   0x1100a6cc   0x0000006c   Code   RO         2082    i.ATT_BuildFindInfoRsp  ble_host.lib(att_util.o)
    0x1100a738   0x1100a738   0x00000020   Code   RO         2083    i.ATT_BuildHandleValueInd  ble_host.lib(att_util.o)
    0x1100a758   0x1100a758   0x0000002a   Code   RO         2085    i.ATT_BuildPrepareWriteRsp  ble_host.lib(att_util.o)
    0x1100a782   0x1100a782   0x00000010   Code   RO         2087    i.ATT_BuildReadBlobRsp  ble_host.lib(att_util.o)
    0x1100a792   0x1100a792   0x0000001a   Code   RO         2088    i.ATT_BuildReadByGrpTypeRsp  ble_host.lib(att_util.o)
    0x1100a7ac   0x1100a7ac   0x0000001a   Code   RO         2090    i.ATT_BuildReadByTypeRsp  ble_host.lib(att_util.o)
    0x1100a7c6   0x1100a7c6   0x00000010   Code   RO         2092    i.ATT_BuildReadMultiRsp  ble_host.lib(att_util.o)
    0x1100a7d6   0x1100a7d6   0x00000010   Code   RO         2094    i.ATT_BuildReadRsp  ble_host.lib(att_util.o)
    0x1100a7e6   0x1100a7e6   0x0000004a   Code   RO         2096    i.ATT_CompareUUID   ble_host.lib(att_util.o)
    0x1100a830   0x1100a830   0x0000002c   Code   RO         2097    i.ATT_ConvertUUIDto128  ble_host.lib(att_util.o)
    0x1100a85c   0x1100a85c   0x00000014   Code   RO         2043    i.ATT_ErrorRsp      ble_host.lib(att_server.o)
    0x1100a870   0x1100a870   0x00000040   Code   RO         2044    i.ATT_ExchangeMTURsp  ble_host.lib(att_server.o)
    0x1100a8b0   0x1100a8b0   0x0000000e   Code   RO         2045    i.ATT_ExecuteWriteRsp  ble_host.lib(att_server.o)
    0x1100a8be   0x1100a8be   0x00000002   PAD
    0x1100a8c0   0x1100a8c0   0x0000001c   Code   RO         2046    i.ATT_FindByTypeValueRsp  ble_host.lib(att_server.o)
    0x1100a8dc   0x1100a8dc   0x00000028   Code   RO         2047    i.ATT_FindInfoRsp   ble_host.lib(att_server.o)
    0x1100a904   0x1100a904   0x0000000c   Code   RO         2099    i.ATT_GetCurrentMTUSize  ble_host.lib(att_util.o)
    0x1100a910   0x1100a910   0x00000014   Code   RO         2049    i.ATT_HandleValueNoti  ble_host.lib(att_server.o)
    0x1100a924   0x1100a924   0x0000000c   Code   RO         2101    i.ATT_InitMtuSize   ble_host.lib(att_util.o)
    0x1100a930   0x1100a930   0x00000018   Code   RO         2103    i.ATT_ParseExchangeMTUReq  ble_host.lib(att_util.o)
    0x1100a948   0x1100a948   0x00000012   Code   RO         2105    i.ATT_ParseExecuteWriteReq  ble_host.lib(att_util.o)
    0x1100a95a   0x1100a95a   0x00000048   Code   RO         2107    i.ATT_ParseFindByTypeValueReq  ble_host.lib(att_util.o)
    0x1100a9a2   0x1100a9a2   0x00000022   Code   RO         2109    i.ATT_ParseFindInfoReq  ble_host.lib(att_util.o)
    0x1100a9c4   0x1100a9c4   0x0000005e   Code   RO         2113    i.ATT_ParsePacket   ble_host.lib(att_util.o)
    0x1100aa22   0x1100aa22   0x00000038   Code   RO         2114    i.ATT_ParsePrepareWriteReq  ble_host.lib(att_util.o)
    0x1100aa5a   0x1100aa5a   0x00000022   Code   RO         2116    i.ATT_ParseReadBlobReq  ble_host.lib(att_util.o)
    0x1100aa7c   0x1100aa7c   0x0000003c   Code   RO         2119    i.ATT_ParseReadByTypeReq  ble_host.lib(att_util.o)
    0x1100aab8   0x1100aab8   0x00000044   Code   RO         2121    i.ATT_ParseReadMultiReq  ble_host.lib(att_util.o)
    0x1100aafc   0x1100aafc   0x00000018   Code   RO         2123    i.ATT_ParseReadReq  ble_host.lib(att_util.o)
    0x1100ab14   0x1100ab14   0x00000042   Code   RO         2125    i.ATT_ParseWriteReq  ble_host.lib(att_util.o)
    0x1100ab56   0x1100ab56   0x00000002   PAD
    0x1100ab58   0x1100ab58   0x00000014   Code   RO         2050    i.ATT_PrepareWriteRsp  ble_host.lib(att_server.o)
    0x1100ab6c   0x1100ab6c   0x00000014   Code   RO         2051    i.ATT_ReadBlobRsp   ble_host.lib(att_server.o)
    0x1100ab80   0x1100ab80   0x0000001c   Code   RO         2052    i.ATT_ReadByGrpTypeRsp  ble_host.lib(att_server.o)
    0x1100ab9c   0x1100ab9c   0x0000001c   Code   RO         2053    i.ATT_ReadByTypeRsp  ble_host.lib(att_server.o)
    0x1100abb8   0x1100abb8   0x00000014   Code   RO         2054    i.ATT_ReadMultiRsp  ble_host.lib(att_server.o)
    0x1100abcc   0x1100abcc   0x00000014   Code   RO         2055    i.ATT_ReadRsp       ble_host.lib(att_server.o)
    0x1100abe0   0x1100abe0   0x0000002c   Code   RO         2127    i.ATT_SetMTUSizeMax  ble_host.lib(att_util.o)
    0x1100ac0c   0x1100ac0c   0x00000018   Code   RO         2129    i.ATT_UpdateMtuSize  ble_host.lib(att_util.o)
    0x1100ac24   0x1100ac24   0x0000000e   Code   RO         2056    i.ATT_WriteRsp      ble_host.lib(att_server.o)
    0x1100ac32   0x1100ac32   0x00000002   PAD
    0x1100ac34   0x1100ac34   0x000000e8   Code   RO          537    i.GAPRole_GetParameter  peripheral.o
    0x1100ad1c   0x1100ad1c   0x00000044   Code   RO          538    i.GAPRole_Init      peripheral.o
    0x1100ad60   0x1100ad60   0x000000f4   Code   RO          539    i.GAPRole_ProcessEvent  peripheral.o
    0x1100ae54   0x1100ae54   0x00000058   Code   RO          541    i.GAPRole_SendUpdateParam  peripheral.o
    0x1100aeac   0x1100aeac   0x00000214   Code   RO          542    i.GAPRole_SetParameter  peripheral.o
    0x1100b0c0   0x1100b0c0   0x00000038   Code   RO          543    i.GAPRole_StartDevice  peripheral.o
    0x1100b0f8   0x1100b0f8   0x00000020   Code   RO          544    i.GAPRole_TerminateConnection  peripheral.o
    0x1100b118   0x1100b118   0x0000003e   Code   RO          426    i.GAP_DeviceInit    gap.o
    0x1100b156   0x1100b156   0x00000002   PAD
    0x1100b158   0x1100b158   0x00000054   Code   RO         2289    i.GAP_EndDiscoverable  ble_host.lib(gap_peridevmgr.o)
    0x1100b1ac   0x1100b1ac   0x00000018   Code   RO         2195    i.GAP_GetParamValue  ble_host.lib(gap_configmgr.o)
    0x1100b1c4   0x1100b1c4   0x00000020   Code   RO         2340    i.GAP_Init          ble_host.lib(gap_task.o)
    0x1100b1e4   0x1100b1e4   0x000000c0   Code   RO         2291    i.GAP_MakeDiscoverable  ble_host.lib(gap_peridevmgr.o)
    0x1100b2a4   0x1100b2a4   0x00000008   Code   RO         2341    i.GAP_NumActiveConnections  ble_host.lib(gap_task.o)
    0x1100b2ac   0x1100b2ac   0x00000038   Code   RO         2196    i.GAP_ParamsInit    ble_host.lib(gap_configmgr.o)
    0x1100b2e4   0x1100b2e4   0x00000048   Code   RO         2292    i.GAP_PeriDevMgrInit  ble_host.lib(gap_peridevmgr.o)
    0x1100b32c   0x1100b32c   0x000000e0   Code   RO         2342    i.GAP_ProcessEvent  ble_host.lib(gap_task.o)
    0x1100b40c   0x1100b40c   0x0000000c   Code   RO         2343    i.GAP_RegisterForHCIMsgs  ble_host.lib(gap_task.o)
    0x1100b418   0x1100b418   0x00000040   Code   RO         2197    i.GAP_SecParamsInit  ble_host.lib(gap_configmgr.o)
    0x1100b458   0x1100b458   0x00000020   Code   RO         2198    i.GAP_SetParamValue  ble_host.lib(gap_configmgr.o)
    0x1100b478   0x1100b478   0x00000080   Code   RO         2246    i.GAP_TerminateLinkReq  ble_host.lib(gap_linkmgr.o)
    0x1100b4f8   0x1100b4f8   0x00000074   Code   RO         2296    i.GAP_UpdateAdvertisingData  ble_host.lib(gap_peridevmgr.o)
    0x1100b56c   0x1100b56c   0x00000020   Code   RO          174    i.GATTServApp_AddService  gattservapp.o
    0x1100b58c   0x1100b58c   0x0000004c   Code   RO          180    i.GATTServApp_Init  gattservapp.o
    0x1100b5d8   0x1100b5d8   0x00000030   Code   RO          181    i.GATTServApp_InitCharCfg  gattservapp.o
    0x1100b608   0x1100b608   0x00000058   Code   RO          182    i.GATTServApp_ProcessCCCWriteReq  gattservapp.o
    0x1100b660   0x1100b660   0x00000038   Code   RO          184    i.GATTServApp_ProcessEvent  gattservapp.o
    0x1100b698   0x1100b698   0x00000224   Code   RO          185    i.GATTServApp_ReadAttr  gattservapp.o
    0x1100b8bc   0x1100b8bc   0x0000000e   Code   RO          186    i.GATTServApp_ReadCharCfg  gattservapp.o
    0x1100b8ca   0x1100b8ca   0x00000002   PAD
    0x1100b8cc   0x1100b8cc   0x0000005c   Code   RO          188    i.GATTServApp_RegisterService  gattservapp.o
    0x1100b928   0x1100b928   0x00000038   Code   RO          189    i.GATTServApp_SendCCCUpdatedEvent  gattservapp.o
    0x1100b960   0x1100b960   0x0000003e   Code   RO          194    i.GATTServApp_WriteAttr  gattservapp.o
    0x1100b99e   0x1100b99e   0x00000002   PAD
    0x1100b9a0   0x1100b9a0   0x0000002c   Code   RO          195    i.GATTServApp_WriteCharCfg  gattservapp.o
    0x1100b9cc   0x1100b9cc   0x0000002e   Code   RO         2427    i.GATT_AppCompletedMsg  ble_host.lib(gatt_task.o)
    0x1100b9fa   0x1100b9fa   0x00000002   PAD
    0x1100b9fc   0x1100b9fc   0x0000004c   Code   RO         2362    i.GATT_FindHandle   ble_host.lib(gatt_server.o)
    0x1100ba48   0x1100ba48   0x00000064   Code   RO         2363    i.GATT_FindHandleUUID  ble_host.lib(gatt_server.o)
    0x1100baac   0x1100baac   0x00000094   Code   RO         2364    i.GATT_FindNextAttr  ble_host.lib(gatt_server.o)
    0x1100bb40   0x1100bb40   0x0000001c   Code   RO         2428    i.GATT_Init         ble_host.lib(gatt_task.o)
    0x1100bb5c   0x1100bb5c   0x00000048   Code   RO         2366    i.GATT_InitServer   ble_host.lib(gatt_server.o)
    0x1100bba4   0x1100bba4   0x0000002e   Code   RO         2367    i.GATT_Notification  ble_host.lib(gatt_server.o)
    0x1100bbd2   0x1100bbd2   0x00000002   PAD
    0x1100bbd4   0x1100bbd4   0x00000034   Code   RO         2429    i.GATT_ProcessEvent  ble_host.lib(gatt_task.o)
    0x1100bc08   0x1100bc08   0x0000000c   Code   RO         2368    i.GATT_RegisterForReq  ble_host.lib(gatt_server.o)
    0x1100bc14   0x1100bc14   0x000000a8   Code   RO         2369    i.GATT_RegisterService  ble_host.lib(gatt_server.o)
    0x1100bcbc   0x1100bcbc   0x00000020   Code   RO         2371    i.GATT_ServiceNumAttrs  ble_host.lib(gatt_server.o)
    0x1100bcdc   0x1100bcdc   0x00000012   Code   RO         2430    i.GATT_SetHostToAppFlowCtrl  ble_host.lib(gatt_task.o)
    0x1100bcee   0x1100bcee   0x00000026   Code   RO         2373    i.GATT_VerifyReadPermissions  ble_host.lib(gatt_server.o)
    0x1100bd14   0x1100bd14   0x00000042   Code   RO         2374    i.GATT_VerifyWritePermissions  ble_host.lib(gatt_server.o)
    0x1100bd56   0x1100bd56   0x00000002   PAD
    0x1100bd58   0x1100bd58   0x00000020   Code   RO          454    i.GGS_AddService    gapgattserver.o
    0x1100bd78   0x1100bd78   0x00000088   Code   RO          460    i.GGS_SetParameter  gapgattserver.o
    0x1100be00   0x1100be00   0x00000042   Code   RO         2590    i.L2CAP_BuildCmdReject  ble_host.lib(l2cap_util.o)
    0x1100be42   0x1100be42   0x00000002   PAD
    0x1100be44   0x1100be44   0x00000018   Code   RO         2459    i.L2CAP_CmdReject   ble_host.lib(l2cap_if.o)
    0x1100be5c   0x1100be5c   0x00000018   Code   RO         2460    i.L2CAP_ConnParamUpdateReq  ble_host.lib(l2cap_if.o)
    0x1100be74   0x1100be74   0x00000008   Code   RO         2594    i.L2CAP_Fragment_bm_alloc  ble_host.lib(l2cap_util.o)
    0x1100be7c   0x1100be7c   0x00000018   Code   RO         2463    i.L2CAP_HostNumCompletedPkts  ble_host.lib(l2cap_if.o)
    0x1100be94   0x1100be94   0x00000048   Code   RO         2484    i.L2CAP_Init        ble_host.lib(l2cap_task.o)
    0x1100bedc   0x1100bedc   0x00000034   Code   RO         2596    i.L2CAP_ParseParamUpdateReq  ble_host.lib(l2cap_util.o)
    0x1100bf10   0x1100bf10   0x00000034   Code   RO         2485    i.L2CAP_ProcessEvent  ble_host.lib(l2cap_task.o)
    0x1100bf44   0x1100bf44   0x00000024   Code   RO         2597    i.L2CAP_ReassemblePkt_Reset  ble_host.lib(l2cap_util.o)
    0x1100bf68   0x1100bf68   0x0000002c   Code   RO         2465    i.L2CAP_RegisterApp  ble_host.lib(l2cap_if.o)
    0x1100bf94   0x1100bf94   0x00000044   Code   RO         2598    i.L2CAP_SegmentPkt_Reset  ble_host.lib(l2cap_util.o)
    0x1100bfd8   0x1100bfd8   0x00000034   Code   RO         2466    i.L2CAP_SendData    ble_host.lib(l2cap_if.o)
    0x1100c00c   0x1100c00c   0x00000040   Code   RO         2468    i.L2CAP_SetControllerToHostFlowCtrl_DLE  ble_host.lib(l2cap_if.o)
    0x1100c04c   0x1100c04c   0x00000018   Code   RO         2599    i.L2CAP_bm_alloc    ble_host.lib(l2cap_util.o)
    0x1100c064   0x1100c064   0x00000044   Code   RO         2663    i.SM_CalcRandomAddr  ble_host.lib(sm_mgr.o)
    0x1100c0a8   0x1100c0a8   0x0000009a   Code   RO         2665    i.SM_GenerateAuthenSig  ble_host.lib(sm_mgr.o)
    0x1100c142   0x1100c142   0x00000002   PAD
    0x1100c144   0x1100c144   0x00000024   Code   RO         2559    i.SM_Init           ble_host.lib(sm_task.o)
    0x1100c168   0x1100c168   0x00000048   Code   RO         2560    i.SM_ProcessEvent   ble_host.lib(sm_task.o)
    0x1100c1b0   0x1100c1b0   0x00000020   Code   RO         2529    i.SM_ResponderInit  ble_host.lib(sm_rsppairing.o)
    0x1100c1d0   0x1100c1d0   0x000000ce   Code   RO         2668    i.SM_VerifyAuthenSig  ble_host.lib(sm_mgr.o)
    0x1100c29e   0x1100c29e   0x00000002   PAD
    0x1100c2a0   0x1100c2a0   0x00000018   Code   RO         1056    i.__NVIC_EnableIRQ  gpio.o
    0x1100c2b8   0x1100c2b8   0x00000044   Code   RO         1057    i.__NVIC_SetPriority  gpio.o
    0x1100c2fc   0x1100c2fc   0x0000007c   Code   RO         2130    i.attSendMsg        ble_host.lib(att_util.o)
    0x1100c378   0x1100c378   0x0000001a   Code   RO         2247    i.disconnectNext    ble_host.lib(gap_linkmgr.o)
    0x1100c392   0x1100c392   0x00000032   Code   RO         2199    i.gapAddAddrAdj     ble_host.lib(gap_configmgr.o)
    0x1100c3c4   0x1100c3c4   0x00000054   Code   RO         2298    i.gapAllocAdvRecs   ble_host.lib(gap_peridevmgr.o)
    0x1100c418   0x1100c418   0x0000001e   Code   RO         2200    i.gapDetermineAddrType  ble_host.lib(gap_configmgr.o)
    0x1100c436   0x1100c436   0x00000048   Code   RO         2575    i.gapFindADType     ble_host.lib(gap_devmgr.o)
    0x1100c47e   0x1100c47e   0x00000002   PAD
    0x1100c480   0x1100c480   0x00000018   Code   RO         2303    i.gapFreeAdvertState  ble_host.lib(gap_peridevmgr.o)
    0x1100c498   0x1100c498   0x00000040   Code   RO         2248    i.gapFreeAuthLink   ble_host.lib(gap_linkmgr.o)
    0x1100c4d8   0x1100c4d8   0x00000018   Code   RO         2249    i.gapFreeEstLink    ble_host.lib(gap_linkmgr.o)
    0x1100c4f0   0x1100c4f0   0x0000001c   Code   RO         2201    i.gapGetDevAddress  ble_host.lib(gap_configmgr.o)
    0x1100c50c   0x1100c50c   0x0000000c   Code   RO         2202    i.gapGetDevAddressMode  ble_host.lib(gap_configmgr.o)
    0x1100c518   0x1100c518   0x0000000c   Code   RO         2203    i.gapGetIRK         ble_host.lib(gap_configmgr.o)
    0x1100c524   0x1100c524   0x0000000c   Code   RO         2204    i.gapGetSRK         ble_host.lib(gap_configmgr.o)
    0x1100c530   0x1100c530   0x0000000c   Code   RO         2205    i.gapGetSignCounter  ble_host.lib(gap_configmgr.o)
    0x1100c53c   0x1100c53c   0x00000028   Code   RO         2206    i.gapIncSignCounter  ble_host.lib(gap_configmgr.o)
    0x1100c564   0x1100c564   0x00000010   Code   RO         2576    i.gapIsAdvertising  ble_host.lib(gap_devmgr.o)
    0x1100c574   0x1100c574   0x0000012c   Code   RO         2250    i.gapPairingCompleteCB  ble_host.lib(gap_linkmgr.o)
    0x1100c6a0   0x1100c6a0   0x00000064   Code   RO         2251    i.gapPasskeyNeededCB  ble_host.lib(gap_linkmgr.o)
    0x1100c704   0x1100c704   0x00000090   Code   RO         2304    i.gapPeriProcessHCICmdCompleteEvt  ble_host.lib(gap_peridevmgr.o)
    0x1100c794   0x1100c794   0x00000080   Code   RO         2305    i.gapProcessAdvertisingEvt  ble_host.lib(gap_peridevmgr.o)
    0x1100c814   0x1100c814   0x00000014   Code   RO         2252    i.gapProcessConnUpdateCompleteEvt  ble_host.lib(gap_linkmgr.o)
    0x1100c828   0x1100c828   0x000000e0   Code   RO         2253    i.gapProcessConnectionCompleteEvt  ble_host.lib(gap_linkmgr.o)
    0x1100c908   0x1100c908   0x00000070   Code   RO         2254    i.gapProcessDisconnectCompleteEvt  ble_host.lib(gap_linkmgr.o)
    0x1100c978   0x1100c978   0x000000c0   Code   RO         2344    i.gapProcessHCICmdCompleteEvt  ble_host.lib(gap_task.o)
    0x1100ca38   0x1100ca38   0x0000002c   Code   RO         2207    i.gapProcessNewAddr  ble_host.lib(gap_configmgr.o)
    0x1100ca64   0x1100ca64   0x000000d4   Code   RO         2345    i.gapProcessOSALMsg  ble_host.lib(gap_task.o)
    0x1100cb38   0x1100cb38   0x0000006c   Code   RO         2208    i.gapProcessRandomAddrComplete  ble_host.lib(gap_configmgr.o)
    0x1100cba4   0x1100cba4   0x00000044   Code   RO         2209    i.gapReadBD_ADDRStatus  ble_host.lib(gap_configmgr.o)
    0x1100cbe8   0x1100cbe8   0x0000003c   Code   RO         2210    i.gapReadBufSizeCmdStatus  ble_host.lib(gap_configmgr.o)
    0x1100cc24   0x1100cc24   0x0000000c   Code   RO         2347    i.gapRegisterPeripheral  ble_host.lib(gap_task.o)
    0x1100cc30   0x1100cc30   0x000001f4   Code   RO          545    i.gapRole_ProcessGAPMsg  peripheral.o
    0x1100ce24   0x1100ce24   0x00000080   Code   RO          546    i.gapRole_ProcessOSALMsg  peripheral.o
    0x1100cea4   0x1100cea4   0x0000005c   Code   RO          547    i.gapRole_startConnUpdate  peripheral.o
    0x1100cf00   0x1100cf00   0x00000044   Code   RO         2256    i.gapSendBondCompleteEvent  ble_host.lib(gap_linkmgr.o)
    0x1100cf44   0x1100cf44   0x00000048   Code   RO         2211    i.gapSendDeviceInitDoneEvent  ble_host.lib(gap_configmgr.o)
    0x1100cf8c   0x1100cf8c   0x00000048   Code   RO         2257    i.gapSendLinkUpdateEvent  ble_host.lib(gap_linkmgr.o)
    0x1100cfd4   0x1100cfd4   0x0000003c   Code   RO         2306    i.gapSendMakeDiscEvent  ble_host.lib(gap_peridevmgr.o)
    0x1100d010   0x1100d010   0x0000005c   Code   RO         2258    i.gapSendPairingReqEvent  ble_host.lib(gap_linkmgr.o)
    0x1100d06c   0x1100d06c   0x00000088   Code   RO         2307    i.gapSetAdvParams   ble_host.lib(gap_peridevmgr.o)
    0x1100d0f4   0x1100d0f4   0x0000002c   Code   RO         2308    i.gapSetAdvParamsStatus  ble_host.lib(gap_peridevmgr.o)
    0x1100d120   0x1100d120   0x00000052   Code   RO         2213    i.gapUpdateConnSignCounter  ble_host.lib(gap_configmgr.o)
    0x1100d172   0x1100d172   0x00000012   Code   RO         2578    i.gapValidADType    ble_host.lib(gap_devmgr.o)
    0x1100d184   0x1100d184   0x00000030   Code   RO         2309    i.gapWriteAdvDataStatus  ble_host.lib(gap_peridevmgr.o)
    0x1100d1b4   0x1100d1b4   0x000000b8   Code   RO         2310    i.gapWriteAdvEnableStatus  ble_host.lib(gap_peridevmgr.o)
    0x1100d26c   0x1100d26c   0x00000024   Code   RO         2375    i.gattFindServerInfo  ble_host.lib(gatt_server.o)
    0x1100d290   0x1100d290   0x0000002c   Code   RO         2376    i.gattGetServerStatus  ble_host.lib(gatt_server.o)
    0x1100d2bc   0x1100d2bc   0x00000052   Code   RO         2431    i.gattNotifyEvent   ble_host.lib(gatt_task.o)
    0x1100d30e   0x1100d30e   0x00000002   PAD
    0x1100d310   0x1100d310   0x0000001c   Code   RO         2377    i.gattProcessExchangeMTUReq  ble_host.lib(gatt_server.o)
    0x1100d32c   0x1100d32c   0x00000004   Code   RO         2378    i.gattProcessExecuteWriteReq  ble_host.lib(gatt_server.o)
    0x1100d330   0x1100d330   0x0000002c   Code   RO         2379    i.gattProcessFindByTypeValueReq  ble_host.lib(gatt_server.o)
    0x1100d35c   0x1100d35c   0x000000e8   Code   RO         2380    i.gattProcessFindInfoReq  ble_host.lib(gatt_server.o)
    0x1100d444   0x1100d444   0x00000048   Code   RO         2381    i.gattProcessReadByGrpTypeReq  ble_host.lib(gatt_server.o)
    0x1100d48c   0x1100d48c   0x0000002c   Code   RO         2382    i.gattProcessReadByTypeReq  ble_host.lib(gatt_server.o)
    0x1100d4b8   0x1100d4b8   0x00000048   Code   RO         2383    i.gattProcessReadMultiReq  ble_host.lib(gatt_server.o)
    0x1100d500   0x1100d500   0x0000001e   Code   RO         2384    i.gattProcessReadReq  ble_host.lib(gatt_server.o)
    0x1100d51e   0x1100d51e   0x00000002   PAD
    0x1100d520   0x1100d520   0x00000094   Code   RO         2432    i.gattProcessRxData  ble_host.lib(gatt_task.o)
    0x1100d5b4   0x1100d5b4   0x00000022   Code   RO         2385    i.gattProcessWriteReq  ble_host.lib(gatt_server.o)
    0x1100d5d6   0x1100d5d6   0x00000002   PAD
    0x1100d5d8   0x1100d5d8   0x0000000c   Code   RO         2434    i.gattRegisterServer  ble_host.lib(gatt_task.o)
    0x1100d5e4   0x1100d5e4   0x00000010   Code   RO         2386    i.gattResetServerInfo  ble_host.lib(gatt_server.o)
    0x1100d5f4   0x1100d5f4   0x0000000e   Code   RO          196    i.gattServApp_FindAuthorizeAttrCB  gattservapp.o
    0x1100d602   0x1100d602   0x0000001c   Code   RO          197    i.gattServApp_FindCharCfgItem  gattservapp.o
    0x1100d61e   0x1100d61e   0x00000002   PAD
    0x1100d620   0x1100d620   0x00000024   Code   RO          198    i.gattServApp_FindPrepareWriteQ  gattservapp.o
    0x1100d644   0x1100d644   0x00000020   Code   RO          199    i.gattServApp_FindServiceCBs  gattservapp.o
    0x1100d664   0x1100d664   0x0000005c   Code   RO          200    i.gattServApp_HandleConnStatusCB  gattservapp.o
    0x1100d6c0   0x1100d6c0   0x00000088   Code   RO          201    i.gattServApp_ProcessExecuteWriteReq  gattservapp.o
    0x1100d748   0x1100d748   0x000000f4   Code   RO          202    i.gattServApp_ProcessFindByTypeValueReq  gattservapp.o
    0x1100d83c   0x1100d83c   0x0000015c   Code   RO          203    i.gattServApp_ProcessMsg  gattservapp.o
    0x1100d998   0x1100d998   0x000000a0   Code   RO          204    i.gattServApp_ProcessPrepareWriteReq  gattservapp.o
    0x1100da38   0x1100da38   0x00000158   Code   RO          205    i.gattServApp_ProcessReadByGrpTypeReq  gattservapp.o
    0x1100db90   0x1100db90   0x00000140   Code   RO          206    i.gattServApp_ProcessReadByTypeReq  gattservapp.o
    0x1100dcd0   0x1100dcd0   0x000000e0   Code   RO          207    i.gattServApp_ProcessReadMultiReq  gattservapp.o
    0x1100ddb0   0x1100ddb0   0x0000007a   Code   RO          208    i.gattServApp_ProcessWriteReq  gattservapp.o
    0x1100de2a   0x1100de2a   0x00000002   PAD
    0x1100de2c   0x1100de2c   0x0000000c   Code   RO          209    i.gattServApp_RegisterCB  gattservapp.o
    0x1100de38   0x1100de38   0x00000078   Code   RO          210    i.gattServApp_SetNumPrepareWrites  gattservapp.o
    0x1100deb0   0x1100deb0   0x00000034   Code   RO          211    i.gattServApp_WriteAttrCB  gattservapp.o
    0x1100dee4   0x1100dee4   0x00000080   Code   RO         2387    i.gattServerHandleConnStatusCB  ble_host.lib(gatt_server.o)
    0x1100df64   0x1100df64   0x000000d0   Code   RO         2389    i.gattServerProcessMsgCB  ble_host.lib(gatt_server.o)
    0x1100e034   0x1100e034   0x00000018   Code   RO         2390    i.gattServiceLastHandle  ble_host.lib(gatt_server.o)
    0x1100e04c   0x1100e04c   0x0000001a   Code   RO         2436    i.gattStopTimer     ble_host.lib(gatt_task.o)
    0x1100e066   0x1100e066   0x00000002   PAD
    0x1100e068   0x1100e068   0x00000098   Code   RO         2669    i.generate_subkey   ble_host.lib(sm_mgr.o)
    0x1100e100   0x1100e100   0x000000c2   Code   RO          461    i.ggs_ReadAttrCB    gapgattserver.o
    0x1100e1c2   0x1100e1c2   0x00000058   Code   RO          462    i.ggs_SetAttrWPermit  gapgattserver.o
    0x1100e21a   0x1100e21a   0x00000002   PAD
    0x1100e21c   0x1100e21c   0x000000e4   Code   RO          463    i.ggs_WriteAttrCB   gapgattserver.o
    0x1100e300   0x1100e300   0x00000018   Code   RO         1058    i.hal_GPIO_IRQHandler  gpio.o
    0x1100e318   0x1100e318   0x00000030   Code   RO         1059    i.hal_gpio_cfg_analog_io  gpio.o
    0x1100e348   0x1100e348   0x0000001c   Code   RO         1063    i.hal_gpio_fmux     gpio.o
    0x1100e364   0x1100e364   0x0000005c   Code   RO         1065    i.hal_gpio_init     gpio.o
    0x1100e3c0   0x1100e3c0   0x00000040   Code   RO         1066    i.hal_gpio_interrupt_enable  gpio.o
    0x1100e400   0x1100e400   0x0000001c   Code   RO         1067    i.hal_gpio_pin2pin3_control  gpio.o
    0x1100e41c   0x1100e41c   0x00000060   Code   RO         1068    i.hal_gpio_pin_init  gpio.o
    0x1100e47c   0x1100e47c   0x00000044   Code   RO         1069    i.hal_gpio_pull_set  gpio.o
    0x1100e4c0   0x1100e4c0   0x00000024   Code   RO         1070    i.hal_gpio_read     gpio.o
    0x1100e4e4   0x1100e4e4   0x0000005c   Code   RO         1071    i.hal_gpio_retention_enable  gpio.o
    0x1100e540   0x1100e540   0x00000048   Code   RO         1072    i.hal_gpio_sleep_handler  gpio.o
    0x1100e588   0x1100e588   0x00000044   Code   RO         1073    i.hal_gpio_wakeup_control  gpio.o
    0x1100e5cc   0x1100e5cc   0x00000088   Code   RO         1074    i.hal_gpio_wakeup_handler  gpio.o
    0x1100e654   0x1100e654   0x00000078   Code   RO         1075    i.hal_gpio_wakeup_set  gpio.o
    0x1100e6cc   0x1100e6cc   0x00000024   Code   RO         1076    i.hal_gpio_write    gpio.o
    0x1100e6f0   0x1100e6f0   0x00000064   Code   RO         1078    i.hal_gpioin_enable  gpio.o
    0x1100e754   0x1100e754   0x00000068   Code   RO         1079    i.hal_gpioin_event  gpio.o
    0x1100e7bc   0x1100e7bc   0x00000024   Code   RO         1080    i.hal_gpioin_event_pin  gpio.o
    0x1100e7e0   0x1100e7e0   0x0000002c   Code   RO         2311    i.isLimitedDiscoverableMode  ble_host.lib(gap_peridevmgr.o)
    0x1100e80c   0x1100e80c   0x00000038   Code   RO         2600    i.l2capAllocChannel  ble_host.lib(l2cap_util.o)
    0x1100e844   0x1100e844   0x0000002c   Code   RO         2604    i.l2capBuildParamUpdateReq  ble_host.lib(l2cap_util.o)
    0x1100e870   0x1100e870   0x000000b0   Code   RO         2605    i.l2capEncapSendData  ble_host.lib(l2cap_util.o)
    0x1100e920   0x1100e920   0x00000030   Code   RO         2606    i.l2capFindLocalId  ble_host.lib(l2cap_util.o)
    0x1100e950   0x1100e950   0x00000008   Code   RO         2607    i.l2capFreeChannel  ble_host.lib(l2cap_util.o)
    0x1100e958   0x1100e958   0x00000002   Code   RO         2608    i.l2capHandleRxError  ble_host.lib(l2cap_util.o)
    0x1100e95a   0x1100e95a   0x00000028   Code   RO         2609    i.l2capHandleTimerCB  ble_host.lib(l2cap_util.o)
    0x1100e982   0x1100e982   0x00000046   Code   RO         2610    i.l2capNotifyData   ble_host.lib(l2cap_util.o)
    0x1100e9c8   0x1100e9c8   0x0000004e   Code   RO         2611    i.l2capNotifySignal  ble_host.lib(l2cap_util.o)
    0x1100ea16   0x1100ea16   0x00000042   Code   RO         2612    i.l2capParseCmdReject  ble_host.lib(l2cap_util.o)
    0x1100ea58   0x1100ea58   0x000001a0   Code   RO         2615    i.l2capParsePacket  ble_host.lib(l2cap_util.o)
    0x1100ebf8   0x1100ebf8   0x00000016   Code   RO         2616    i.l2capParseParamUpdateRsp  ble_host.lib(l2cap_util.o)
    0x1100ec0e   0x1100ec0e   0x00000014   Code   RO         2617    i.l2capParseSignalHdr  ble_host.lib(l2cap_util.o)
    0x1100ec22   0x1100ec22   0x00000002   PAD
    0x1100ec24   0x1100ec24   0x00000104   Code   RO         2618    i.l2capPktToSegmentBuff  ble_host.lib(l2cap_util.o)
    0x1100ed28   0x1100ed28   0x00000068   Code   RO         2486    i.l2capProcessRsp   ble_host.lib(l2cap_task.o)
    0x1100ed90   0x1100ed90   0x00000094   Code   RO         2487    i.l2capProcessRxData  ble_host.lib(l2cap_task.o)
    0x1100ee24   0x1100ee24   0x000000a8   Code   RO         2488    i.l2capProcessSignal  ble_host.lib(l2cap_task.o)
    0x1100eecc   0x1100eecc   0x00000058   Code   RO         2619    i.l2capSarBufReset  ble_host.lib(l2cap_util.o)
    0x1100ef24   0x1100ef24   0x00000060   Code   RO         2620    i.l2capSendCmd      ble_host.lib(l2cap_util.o)
    0x1100ef84   0x1100ef84   0x0000007c   Code   RO         2621    i.l2capSendReq      ble_host.lib(l2cap_util.o)
    0x1100f000   0x1100f000   0x00000010   Code   RO         2622    i.l2capStopTimer    ble_host.lib(l2cap_util.o)
    0x1100f010   0x1100f010   0x0000001c   Code   RO         2670    i.leftshift_onebit  ble_host.lib(sm_mgr.o)
    0x1100f02c   0x1100f02c   0x00000058   Code   RO         2500    i.linkDB_Add        ble_host.lib(linkdb.o)
    0x1100f084   0x1100f084   0x0000004c   Code   RO         2501    i.linkDB_Authen     ble_host.lib(linkdb.o)
    0x1100f0d0   0x1100f0d0   0x00000028   Code   RO         2502    i.linkDB_Find       ble_host.lib(linkdb.o)
    0x1100f0f8   0x1100f0f8   0x00000038   Code   RO         2503    i.linkDB_FindFirst  ble_host.lib(linkdb.o)
    0x1100f130   0x1100f130   0x0000003c   Code   RO         2504    i.linkDB_Init       ble_host.lib(linkdb.o)
    0x1100f16c   0x1100f16c   0x00000024   Code   RO         2505    i.linkDB_NumActive  ble_host.lib(linkdb.o)
    0x1100f190   0x1100f190   0x00000024   Code   RO         2507    i.linkDB_Register   ble_host.lib(linkdb.o)
    0x1100f1b4   0x1100f1b4   0x00000036   Code   RO         2508    i.linkDB_Remove     ble_host.lib(linkdb.o)
    0x1100f1ea   0x1100f1ea   0x00000002   PAD
    0x1100f1ec   0x1100f1ec   0x00000024   Code   RO         2509    i.linkDB_State      ble_host.lib(linkdb.o)
    0x1100f210   0x1100f210   0x00000028   Code   RO         2511    i.reportStatusChange  ble_host.lib(linkdb.o)
    0x1100f238   0x1100f238   0x000000ec   Code   RO         2259    i.sendAuthEvent     ble_host.lib(gap_linkmgr.o)
    0x1100f324   0x1100f324   0x0000005a   Code   RO         2260    i.sendEstLinkEvent  ble_host.lib(gap_linkmgr.o)
    0x1100f37e   0x1100f37e   0x0000002a   Code   RO         2261    i.sendTerminateEvent  ble_host.lib(gap_linkmgr.o)
    0x1100f3a8   0x1100f3a8   0x00000018   Code   RO         2671    i.smAuthReqToUint8  ble_host.lib(sm_mgr.o)
    0x1100f3c0   0x1100f3c0   0x0000002c   Code   RO         2722    i.smDetermineKeySize  ble_host.lib(sm_pairing.o)
    0x1100f3ec   0x1100f3ec   0x00000010   Code   RO         2672    i.smEncrypt         ble_host.lib(sm_mgr.o)
    0x1100f3fc   0x1100f3fc   0x00000008   Code   RO         2673    i.smEncryptLocal    ble_host.lib(sm_mgr.o)
    0x1100f404   0x1100f404   0x00000034   Code   RO         2723    i.smEndPairing      ble_host.lib(sm_pairing.o)
    0x1100f438   0x1100f438   0x0000005c   Code   RO         2724    i.smFreePairingParams  ble_host.lib(sm_pairing.o)
    0x1100f494   0x1100f494   0x0000002c   Code   RO         2725    i.smGenerateConfirm  ble_host.lib(sm_pairing.o)
    0x1100f4c0   0x1100f4c0   0x00000040   Code   RO         2726    i.smGeneratePairingReqRsp  ble_host.lib(sm_pairing.o)
    0x1100f500   0x1100f500   0x00000026   Code   RO         2674    i.smGenerateRandBuf  ble_host.lib(sm_mgr.o)
    0x1100f526   0x1100f526   0x00000002   PAD
    0x1100f528   0x1100f528   0x0000002c   Code   RO         2727    i.smGenerateRandMsg  ble_host.lib(sm_pairing.o)
    0x1100f554   0x1100f554   0x00000020   Code   RO         2728    i.smLinkCheck       ble_host.lib(sm_pairing.o)
    0x1100f574   0x1100f574   0x00000040   Code   RO         2729    i.smNextPairingState  ble_host.lib(sm_pairing.o)
    0x1100f5b4   0x1100f5b4   0x00000014   Code   RO         2730    i.smPairingSendEncInfo  ble_host.lib(sm_pairing.o)
    0x1100f5c8   0x1100f5c8   0x00000028   Code   RO         2731    i.smPairingSendIdentityAddrInfo  ble_host.lib(sm_pairing.o)
    0x1100f5f0   0x1100f5f0   0x00000014   Code   RO         2732    i.smPairingSendIdentityInfo  ble_host.lib(sm_pairing.o)
    0x1100f604   0x1100f604   0x0000002c   Code   RO         2733    i.smPairingSendMasterID  ble_host.lib(sm_pairing.o)
    0x1100f630   0x1100f630   0x00000014   Code   RO         2734    i.smPairingSendSingingInfo  ble_host.lib(sm_pairing.o)
    0x1100f644   0x1100f644   0x0000009c   Code   RO         2735    i.smProcessDataMsg  ble_host.lib(sm_pairing.o)
    0x1100f6e0   0x1100f6e0   0x000000b4   Code   RO         2736    i.smProcessEncryptChange  ble_host.lib(sm_pairing.o)
    0x1100f794   0x1100f794   0x00000094   Code   RO         2561    i.smProcessOSALMsg  ble_host.lib(sm_task.o)
    0x1100f828   0x1100f828   0x0000007c   Code   RO         2676    i.smProcessRandComplete  ble_host.lib(sm_mgr.o)
    0x1100f8a4   0x1100f8a4   0x0000000c   Code   RO         2739    i.smRegisterResponder  ble_host.lib(sm_pairing.o)
    0x1100f8b0   0x1100f8b0   0x000000e4   Code   RO         2530    i.smResponderProcessLTKReq  ble_host.lib(sm_rsppairing.o)
    0x1100f994   0x1100f994   0x000001b8   Code   RO         2531    i.smResponderSendNextKeyInfo  ble_host.lib(sm_rsppairing.o)
    0x1100fb4c   0x1100fb4c   0x0000016c   Code   RO         2740    i.smSavePairInfo    ble_host.lib(sm_pairing.o)
    0x1100fcb8   0x1100fcb8   0x00000024   Code   RO         2741    i.smSendFailAndEnd  ble_host.lib(sm_pairing.o)
    0x1100fcdc   0x1100fcdc   0x00000046   Code   RO         2780    i.smSendSMMsg       ble_host.lib(smp.o)
    0x1100fd22   0x1100fd22   0x00000002   PAD
    0x1100fd24   0x1100fd24   0x00000040   Code   RO         2742    i.smSetPairingReqRsp  ble_host.lib(sm_pairing.o)
    0x1100fd64   0x1100fd64   0x0000004c   Code   RO         2677    i.smStartRspTimer   ble_host.lib(sm_mgr.o)
    0x1100fdb0   0x1100fdb0   0x0000000a   Code   RO         2562    i.smState_timerCB   ble_host.lib(sm_task.o)
    0x1100fdba   0x1100fdba   0x00000002   PAD
    0x1100fdbc   0x1100fdbc   0x00000020   Code   RO         2678    i.smStopRspTimer    ble_host.lib(sm_mgr.o)
    0x1100fddc   0x1100fddc   0x0000000a   Code   RO         2744    i.smTimedOut        ble_host.lib(sm_pairing.o)
    0x1100fde6   0x1100fde6   0x0000000a   Code   RO         2563    i.smTo_timerCB      ble_host.lib(sm_task.o)
    0x1100fdf0   0x1100fdf0   0x0000002c   Code   RO         2679    i.smUint8ToAuthReq  ble_host.lib(sm_mgr.o)
    0x1100fe1c   0x1100fe1c   0x00000154   Code   RO         2680    i.sm_CMAC           ble_host.lib(sm_mgr.o)
    0x1100ff70   0x1100ff70   0x00000044   Code   RO         2681    i.sm_ah             ble_host.lib(sm_mgr.o)
    0x1100ffb4   0x1100ffb4   0x00000098   Code   RO         2745    i.sm_c1             ble_host.lib(sm_pairing.o)
    0x1101004c   0x1101004c   0x000000c2   Code   RO         2682    i.sm_c1new          ble_host.lib(sm_mgr.o)
    0x1101010e   0x1101010e   0x00000040   Code   RO         2685    i.sm_s1             ble_host.lib(sm_mgr.o)
    0x1101014e   0x1101014e   0x0000001a   Code   RO         2686    i.sm_xor            ble_host.lib(sm_mgr.o)
    0x11010168   0x11010168   0x00000022   Code   RO         2781    i.smpBuildEncInfo   ble_host.lib(smp.o)
    0x1101018a   0x1101018a   0x00000026   Code   RO         2782    i.smpBuildIdentityAddrInfo  ble_host.lib(smp.o)
    0x110101b0   0x110101b0   0x00000022   Code   RO         2783    i.smpBuildIdentityInfo  ble_host.lib(smp.o)
    0x110101d2   0x110101d2   0x0000002e   Code   RO         2784    i.smpBuildMasterID  ble_host.lib(smp.o)
    0x11010200   0x11010200   0x00000022   Code   RO         2785    i.smpBuildPairingConfirm  ble_host.lib(smp.o)
    0x11010222   0x11010222   0x00000018   Code   RO         2786    i.smpBuildPairingFailed  ble_host.lib(smp.o)
    0x1101023a   0x1101023a   0x00000022   Code   RO         2787    i.smpBuildPairingRandom  ble_host.lib(smp.o)
    0x1101025c   0x1101025c   0x0000000e   Code   RO         2788    i.smpBuildPairingReq  ble_host.lib(smp.o)
    0x1101026a   0x1101026a   0x00000084   Code   RO         2789    i.smpBuildPairingReqRsp  ble_host.lib(smp.o)
    0x110102ee   0x110102ee   0x0000000e   Code   RO         2790    i.smpBuildPairingRsp  ble_host.lib(smp.o)
    0x110102fc   0x110102fc   0x00000022   Code   RO         2792    i.smpBuildSigningInfo  ble_host.lib(smp.o)
    0x1101031e   0x1101031e   0x0000001e   Code   RO         2793    i.smpParseEncInfo   ble_host.lib(smp.o)
    0x1101033c   0x1101033c   0x00000022   Code   RO         2794    i.smpParseIdentityAddrInfo  ble_host.lib(smp.o)
    0x1101035e   0x1101035e   0x0000001e   Code   RO         2795    i.smpParseIdentityInfo  ble_host.lib(smp.o)
    0x1101037c   0x1101037c   0x00000028   Code   RO         2796    i.smpParseMasterID  ble_host.lib(smp.o)
    0x110103a4   0x110103a4   0x0000001e   Code   RO         2797    i.smpParsePairingConfirm  ble_host.lib(smp.o)
    0x110103c2   0x110103c2   0x00000020   Code   RO         2798    i.smpParsePairingFailed  ble_host.lib(smp.o)
    0x110103e2   0x110103e2   0x0000001e   Code   RO         2799    i.smpParsePairingRandom  ble_host.lib(smp.o)
    0x11010400   0x11010400   0x000000d4   Code   RO         2800    i.smpParsePairingReq  ble_host.lib(smp.o)
    0x110104d4   0x110104d4   0x0000001c   Code   RO         2801    i.smpParseSecurityReq  ble_host.lib(smp.o)
    0x110104f0   0x110104f0   0x0000001e   Code   RO         2802    i.smpParseSigningInfo  ble_host.lib(smp.o)
    0x1101050e   0x1101050e   0x00000002   PAD
    0x11010510   0x11010510   0x00000050   Code   RO         2746    i.smpProcessIncoming  ble_host.lib(sm_pairing.o)
    0x11010560   0x11010560   0x00000050   Code   RO         2532    i.smpResponderProcessEncryptionInformation  ble_host.lib(sm_rsppairing.o)
    0x110105b0   0x110105b0   0x00000048   Code   RO         2533    i.smpResponderProcessIdentityAddrInfo  ble_host.lib(sm_rsppairing.o)
    0x110105f8   0x110105f8   0x00000044   Code   RO         2534    i.smpResponderProcessIdentityInfo  ble_host.lib(sm_rsppairing.o)
    0x1101063c   0x1101063c   0x000000b4   Code   RO         2535    i.smpResponderProcessIncoming  ble_host.lib(sm_rsppairing.o)
    0x110106f0   0x110106f0   0x00000064   Code   RO         2536    i.smpResponderProcessMasterID  ble_host.lib(sm_rsppairing.o)
    0x11010754   0x11010754   0x0000004c   Code   RO         2537    i.smpResponderProcessPairingConfirm  ble_host.lib(sm_rsppairing.o)
    0x110107a0   0x110107a0   0x00000058   Code   RO         2538    i.smpResponderProcessPairingRandom  ble_host.lib(sm_rsppairing.o)
    0x110107f8   0x110107f8   0x000000b8   Code   RO         2539    i.smpResponderProcessPairingReq  ble_host.lib(sm_rsppairing.o)
    0x110108b0   0x110108b0   0x00000054   Code   RO         2540    i.smpResponderProcessSigningInfo  ble_host.lib(sm_rsppairing.o)
    0x11010904   0x11010904   0x00000016   Code   RO         2687    i.xor_128           ble_host.lib(sm_mgr.o)
    0x1101091a   0x1101091a   0x00000002   PAD
    0x1101091c   0x1101091c   0x00000008   Data   RO          213    .constdata          gattservapp.o
    0x11010924   0x11010924   0x0000000c   Data   RO          214    .constdata          gattservapp.o
    0x11010930   0x11010930   0x00000008   Data   RO          465    .constdata          gapgattserver.o
    0x11010938   0x11010938   0x0000000c   Data   RO          466    .constdata          gapgattserver.o
    0x11010944   0x11010944   0x0000008a   Data   RO         1087    .constdata          gpio.o
    0x110109ce   0x110109ce   0x00000010   Data   RO         2131    .constdata          ble_host.lib(att_util.o)
    0x110109de   0x110109de   0x00000002   PAD
    0x110109e0   0x110109e0   0x00000060   Data   RO         2391    .constdata          ble_host.lib(gatt_server.o)
    0x11010a40   0x11010a40   0x0000002a   Data   RO         2453    .constdata          ble_host.lib(gatt_uuid.o)
    0x11010a6a   0x11010a6a   0x00000010   Data   RO         2689    .constdata          ble_host.lib(sm_mgr.o)
    0x11010a7a   0x11010a7a   0x00000019   Data   RO         2747    .constdata          ble_host.lib(sm_pairing.o)



  Load Region LR_ROM_JT_GC (Base: 0x1fff0000, Size: 0x00000800, Max: 0x00000800, ABSOLUTE, COMPRESSED[0x0000040c])

    Execution Region JUMP_TABLE (Exec base: 0x1fff0000, Load base: 0x1fff0000, Size: 0x00000400, Max: 0x00000400, ABSOLUTE)

    Exec Addr    Load Addr    Size         Type   Attr      Idx    E Section Name        Object

    0x1fff0000   0x1fff0000   0x00000400   Data   RO          919    jump_table_mem_area  jump_table.o


    Execution Region GOLBAL_CONFIG (Exec base: 0x1fff0400, Load base: 0x1fff0400, Size: 0x00000400, Max: 0x00000400, ABSOLUTE, COMPRESSED[0x0000000c])

    Exec Addr    Load Addr    Size         Type   Attr      Idx    E Section Name        Object

    0x1fff0400   COMPRESSED   0x00000400   Data   RW          918    global_config_area  jump_table.o



  Load Region LR_OTA_SECTOR (Base: 0x1fffb300, Size: 0x00004010, Max: 0x00004100, ABSOLUTE, COMPRESSED[0x00000084])

    Execution Region OTA_SECTOR (Exec base: 0x1fffb300, Load base: 0x1fffb300, Size: 0x00004010, Max: 0x00004100, ABSOLUTE, COMPRESSED[0x00000084])

    Exec Addr    Load Addr    Size         Type   Attr      Idx    E Section Name        Object

    0x1fffb300   COMPRESSED   0x00004010   Data   RW          726    ota_partition_buffer_area  ota_protocol.o



  Load Region LR_OTA_LOADER (Base: 0x1ffff400, Size: 0x000002fc, Max: 0x00000c00, ABSOLUTE)

    Execution Region OTA_APP_LOADER (Exec base: 0x1ffff400, Load base: 0x1ffff400, Size: 0x00000b00, Max: 0x00000c00, ABSOLUTE)

    Exec Addr    Load Addr    Size         Type   Attr      Idx    E Section Name        Object

    0x1ffff400   0x1ffff400   0x0000000c   Ven    RO         3032    Veneer$$Code        anon$$obj.o
    0x1ffff40c   0x1ffff40c   0x0000000c   Ven    RO         3033    Veneer$$Code        anon$$obj.o
    0x1ffff418   0x1ffff418   0x00000024   Code   RO         1992    i.flash_check_parition  rf.lib(aes.o)
    0x1ffff43c   0x1ffff43c   0x00000024   Code   RO         1993    i.flash_load_parition  rf.lib(aes.o)
    0x1ffff460   0x1ffff460   0x00000024   Code   RO         1445    i.hal_system_soft_reset  clock.o
    0x1ffff484   0x1ffff484   0x00000010   Code   RO         1996    i.is_crypto_app     rf.lib(aes.o)
    0x1ffff494   0x1ffff494   0x0000000c   Code   RO          700    ota_app_loader_area  ota_protocol.o
    0x1ffff4a0   0x1ffff4a0   0x0000001a   Code   RO          723    ota_app_loader_area  ota_protocol.o
    0x1ffff4ba   0x1ffff4ba   0x00000002   PAD
    0x1ffff4bc   0x1ffff4bc   0x00000208   Code   RO          859    ota_app_loader_area  ota_flash.o
    0x1ffff6c4   0x1ffff6c4   0x00000038   Data   RW          860    ota_app_loader_area  ota_flash.o
    0x1ffff6fc   0x1ffff6fc   0x00000004   PAD
    0x1ffff700        -       0x00000800   Zero   RW         1756    STACK               startup_armcm0.o


==============================================================================

Image component sizes


      Code (inc. data)   RO Data    RW Data    ZI Data      Debug   Object Name

       220         22          0          0          0       1641   clock.o
       944         90          0         28          0      15557   flash.o
        62         16          0          0          0      10997   gap.o
       678         44         20        131         22       6588   gapgattserver.o
      3400        192         20         97        744      39002   gattservapp.o
      1340        146        138          0        300      21751   gpio.o
       536        332       1024       1028          0       1986   jump_table.o
       400         62         30       8193       3324      83115   main.o
       100          6         37          4          0       2228   osal_ota.o
       604         36          0         58          0       5189   ota.o
       782         80          0         56          0       7043   ota_flash.o
        20          0          0          0          0        451   ota_main.o
      2274        244          0      16406        768      18008   ota_protocol.o
       412         50         84        146          0       5695   ota_service.o
      1972        156          0         97         63      13668   peripheral.o
       620         88          0         38        120       8378   pwrmgr.o
        28          8        192          0       2048        616   startup_armcm0.o
        16          8          0          4          0        671   system_armcm0.o
       332         16         12          0         64       2872   uart.o

    ----------------------------------------------------------------------
     16884       2304       1690      26300       7460     245456   Object Totals
      2124        708        128          0          0          0   (incl. Generated)
        20          0          5         14          7          0   (incl. Padding)

    ----------------------------------------------------------------------

      Code (inc. data)   RO Data    RW Data    ZI Data      Debug   Library Member Name

       336         64          0          0          0        888   att_server.o
      1250         36         16         12          0       1940   att_util.o
       806        110          0         90         28       1184   gap_configmgr.o
       106          4          0          8          0        200   gap_devmgr.o
      1598         54          0         16          0       1136   gap_linkmgr.o
      1360        168          0         28          0       1012   gap_peridevmgr.o
       692         74          0         12          0        472   gap_task.o
      1774        106         96         16          0       1764   gatt_server.o
       412         22          0         12          0        568   gatt_task.o
         0          0         42          0          0          0   gatt_uuid.o
       232         22          0          1          0        404   l2cap_if.o
       544         22          0          1         46        384   l2cap_task.o
      2052         74          0          4        160       1788   l2cap_util.o
       522         50          0          0         60        688   linkdb.o
      1684         30         16          4         15       1404   sm_mgr.o
      1634        138         25         12          0       1584   sm_pairing.o
      1632         88          0         12         15        908   sm_rsppairing.o
       276         32          0          1          0        348   sm_task.o
      1004          6          0          0          0       1496   smp.o
        86          0          0          0          0          0   __dczerorl2.o
         0          0          0          0          0          0   entry.o
         0          0          0          0          0          0   entry10a.o
         0          0          0          0          0          0   entry11a.o
         8          4          0          0          0          0   entry2.o
         4          0          0          0          0          0   entry5.o
         0          0          0          0          0          0   entry7b.o
         0          0          0          0          0          0   entry8b.o
         8          4          0          0          0          0   entry9a.o
        30          0          0          0          0          0   handlers.o
        36          8          0          0          0         68   init.o
        88         16          0          0          0        220   aes.o
      5082        632          0         24         32       2120   patch.o
       228         26         17          5         16        288   phy_sec_ext.o
      1808        372          0          8          0        732   rf_phy_driver.o

    ----------------------------------------------------------------------
     25340       2162        218        272        376      21596   Library Totals
        48          0          6          6          4          0   (incl. Padding)

    ----------------------------------------------------------------------

      Code (inc. data)   RO Data    RW Data    ZI Data      Debug   Library Name

     17914       1100        195        229        324      18168   ble_host.lib
       172         16          0          0          0         68   mc_p.l
      7206       1046         17         37         48       3360   rf.lib

    ----------------------------------------------------------------------
     25340       2162        218        272        376      21596   Library Totals

    ----------------------------------------------------------------------

==============================================================================


      Code (inc. data)   RO Data    RW Data    ZI Data      Debug   

     42224       4466       1908      26572       7836     248164   Grand Totals
     42224       4466       1908        588       7836     248164   ELF Image Totals (compressed)
     42224       4466       1908        588          0          0   ROM Totals

==============================================================================

    Total RO  Size (Code + RO Data)                44132 (  43.10kB)
    Total RW  Size (RW Data + ZI Data)             34408 (  33.60kB)
    Total ROM Size (Code + RO Data + RW Data)      44720 (  43.67kB)

==============================================================================

