<html>
<body>
<pre>
<h1>µVision Build Log</h1>
<h2>Tool Versions:</h2>
IDE-Version: ¦ÌVision V5.13.0.0
Copyright (C) 2014 ARM Ltd and ARM Germany GmbH. All rights reserved.
License Information: sdasd ads, d, LIC=EPPLD-8QVHD-ZE0H2-9D6WP-UMX3E-2V9H8
 
Tool Versions:
Toolchain:       MDK-ARM Professional  Version: 5.13.0.0
Toolchain Path:  C:\Software\keil mdk\ARM\ARMCC\Bin
C Compiler:      Armcc.exe V5.05 update 1 (build 106)
Assembler:       Armasm.exe V5.05 update 1 (build 106)
Linker/Locator:  ArmLink.exe V5.05 update 1 (build 106)
Library Manager: ArmAr.exe V5.05 update 1 (build 106)
Hex Converter:   FromElf.exe V5.05 update 1 (build 106)
CPU DLL:         SARMCM3.DLL V5.13.0.0
Dialog DLL:      DARMCM1.DLL V1.12.0.0
Target DLL:      UL2CM3.DLL V1.154.12.0
Dialog DLL:      TARMCM1.DLL V1.9.0.0
 
<h2>Project:</h2>
C:\Users\admin\Desktop\Ñ¸Èð-À×½Ü»Ã²ÊµÆ\3.0.9 SDK V0.2\example\peripheral\adc_manual_mode\adc.uvprojx
Project File Date:  07/13/2021

<h2>Output:</h2>
Build target 'adc'
compiling adc_demo.c...
source\adc_demo.c(102): warning:  #167-D: argument of type "void (*)()" is incompatible with parameter of type "ap_tm_hdl_t"
                hal_timer_init(time_cb);                        /// ÉèÖÃÖÐ¶Ï»Øµ÷º¯Êý
source\adc_demo.c(180): warning:  #177-D: variable "i" was declared but never referenced
      uint32_t i;
source\adc_demo.c(181): warning:  #177-D: variable "adc_sum" was declared but never referenced
      int adc_sum = 0;
source\adc_demo.c(223): warning:  #177-D: variable "adc_word_p" was declared but never referenced
        uint32_t adc_word_p = 0;
source\adc_demo.c(224): warning:  #177-D: variable "adc_buf" was declared but never referenced
        uint16_t adc_buf[1];
source\adc_demo.c(228): warning:  #177-D: variable "adc_gpio_ch" was declared but never referenced
        int adc_gpio_ch;
source\adc_demo.c: 6 warnings, 0 errors
linking...
Program Size: Code=16488 RO-data=1676 RW-data=1180 ZI-data=9952  
FromELF: creating hex file...
After Build - User command #1: fromelf.exe --bin  -o  ./bin  ./Objects/adc.axf
After Build - User command #2: fromelf.exe .\Objects\adc.axf --i32combined --output .\bin\adc.hex
".\Objects\adc.axf" - 0 Error(s), 6 Warning(s).

<h2>Software Packages used:</h2>

Package Vendor: ARM
                http://www.keil.com/pack/ARM.CMSIS.4.2.0.pack
                ARM::Device:Startup:1.0.1
                CMSIS (Cortex Microcontroller Software Interface Standard)
   * Component: Startup Version: 1.0.1
   * Component: CORE Version: 3.40.0

<h2>Collection of Component include folders:</h2>
  C:\Users\admin\Desktop\Ñ¸Èð-À×½Ü»Ã²ÊµÆ\3.0.9 SDK V0.2\example\peripheral\adc_manual_mode\RTE
  C:\Software\keil mdk\ARM\CMSIS\4.2.0\CMSIS\Include
  C:\Software\keil mdk\ARM\CMSIS\4.2.0\Device\ARM\ARMCM0\Include

<h2>Collection of Component Files used:</h2>

   * Component: ARM::Device:Startup:1.0.1
      Source file:   Device\ARM\ARMCM0\Source\ARM\startup_ARMCM0.s
      Source file:   Device\ARM\ARMCM0\Source\system_ARMCM0.c
      Include file:  Device\ARM\ARMCM0\Include\ARMCM0.h

   * Component: ARM::CMSIS:CORE:3.40.0
      Source file:   CMSIS\UserCodeTemplates\ARM\ITM_Retarget.c
</pre>
</body>
</html>
