<!doctype html public "-//w3c//dtd html 4.0 transitional//en">
<html><head>
<title>Static Call Graph - [.\Objects\slboot.axf]</title></head>
<body><HR>
<H1>Static Call Graph for image .\Objects\slboot.axf</H1><HR>
<BR><P>#&#060CALLGRAPH&#062# ARM Linker, 5060750: Last Updated: Wed Jun 08 18:23:17 2022
<BR><P>
<H3>Maximum Stack Usage =        248 bytes + Unknown(Cycles, Untraceable Function Pointers)</H3><H3>
Call chain for Maximum Stack Depth:</H3>
main &rArr; slboot_main &rArr; slb_boot_load_exch_zone &rArr; slb_apply_exch_zone_to_fw &rArr; ota_flash_erase &rArr; hal_flash_erase_sector &rArr; _spif_wait_nobusy_x
<P>
<H3>
Mutually Recursive functions
</H3> <LI><a href="#[3]">SVC_Handler</a>&nbsp;&nbsp;&nbsp;&rArr;&nbsp;&nbsp;&nbsp;<a href="#[3]">SVC_Handler</a><BR>
 <LI><a href="#[5]">SysTick_Handler</a>&nbsp;&nbsp;&nbsp;&rArr;&nbsp;&nbsp;&nbsp;<a href="#[5]">SysTick_Handler</a><BR>
 <LI><a href="#[10]">AACI_IRQHandler</a>&nbsp;&nbsp;&nbsp;&rArr;&nbsp;&nbsp;&nbsp;<a href="#[10]">AACI_IRQHandler</a><BR>
</UL>
<P>
<H3>
Function Pointers
</H3><UL>
 <LI><a href="#[10]">AACI_IRQHandler</a> from startup_armcm0.o(.text) referenced from startup_armcm0.o(RESET)
 <LI><a href="#[17]">CAN_IRQHandler</a> from startup_armcm0.o(.text) referenced from startup_armcm0.o(RESET)
 <LI><a href="#[15]">CHLCD_IRQHandler</a> from startup_armcm0.o(.text) referenced from startup_armcm0.o(RESET)
 <LI><a href="#[11]">CLCD_IRQHandler</a> from startup_armcm0.o(.text) referenced from startup_armcm0.o(RESET)
 <LI><a href="#[1a]">CPU_CLCD_IRQHandler</a> from startup_armcm0.o(.text) referenced from startup_armcm0.o(RESET)
 <LI><a href="#[12]">ENET_IRQHandler</a> from startup_armcm0.o(.text) referenced from startup_armcm0.o(RESET)
 <LI><a href="#[16]">FLEXRAY_IRQHandler</a> from startup_armcm0.o(.text) referenced from startup_armcm0.o(RESET)
 <LI><a href="#[2]">HardFault_Handler</a> from bb_rom_sym_m0.txt(ABSOLUTE) referenced from startup_armcm0.o(RESET)
 <LI><a href="#[19]">I2C_IRQHandler</a> from startup_armcm0.o(.text) referenced from startup_armcm0.o(RESET)
 <LI><a href="#[18]">LIN_IRQHandler</a> from startup_armcm0.o(.text) referenced from startup_armcm0.o(RESET)
 <LI><a href="#[25]">LL_ENC_AES128_Encrypt1</a> from patch.o(i.LL_ENC_AES128_Encrypt1) referenced from patch.o(_section_xip_code_)
 <LI><a href="#[27]">LL_ENC_Decrypt1</a> from patch.o(i.LL_ENC_Decrypt1) referenced from patch.o(_section_xip_code_)
 <LI><a href="#[26]">LL_ENC_Encrypt1</a> from patch.o(i.LL_ENC_Encrypt1) referenced from patch.o(_section_xip_code_)
 <LI><a href="#[22]">LL_IRQHandler1</a> from patch.o(i.LL_IRQHandler1) referenced from patch.o(_section_xip_code_)
 <LI><a href="#[2a]">LL_SetDataLengh1</a> from patch.o(i.LL_SetDataLengh1) referenced from patch.o(_section_xip_code_)
 <LI><a href="#[a]">MCIA_IRQHandler</a> from startup_armcm0.o(.text) referenced from startup_armcm0.o(RESET)
 <LI><a href="#[b]">MCIB_IRQHandler</a> from startup_armcm0.o(.text) referenced from startup_armcm0.o(RESET)
 <LI><a href="#[1]">NMI_Handler</a> from bb_rom_sym_m0.txt(ABSOLUTE) referenced from startup_armcm0.o(RESET)
 <LI><a href="#[4]">PendSV_Handler</a> from bb_rom_sym_m0.txt(ABSOLUTE) referenced from startup_armcm0.o(RESET)
 <LI><a href="#[7]">RTC_IRQHandler</a> from startup_armcm0.o(.text) referenced from startup_armcm0.o(RESET)
 <LI><a href="#[0]">Reset_Handler</a> from startup_armcm0.o(.text) referenced from startup_armcm0.o(RESET)
 <LI><a href="#[1c]">SPI_IRQHandler</a> from startup_armcm0.o(.text) referenced from startup_armcm0.o(RESET)
 <LI><a href="#[3]">SVC_Handler</a> from startup_armcm0.o(.text) referenced from startup_armcm0.o(RESET)
 <LI><a href="#[5]">SysTick_Handler</a> from startup_armcm0.o(.text) referenced from startup_armcm0.o(RESET)
 <LI><a href="#[1f]">SystemInit</a> from system_armcm0.o(i.SystemInit) referenced from startup_armcm0.o(.text)
 <LI><a href="#[8]">TIM0_IRQHandler</a> from startup_armcm0.o(.text) referenced from startup_armcm0.o(RESET)
 <LI><a href="#[9]">TIM2_IRQHandler</a> from startup_armcm0.o(.text) referenced from startup_armcm0.o(RESET)
 <LI><a href="#[c]">UART0_IRQHandler</a> from startup_armcm0.o(.text) referenced from startup_armcm0.o(RESET)
 <LI><a href="#[d]">UART1_IRQHandler</a> from startup_armcm0.o(.text) referenced from startup_armcm0.o(RESET)
 <LI><a href="#[e]">UART2_IRQHandler</a> from startup_armcm0.o(.text) referenced from startup_armcm0.o(RESET)
 <LI><a href="#[1b]">UART3_IRQHandler</a> from startup_armcm0.o(.text) referenced from startup_armcm0.o(RESET)
 <LI><a href="#[f]">UART4_IRQHandler</a> from startup_armcm0.o(.text) referenced from startup_armcm0.o(RESET)
 <LI><a href="#[13]">USBDC_IRQHandler</a> from startup_armcm0.o(.text) referenced from startup_armcm0.o(RESET)
 <LI><a href="#[14]">USBHC_IRQHandler</a> from startup_armcm0.o(.text) referenced from startup_armcm0.o(RESET)
 <LI><a href="#[6]">WDT_IRQHandler</a> from startup_armcm0.o(.text) referenced from startup_armcm0.o(RESET)
 <LI><a href="#[20]">__main</a> from entry.o(.ARM.Collect$$$$00000000) referenced from startup_armcm0.o(.text)
 <LI><a href="#[1e]">_hard_fault</a> from jump_table.o(i._hard_fault) referenced from jump_table.o(.emb_text)
 <LI><a href="#[36]">hal_UART0_IRQHandler</a> from uart.o(_section_sram_code_) referenced from jump_table.o(jump_table_mem_area)
 <LI><a href="#[2e]">hal_gpio_sleep_handler</a> from gpio.o(i.hal_gpio_sleep_handler) referenced from gpio.o(i.hal_gpio_init)
 <LI><a href="#[2d]">hal_gpio_wakeup_handler</a> from gpio.o(i.hal_gpio_wakeup_handler) referenced from gpio.o(i.hal_gpio_init)
 <LI><a href="#[32]">hal_pwrmgr_sleep_process</a> from pwrmgr.o(i.hal_pwrmgr_sleep_process) referenced from jump_table.o(jump_table_mem_area)
 <LI><a href="#[33]">hal_pwrmgr_wakeup_process</a> from pwrmgr.o(i.hal_pwrmgr_wakeup_process) referenced from jump_table.o(jump_table_mem_area)
 <LI><a href="#[35]">hard_fault</a> from jump_table.o(.emb_text) referenced from jump_table.o(jump_table_mem_area)
 <LI><a href="#[30]">hw_spif_cache_config</a> from flash.o(i.hw_spif_cache_config) referenced from flash.o(i.hal_spif_cache_init)
 <LI><a href="#[29]">l2capPocessFragmentTxData</a> from patch.o(i.l2capPocessFragmentTxData) referenced from patch.o(_section_xip_code_)
 <LI><a href="#[2b]">llProcessTxData1</a> from patch.o(i.llProcessTxData1) referenced from patch.o(_section_xip_code_)
 <LI><a href="#[2c]">ll_generateTxBuffer1</a> from patch.o(i.ll_generateTxBuffer1) referenced from patch.o(_section_xip_code_)
 <LI><a href="#[21]">ll_hw_go1</a> from patch.o(i.ll_hw_go1) referenced from patch.o(_section_xip_code_)
 <LI><a href="#[1d]">main</a> from main.o(i.main) referenced from entry9a.o(.ARM.Collect$$$$0000000B)
 <LI><a href="#[31]">osalInitTasks</a> from slboot.o(i.osalInitTasks) referenced from jump_table.o(jump_table_mem_area)
 <LI><a href="#[2f]">osal_idle_task</a> from pwrmgr.o(_section_sram_code_) referenced from pwrmgr.o(i.hal_pwrmgr_init)
 <LI><a href="#[23]">rf_calibrate1</a> from rf_phy_driver.o(i.rf_calibrate1) referenced from patch.o(_section_xip_code_)
 <LI><a href="#[24]">rf_phy_change_cfg0</a> from rf_phy_driver.o(i.rf_phy_change_cfg0) referenced from patch.o(_section_xip_code_)
 <LI><a href="#[34]">rf_phy_ini</a> from rf_phy_driver.o(i.rf_phy_ini) referenced from jump_table.o(jump_table_mem_area)
 <LI><a href="#[28]">wakeup_init1</a> from patch.o(i.wakeup_init1) referenced from patch.o(_section_xip_code_)
</UL>
<P>
<H3>
Global Symbols
</H3>
<P><STRONG><a name="[ba]"></a>__aeabi_memcpy</STRONG> (Thumb, 0 bytes, Stack size 0 bytes, bb_rom_sym_m0.txt(ABSOLUTE))
<BR><BR>[Called By]<UL><LI><a href="#[b4]">&gt;&gt;</a>&nbsp;&nbsp;&nbsp;slb_spif_read (via Veneer)
</UL>

<P><STRONG><a name="[8e]"></a>__aeabi_memcpy4</STRONG> (Thumb, 0 bytes, Stack size 0 bytes, bb_rom_sym_m0.txt(ABSOLUTE))
<BR><BR>[Called By]<UL><LI><a href="#[8d]">&gt;&gt;</a>&nbsp;&nbsp;&nbsp;hal_low_power_io_init (via Veneer)
</UL>

<P><STRONG><a name="[7e]"></a>__aeabi_memclr4</STRONG> (Thumb, 0 bytes, Stack size 0 bytes, bb_rom_sym_m0.txt(ABSOLUTE))
<BR><BR>[Called By]<UL><LI><a href="#[92]">&gt;&gt;</a>&nbsp;&nbsp;&nbsp;hal_pwrmgr_init (via Veneer)
<LI><a href="#[7d]">&gt;&gt;</a>&nbsp;&nbsp;&nbsp;hal_gpio_init (via Veneer)
</UL>

<P><STRONG><a name="[b9]"></a>strcmp</STRONG> (Thumb, 0 bytes, Stack size 0 bytes, bb_rom_sym_m0.txt(ABSOLUTE))
<BR><BR>[Called By]<UL><LI><a href="#[b8]">&gt;&gt;</a>&nbsp;&nbsp;&nbsp;slb_boot_load_exch_zone (via Veneer)
</UL>

<P><STRONG><a name="[55]"></a>__aeabi_uread4</STRONG> (Thumb, 0 bytes, Stack size 0 bytes, bb_rom_sym_m0.txt(ABSOLUTE))
<BR><BR>[Called By]<UL><LI><a href="#[26]">&gt;&gt;</a>&nbsp;&nbsp;&nbsp;LL_ENC_Encrypt1 (via Veneer)
<LI><a href="#[27]">&gt;&gt;</a>&nbsp;&nbsp;&nbsp;LL_ENC_Decrypt1 (via Veneer)
</UL>

<P><STRONG><a name="[2]"></a>HardFault_Handler</STRONG> (Thumb, 0 bytes, Stack size 0 bytes, bb_rom_sym_m0.txt(ABSOLUTE), UNUSED)
<BR>[Address Reference Count : 1]<UL><LI> startup_armcm0.o(RESET)
</UL>
<P><STRONG><a name="[4f]"></a>LL_ENC_AES128_Encrypt</STRONG> (Thumb, 0 bytes, Stack size 0 bytes, bb_rom_sym_m0.txt(ABSOLUTE), UNUSED)
<BR><BR>[Called By]<UL><LI><a href="#[4e]">&gt;&gt;</a>&nbsp;&nbsp;&nbsp;TRNG_Rand (via Veneer)
</UL>

<P><STRONG><a name="[52]"></a>LL_ENC_AES128_Encrypt0</STRONG> (Thumb, 0 bytes, Stack size 0 bytes, bb_rom_sym_m0.txt(ABSOLUTE))
<BR><BR>[Called By]<UL><LI><a href="#[6b]">&gt;&gt;</a>&nbsp;&nbsp;&nbsp;finidv (via Veneer)
<LI><a href="#[25]">&gt;&gt;</a>&nbsp;&nbsp;&nbsp;LL_ENC_AES128_Encrypt1 (via Veneer)
</UL>

<P><STRONG><a name="[54]"></a>LL_ENC_GenerateNonce</STRONG> (Thumb, 0 bytes, Stack size 0 bytes, bb_rom_sym_m0.txt(ABSOLUTE))
<BR><BR>[Called By]<UL><LI><a href="#[26]">&gt;&gt;</a>&nbsp;&nbsp;&nbsp;LL_ENC_Encrypt1 (via Veneer)
<LI><a href="#[27]">&gt;&gt;</a>&nbsp;&nbsp;&nbsp;LL_ENC_Decrypt1 (via Veneer)
</UL>

<P><STRONG><a name="[53]"></a>LL_ENC_LoadKey</STRONG> (Thumb, 0 bytes, Stack size 0 bytes, bb_rom_sym_m0.txt(ABSOLUTE))
<BR><BR>[Called By]<UL><LI><a href="#[26]">&gt;&gt;</a>&nbsp;&nbsp;&nbsp;LL_ENC_Encrypt1 (via Veneer)
<LI><a href="#[27]">&gt;&gt;</a>&nbsp;&nbsp;&nbsp;LL_ENC_Decrypt1 (via Veneer)
</UL>

<P><STRONG><a name="[98]"></a>LL_InitConnectContext</STRONG> (Thumb, 0 bytes, Stack size 0 bytes, bb_rom_sym_m0.txt(ABSOLUTE))
<BR><BR>[Called By]<UL><LI><a href="#[95]">&gt;&gt;</a>&nbsp;&nbsp;&nbsp;hal_rfphy_init (via Veneer)
</UL>

<P><STRONG><a name="[68]"></a>LL_SetDataLengh0</STRONG> (Thumb, 0 bytes, Stack size 0 bytes, bb_rom_sym_m0.txt(ABSOLUTE))
<BR><BR>[Called By]<UL><LI><a href="#[2a]">&gt;&gt;</a>&nbsp;&nbsp;&nbsp;LL_SetDataLengh1 (via Veneer)
</UL>

<P><STRONG><a name="[1]"></a>NMI_Handler</STRONG> (Thumb, 0 bytes, Stack size 0 bytes, bb_rom_sym_m0.txt(ABSOLUTE), UNUSED)
<BR>[Address Reference Count : 1]<UL><LI> startup_armcm0.o(RESET)
</UL>
<P><STRONG><a name="[4]"></a>PendSV_Handler</STRONG> (Thumb, 0 bytes, Stack size 0 bytes, bb_rom_sym_m0.txt(ABSOLUTE), UNUSED)
<BR>[Address Reference Count : 1]<UL><LI> startup_armcm0.o(RESET)
</UL>
<P><STRONG><a name="[4c]"></a>WaitRTCCount</STRONG> (Thumb, 0 bytes, Stack size 0 bytes, bb_rom_sym_m0.txt(ABSOLUTE))
<BR><BR>[Called By]<UL><LI><a href="#[6e]">&gt;&gt;</a>&nbsp;&nbsp;&nbsp;_spif_wait_nobusy_x (via Veneer)
<LI><a href="#[a9]">&gt;&gt;</a>&nbsp;&nbsp;&nbsp;rc32k_calibration (via Veneer)
<LI><a href="#[28]">&gt;&gt;</a>&nbsp;&nbsp;&nbsp;wakeup_init1 (via Veneer)
<LI><a href="#[72]">&gt;&gt;</a>&nbsp;&nbsp;&nbsp;check_96MXtal_by_rcTracking (via Veneer)
<LI><a href="#[71]">&gt;&gt;</a>&nbsp;&nbsp;&nbsp;check_16MXtal_by_rcTracking (via Veneer)
<LI><a href="#[4b]">&gt;&gt;</a>&nbsp;&nbsp;&nbsp;TRNG_Output (via Veneer)
</UL>

<P><STRONG><a name="[b1]"></a>__ARM_common_switch8</STRONG> (Thumb, 0 bytes, Stack size 0 bytes, bb_rom_sym_m0.txt(ABSOLUTE))
<BR><BR>[Called By]<UL><LI><a href="#[b2]">&gt;&gt;</a>&nbsp;&nbsp;&nbsp;rf_tp_cal (via Veneer)
<LI><a href="#[ac]">&gt;&gt;</a>&nbsp;&nbsp;&nbsp;rf_rxDcoc_cfg (via Veneer)
</UL>

<P><STRONG><a name="[a6]"></a>clk_init</STRONG> (Thumb, 0 bytes, Stack size 0 bytes, bb_rom_sym_m0.txt(ABSOLUTE))
<BR><BR>[Called By]<UL><LI><a href="#[1d]">&gt;&gt;</a>&nbsp;&nbsp;&nbsp;main (via Veneer)
<LI><a href="#[28]">&gt;&gt;</a>&nbsp;&nbsp;&nbsp;wakeup_init1 (via Veneer)
</UL>

<P><STRONG><a name="[45]"></a>config_RTC</STRONG> (Thumb, 0 bytes, Stack size 0 bytes, bb_rom_sym_m0.txt(ABSOLUTE), UNUSED)
<BR><BR>[Called By]<UL><LI><a href="#[44]">&gt;&gt;</a>&nbsp;&nbsp;&nbsp;hal_pwrmgr_enter_sleep_rtc_reset (via Veneer)
</UL>

<P><STRONG><a name="[93]"></a>disableSleep</STRONG> (Thumb, 0 bytes, Stack size 0 bytes, bb_rom_sym_m0.txt(ABSOLUTE))
<BR><BR>[Called By]<UL><LI><a href="#[92]">&gt;&gt;</a>&nbsp;&nbsp;&nbsp;hal_pwrmgr_init (via Veneer)
<LI><a href="#[3e]">&gt;&gt;</a>&nbsp;&nbsp;&nbsp;hal_pwrmgr_unlock (via Veneer)
</UL>

<P><STRONG><a name="[40]"></a>drv_disable_irq</STRONG> (Thumb, 0 bytes, Stack size 0 bytes, bb_rom_sym_m0.txt(ABSOLUTE))
<BR><BR>[Called By]<UL><LI><a href="#[bb]">&gt;&gt;</a>&nbsp;&nbsp;&nbsp;run_application (via Veneer)
<LI><a href="#[78]">&gt;&gt;</a>&nbsp;&nbsp;&nbsp;hal_flash_write_by_dma (via Veneer)
<LI><a href="#[76]">&gt;&gt;</a>&nbsp;&nbsp;&nbsp;hal_flash_erase_sector (via Veneer)
<LI><a href="#[44]">&gt;&gt;</a>&nbsp;&nbsp;&nbsp;hal_pwrmgr_enter_sleep_rtc_reset (via Veneer)
<LI><a href="#[75]">&gt;&gt;</a>&nbsp;&nbsp;&nbsp;hal_cache_tag_flush (via Veneer)
<LI><a href="#[42]">&gt;&gt;</a>&nbsp;&nbsp;&nbsp;spif_unlock (via Veneer)
<LI><a href="#[3f]">&gt;&gt;</a>&nbsp;&nbsp;&nbsp;spif_lock (via Veneer)
<LI><a href="#[3e]">&gt;&gt;</a>&nbsp;&nbsp;&nbsp;hal_pwrmgr_unlock (via Veneer)
</UL>

<P><STRONG><a name="[41]"></a>drv_enable_irq</STRONG> (Thumb, 0 bytes, Stack size 0 bytes, bb_rom_sym_m0.txt(ABSOLUTE))
<BR><BR>[Called By]<UL><LI><a href="#[bb]">&gt;&gt;</a>&nbsp;&nbsp;&nbsp;run_application (via Veneer)
<LI><a href="#[78]">&gt;&gt;</a>&nbsp;&nbsp;&nbsp;hal_flash_write_by_dma (via Veneer)
<LI><a href="#[76]">&gt;&gt;</a>&nbsp;&nbsp;&nbsp;hal_flash_erase_sector (via Veneer)
<LI><a href="#[75]">&gt;&gt;</a>&nbsp;&nbsp;&nbsp;hal_cache_tag_flush (via Veneer)
<LI><a href="#[42]">&gt;&gt;</a>&nbsp;&nbsp;&nbsp;spif_unlock (via Veneer)
<LI><a href="#[3f]">&gt;&gt;</a>&nbsp;&nbsp;&nbsp;spif_lock (via Veneer)
<LI><a href="#[3e]">&gt;&gt;</a>&nbsp;&nbsp;&nbsp;hal_pwrmgr_unlock (via Veneer)
</UL>

<P><STRONG><a name="[a5]"></a>drv_irq_init</STRONG> (Thumb, 0 bytes, Stack size 0 bytes, bb_rom_sym_m0.txt(ABSOLUTE))
<BR><BR>[Called By]<UL><LI><a href="#[1d]">&gt;&gt;</a>&nbsp;&nbsp;&nbsp;main (via Veneer)
</UL>

<P><STRONG><a name="[6a]"></a>efuse_read</STRONG> (Thumb, 0 bytes, Stack size 0 bytes, bb_rom_sym_m0.txt(ABSOLUTE))
<BR><BR>[Called By]<UL><LI><a href="#[69]">&gt;&gt;</a>&nbsp;&nbsp;&nbsp;_efuse_chip_version_check (via Veneer)
<LI><a href="#[6b]">&gt;&gt;</a>&nbsp;&nbsp;&nbsp;finidv (via Veneer)
</UL>

<P><STRONG><a name="[49]"></a>enableSleep</STRONG> (Thumb, 0 bytes, Stack size 0 bytes, bb_rom_sym_m0.txt(ABSOLUTE))
<BR><BR>[Called By]<UL><LI><a href="#[48]">&gt;&gt;</a>&nbsp;&nbsp;&nbsp;init_config (via Veneer)
<LI><a href="#[92]">&gt;&gt;</a>&nbsp;&nbsp;&nbsp;hal_pwrmgr_init (via Veneer)
<LI><a href="#[3e]">&gt;&gt;</a>&nbsp;&nbsp;&nbsp;hal_pwrmgr_unlock (via Veneer)
</UL>

<P><STRONG><a name="[47]"></a>enter_sleep_off_mode</STRONG> (Thumb, 0 bytes, Stack size 0 bytes, bb_rom_sym_m0.txt(ABSOLUTE), UNUSED)
<BR><BR>[Called By]<UL><LI><a href="#[44]">&gt;&gt;</a>&nbsp;&nbsp;&nbsp;hal_pwrmgr_enter_sleep_rtc_reset (via Veneer)
</UL>

<P><STRONG><a name="[a0]"></a>getTxBufferSize</STRONG> (Thumb, 0 bytes, Stack size 0 bytes, bb_rom_sym_m0.txt(ABSOLUTE))
<BR><BR>[Called By]<UL><LI><a href="#[2c]">&gt;&gt;</a>&nbsp;&nbsp;&nbsp;ll_generateTxBuffer1 (via Veneer)
</UL>

<P><STRONG><a name="[a1]"></a>get_tx_read_ptr</STRONG> (Thumb, 0 bytes, Stack size 0 bytes, bb_rom_sym_m0.txt(ABSOLUTE))
<BR><BR>[Called By]<UL><LI><a href="#[2c]">&gt;&gt;</a>&nbsp;&nbsp;&nbsp;ll_generateTxBuffer1 (via Veneer)
</UL>

<P><STRONG><a name="[a3]"></a>llEnqueueCtrlPkt</STRONG> (Thumb, 0 bytes, Stack size 0 bytes, bb_rom_sym_m0.txt(ABSOLUTE))
<BR><BR>[Called By]<UL><LI><a href="#[2c]">&gt;&gt;</a>&nbsp;&nbsp;&nbsp;ll_generateTxBuffer1 (via Veneer)
</UL>

<P><STRONG><a name="[9d]"></a>llProcessTxData0</STRONG> (Thumb, 0 bytes, Stack size 0 bytes, bb_rom_sym_m0.txt(ABSOLUTE))
<BR><BR>[Called By]<UL><LI><a href="#[2b]">&gt;&gt;</a>&nbsp;&nbsp;&nbsp;llProcessTxData1 (via Veneer)
</UL>

<P><STRONG><a name="[63]"></a>llSecAdvAllow</STRONG> (Thumb, 0 bytes, Stack size 0 bytes, bb_rom_sym_m0.txt(ABSOLUTE))
<BR><BR>[Called By]<UL><LI><a href="#[22]">&gt;&gt;</a>&nbsp;&nbsp;&nbsp;LL_IRQHandler1 (via Veneer)
</UL>

<P><STRONG><a name="[64]"></a>llSetupSecAdvEvt</STRONG> (Thumb, 0 bytes, Stack size 0 bytes, bb_rom_sym_m0.txt(ABSOLUTE))
<BR><BR>[Called By]<UL><LI><a href="#[22]">&gt;&gt;</a>&nbsp;&nbsp;&nbsp;LL_IRQHandler1 (via Veneer)
</UL>

<P><STRONG><a name="[67]"></a>llSetupSecInit</STRONG> (Thumb, 0 bytes, Stack size 0 bytes, bb_rom_sym_m0.txt(ABSOLUTE))
<BR><BR>[Called By]<UL><LI><a href="#[22]">&gt;&gt;</a>&nbsp;&nbsp;&nbsp;LL_IRQHandler1 (via Veneer)
</UL>

<P><STRONG><a name="[66]"></a>llSetupSecScan</STRONG> (Thumb, 0 bytes, Stack size 0 bytes, bb_rom_sym_m0.txt(ABSOLUTE))
<BR><BR>[Called By]<UL><LI><a href="#[22]">&gt;&gt;</a>&nbsp;&nbsp;&nbsp;LL_IRQHandler1 (via Veneer)
</UL>

<P><STRONG><a name="[56]"></a>ll_debug_output</STRONG> (Thumb, 0 bytes, Stack size 0 bytes, bb_rom_sym_m0.txt(ABSOLUTE))
<BR><BR>[Called By]<UL><LI><a href="#[22]">&gt;&gt;</a>&nbsp;&nbsp;&nbsp;LL_IRQHandler1 (via Veneer)
</UL>

<P><STRONG><a name="[59]"></a>ll_hw_clr_irq</STRONG> (Thumb, 0 bytes, Stack size 0 bytes, bb_rom_sym_m0.txt(ABSOLUTE))
<BR><BR>[Called By]<UL><LI><a href="#[22]">&gt;&gt;</a>&nbsp;&nbsp;&nbsp;LL_IRQHandler1 (via Veneer)
</UL>

<P><STRONG><a name="[57]"></a>ll_hw_get_irq_status</STRONG> (Thumb, 0 bytes, Stack size 0 bytes, bb_rom_sym_m0.txt(ABSOLUTE))
<BR><BR>[Called By]<UL><LI><a href="#[22]">&gt;&gt;</a>&nbsp;&nbsp;&nbsp;LL_IRQHandler1 (via Veneer)
</UL>

<P><STRONG><a name="[9f]"></a>ll_hw_get_tfifo_wrptr</STRONG> (Thumb, 0 bytes, Stack size 0 bytes, bb_rom_sym_m0.txt(ABSOLUTE))
<BR><BR>[Called By]<UL><LI><a href="#[2c]">&gt;&gt;</a>&nbsp;&nbsp;&nbsp;ll_generateTxBuffer1 (via Veneer)
</UL>

<P><STRONG><a name="[58]"></a>ll_hw_get_tr_mode</STRONG> (Thumb, 0 bytes, Stack size 0 bytes, bb_rom_sym_m0.txt(ABSOLUTE))
<BR><BR>[Called By]<UL><LI><a href="#[21]">&gt;&gt;</a>&nbsp;&nbsp;&nbsp;ll_hw_go1 (via Veneer)
<LI><a href="#[22]">&gt;&gt;</a>&nbsp;&nbsp;&nbsp;LL_IRQHandler1 (via Veneer)
</UL>

<P><STRONG><a name="[c3]"></a>ll_hw_ign_rfifo</STRONG> (Thumb, 0 bytes, Stack size 0 bytes, bb_rom_sym_m0.txt(ABSOLUTE))
<BR><BR>[Called By]<UL><LI><a href="#[28]">&gt;&gt;</a>&nbsp;&nbsp;&nbsp;wakeup_init1 (via Veneer)
</UL>

<P><STRONG><a name="[ae]"></a>ll_hw_set_crc_fmt</STRONG> (Thumb, 0 bytes, Stack size 0 bytes, bb_rom_sym_m0.txt(ABSOLUTE))
<BR><BR>[Called By]<UL><LI><a href="#[ad]">&gt;&gt;</a>&nbsp;&nbsp;&nbsp;rf_phy_bb_cfg (via Veneer)
</UL>

<P><STRONG><a name="[bf]"></a>ll_hw_set_empty_head</STRONG> (Thumb, 0 bytes, Stack size 0 bytes, bb_rom_sym_m0.txt(ABSOLUTE))
<BR><BR>[Called By]<UL><LI><a href="#[28]">&gt;&gt;</a>&nbsp;&nbsp;&nbsp;wakeup_init1 (via Veneer)
</UL>

<P><STRONG><a name="[c1]"></a>ll_hw_set_loop_timeout</STRONG> (Thumb, 0 bytes, Stack size 0 bytes, bb_rom_sym_m0.txt(ABSOLUTE))
<BR><BR>[Called By]<UL><LI><a href="#[28]">&gt;&gt;</a>&nbsp;&nbsp;&nbsp;wakeup_init1 (via Veneer)
</UL>

<P><STRONG><a name="[65]"></a>ll_hw_set_rx_timeout</STRONG> (Thumb, 0 bytes, Stack size 0 bytes, bb_rom_sym_m0.txt(ABSOLUTE))
<BR><BR>[Called By]<UL><LI><a href="#[28]">&gt;&gt;</a>&nbsp;&nbsp;&nbsp;wakeup_init1 (via Veneer)
<LI><a href="#[21]">&gt;&gt;</a>&nbsp;&nbsp;&nbsp;ll_hw_go1 (via Veneer)
<LI><a href="#[22]">&gt;&gt;</a>&nbsp;&nbsp;&nbsp;LL_IRQHandler1 (via Veneer)
</UL>

<P><STRONG><a name="[c0]"></a>ll_hw_set_rx_timeout_1st</STRONG> (Thumb, 0 bytes, Stack size 0 bytes, bb_rom_sym_m0.txt(ABSOLUTE))
<BR><BR>[Called By]<UL><LI><a href="#[28]">&gt;&gt;</a>&nbsp;&nbsp;&nbsp;wakeup_init1 (via Veneer)
</UL>

<P><STRONG><a name="[c2]"></a>ll_hw_set_timing</STRONG> (Thumb, 0 bytes, Stack size 0 bytes, bb_rom_sym_m0.txt(ABSOLUTE))
<BR><BR>[Called By]<UL><LI><a href="#[28]">&gt;&gt;</a>&nbsp;&nbsp;&nbsp;wakeup_init1 (via Veneer)
</UL>

<P><STRONG><a name="[b0]"></a>ll_hw_tx2rx_timing_config</STRONG> (Thumb, 0 bytes, Stack size 0 bytes, bb_rom_sym_m0.txt(ABSOLUTE))
<BR><BR>[Called By]<UL><LI><a href="#[34]">&gt;&gt;</a>&nbsp;&nbsp;&nbsp;rf_phy_ini (via Veneer)
</UL>

<P><STRONG><a name="[9e]"></a>ll_hw_write_tfifo</STRONG> (Thumb, 0 bytes, Stack size 0 bytes, bb_rom_sym_m0.txt(ABSOLUTE))
<BR><BR>[Called By]<UL><LI><a href="#[2c]">&gt;&gt;</a>&nbsp;&nbsp;&nbsp;ll_generateTxBuffer1 (via Veneer)
</UL>

<P><STRONG><a name="[60]"></a>ll_processBasicIRQ</STRONG> (Thumb, 0 bytes, Stack size 0 bytes, bb_rom_sym_m0.txt(ABSOLUTE))
<BR><BR>[Called By]<UL><LI><a href="#[61]">&gt;&gt;</a>&nbsp;&nbsp;&nbsp;ll_processBasicIRQ_secondaryAdvTRX (via Veneer)
<LI><a href="#[5f]">&gt;&gt;</a>&nbsp;&nbsp;&nbsp;ll_processBasicIRQ_SRX (via Veneer)
<LI><a href="#[22]">&gt;&gt;</a>&nbsp;&nbsp;&nbsp;LL_IRQHandler1 (via Veneer)
</UL>

<P><STRONG><a name="[5a]"></a>ll_processExtAdvIRQ</STRONG> (Thumb, 0 bytes, Stack size 0 bytes, bb_rom_sym_m0.txt(ABSOLUTE))
<BR><BR>[Called By]<UL><LI><a href="#[22]">&gt;&gt;</a>&nbsp;&nbsp;&nbsp;LL_IRQHandler1 (via Veneer)
</UL>

<P><STRONG><a name="[5c]"></a>ll_processExtInitIRQ</STRONG> (Thumb, 0 bytes, Stack size 0 bytes, bb_rom_sym_m0.txt(ABSOLUTE))
<BR><BR>[Called By]<UL><LI><a href="#[22]">&gt;&gt;</a>&nbsp;&nbsp;&nbsp;LL_IRQHandler1 (via Veneer)
</UL>

<P><STRONG><a name="[5b]"></a>ll_processExtScanIRQ</STRONG> (Thumb, 0 bytes, Stack size 0 bytes, bb_rom_sym_m0.txt(ABSOLUTE))
<BR><BR>[Called By]<UL><LI><a href="#[22]">&gt;&gt;</a>&nbsp;&nbsp;&nbsp;LL_IRQHandler1 (via Veneer)
</UL>

<P><STRONG><a name="[5d]"></a>ll_processPrdAdvIRQ</STRONG> (Thumb, 0 bytes, Stack size 0 bytes, bb_rom_sym_m0.txt(ABSOLUTE))
<BR><BR>[Called By]<UL><LI><a href="#[22]">&gt;&gt;</a>&nbsp;&nbsp;&nbsp;LL_IRQHandler1 (via Veneer)
</UL>

<P><STRONG><a name="[5e]"></a>ll_processPrdScanIRQ</STRONG> (Thumb, 0 bytes, Stack size 0 bytes, bb_rom_sym_m0.txt(ABSOLUTE))
<BR><BR>[Called By]<UL><LI><a href="#[22]">&gt;&gt;</a>&nbsp;&nbsp;&nbsp;LL_IRQHandler1 (via Veneer)
</UL>

<P><STRONG><a name="[62]"></a>ll_schedule_next_event</STRONG> (Thumb, 0 bytes, Stack size 0 bytes, bb_rom_sym_m0.txt(ABSOLUTE))
<BR><BR>[Called By]<UL><LI><a href="#[22]">&gt;&gt;</a>&nbsp;&nbsp;&nbsp;LL_IRQHandler1 (via Veneer)
</UL>

<P><STRONG><a name="[6c]"></a>log_printf</STRONG> (Thumb, 0 bytes, Stack size 0 bytes, bb_rom_sym_m0.txt(ABSOLUTE))
<BR><BR>[Called By]<UL><LI><a href="#[1e]">&gt;&gt;</a>&nbsp;&nbsp;&nbsp;_hard_fault (via Veneer)
</UL>

<P><STRONG><a name="[73]"></a>osal_memcmp</STRONG> (Thumb, 0 bytes, Stack size 0 bytes, bb_rom_sym_m0.txt(ABSOLUTE))
<BR><BR>[Called By]<UL><LI><a href="#[6b]">&gt;&gt;</a>&nbsp;&nbsp;&nbsp;finidv (via Veneer)
</UL>

<P><STRONG><a name="[50]"></a>osal_memcpy</STRONG> (Thumb, 0 bytes, Stack size 0 bytes, bb_rom_sym_m0.txt(ABSOLUTE))
<BR><BR>[Called By]<UL><LI><a href="#[21]">&gt;&gt;</a>&nbsp;&nbsp;&nbsp;ll_hw_go1 (via Veneer)
<LI><a href="#[4e]">&gt;&gt;</a>&nbsp;&nbsp;&nbsp;TRNG_Rand (via Veneer)
</UL>

<P><STRONG><a name="[43]"></a>osal_pwrmgr_powerconserve0</STRONG> (Thumb, 0 bytes, Stack size 0 bytes, bb_rom_sym_m0.txt(ABSOLUTE))
<BR><BR>[Called By]<UL><LI><a href="#[2f]">&gt;&gt;</a>&nbsp;&nbsp;&nbsp;osal_idle_task (via Veneer)
</UL>

<P><STRONG><a name="[c7]"></a>phy_sec_decrypt</STRONG> (Thumb, 0 bytes, Stack size 0 bytes, bb_rom_sym_m0.txt(ABSOLUTE))
<BR><BR>[Called By]<UL><LI><a href="#[c6]">&gt;&gt;</a>&nbsp;&nbsp;&nbsp;flash_load_parition (via Veneer)
</UL>

<P><STRONG><a name="[c5]"></a>phy_sec_encrypt</STRONG> (Thumb, 0 bytes, Stack size 0 bytes, bb_rom_sym_m0.txt(ABSOLUTE))
<BR><BR>[Called By]<UL><LI><a href="#[c4]">&gt;&gt;</a>&nbsp;&nbsp;&nbsp;flash_check_parition (via Veneer)
</UL>

<P><STRONG><a name="[51]"></a>read_current_fine_time</STRONG> (Thumb, 0 bytes, Stack size 0 bytes, bb_rom_sym_m0.txt(ABSOLUTE))
<BR><BR>[Called By]<UL><LI><a href="#[22]">&gt;&gt;</a>&nbsp;&nbsp;&nbsp;LL_IRQHandler1 (via Veneer)
<LI><a href="#[4e]">&gt;&gt;</a>&nbsp;&nbsp;&nbsp;TRNG_Rand (via Veneer)
</UL>

<P><STRONG><a name="[bc]"></a>rtc_get_counter</STRONG> (Thumb, 0 bytes, Stack size 0 bytes, bb_rom_sym_m0.txt(ABSOLUTE))
<BR><BR>[Called By]<UL><LI><a href="#[28]">&gt;&gt;</a>&nbsp;&nbsp;&nbsp;wakeup_init1 (via Veneer)
</UL>

<P><STRONG><a name="[4a]"></a>setSleepMode</STRONG> (Thumb, 0 bytes, Stack size 0 bytes, bb_rom_sym_m0.txt(ABSOLUTE))
<BR><BR>[Called By]<UL><LI><a href="#[48]">&gt;&gt;</a>&nbsp;&nbsp;&nbsp;init_config (via Veneer)
</UL>

<P><STRONG><a name="[a4]"></a>set_max_length</STRONG> (Thumb, 0 bytes, Stack size 0 bytes, bb_rom_sym_m0.txt(ABSOLUTE))
<BR><BR>[Called By]<UL><LI><a href="#[28]">&gt;&gt;</a>&nbsp;&nbsp;&nbsp;wakeup_init1 (via Veneer)
<LI><a href="#[21]">&gt;&gt;</a>&nbsp;&nbsp;&nbsp;ll_hw_go1 (via Veneer)
</UL>

<P><STRONG><a name="[bd]"></a>set_timer</STRONG> (Thumb, 0 bytes, Stack size 0 bytes, bb_rom_sym_m0.txt(ABSOLUTE))
<BR><BR>[Called By]<UL><LI><a href="#[28]">&gt;&gt;</a>&nbsp;&nbsp;&nbsp;wakeup_init1 (via Veneer)
</UL>

<P><STRONG><a name="[6f]"></a>spif_cmd</STRONG> (Thumb, 0 bytes, Stack size 0 bytes, bb_rom_sym_m0.txt(ABSOLUTE))
<BR><BR>[Called By]<UL><LI><a href="#[7a]">&gt;&gt;</a>&nbsp;&nbsp;&nbsp;hal_get_flash_info (via Veneer)
<LI><a href="#[6e]">&gt;&gt;</a>&nbsp;&nbsp;&nbsp;_spif_wait_nobusy_x (via Veneer)
</UL>

<P><STRONG><a name="[9b]"></a>spif_config</STRONG> (Thumb, 0 bytes, Stack size 0 bytes, bb_rom_sym_m0.txt(ABSOLUTE))
<BR><BR>[Called By]<UL><LI><a href="#[30]">&gt;&gt;</a>&nbsp;&nbsp;&nbsp;hw_spif_cache_config (via Veneer)
</UL>

<P><STRONG><a name="[77]"></a>spif_erase_sector</STRONG> (Thumb, 0 bytes, Stack size 0 bytes, bb_rom_sym_m0.txt(ABSOLUTE))
<BR><BR>[Called By]<UL><LI><a href="#[76]">&gt;&gt;</a>&nbsp;&nbsp;&nbsp;hal_flash_erase_sector (via Veneer)
</UL>

<P><STRONG><a name="[70]"></a>spif_rddata</STRONG> (Thumb, 0 bytes, Stack size 0 bytes, bb_rom_sym_m0.txt(ABSOLUTE))
<BR><BR>[Called By]<UL><LI><a href="#[7a]">&gt;&gt;</a>&nbsp;&nbsp;&nbsp;hal_get_flash_info (via Veneer)
<LI><a href="#[6e]">&gt;&gt;</a>&nbsp;&nbsp;&nbsp;_spif_wait_nobusy_x (via Veneer)
</UL>

<P><STRONG><a name="[79]"></a>spif_write_dma</STRONG> (Thumb, 0 bytes, Stack size 0 bytes, bb_rom_sym_m0.txt(ABSOLUTE))
<BR><BR>[Called By]<UL><LI><a href="#[78]">&gt;&gt;</a>&nbsp;&nbsp;&nbsp;hal_flash_write_by_dma (via Veneer)
</UL>

<P><STRONG><a name="[a2]"></a>update_tx_read_ptr</STRONG> (Thumb, 0 bytes, Stack size 0 bytes, bb_rom_sym_m0.txt(ABSOLUTE))
<BR><BR>[Called By]<UL><LI><a href="#[2c]">&gt;&gt;</a>&nbsp;&nbsp;&nbsp;ll_generateTxBuffer1 (via Veneer)
</UL>

<P><STRONG><a name="[20]"></a>__main</STRONG> (Thumb, 0 bytes, Stack size unknown bytes, entry.o(.ARM.Collect$$$$00000000))
<BR>[Address Reference Count : 1]<UL><LI> startup_armcm0.o(.text)
</UL>
<P><STRONG><a name="[cd]"></a>_main_stk</STRONG> (Thumb, 0 bytes, Stack size unknown bytes, entry2.o(.ARM.Collect$$$$00000001))

<P><STRONG><a name="[3b]"></a>_main_scatterload</STRONG> (Thumb, 0 bytes, Stack size unknown bytes, entry5.o(.ARM.Collect$$$$00000004))
<BR><BR>[Calls]<UL><LI><a href="#[3c]">&gt;&gt;</a>&nbsp;&nbsp;&nbsp;__scatterload
</UL>

<P><STRONG><a name="[3d]"></a>__main_after_scatterload</STRONG> (Thumb, 0 bytes, Stack size unknown bytes, entry5.o(.ARM.Collect$$$$00000004))
<BR><BR>[Called By]<UL><LI><a href="#[3c]">&gt;&gt;</a>&nbsp;&nbsp;&nbsp;__scatterload
</UL>

<P><STRONG><a name="[ce]"></a>_main_clock</STRONG> (Thumb, 0 bytes, Stack size unknown bytes, entry7b.o(.ARM.Collect$$$$00000008))

<P><STRONG><a name="[cf]"></a>_main_cpp_init</STRONG> (Thumb, 0 bytes, Stack size unknown bytes, entry8b.o(.ARM.Collect$$$$0000000A))

<P><STRONG><a name="[d0]"></a>_main_init</STRONG> (Thumb, 0 bytes, Stack size unknown bytes, entry9a.o(.ARM.Collect$$$$0000000B))

<P><STRONG><a name="[d1]"></a>__rt_final_cpp</STRONG> (Thumb, 0 bytes, Stack size unknown bytes, entry10a.o(.ARM.Collect$$$$0000000D))

<P><STRONG><a name="[d2]"></a>__rt_final_exit</STRONG> (Thumb, 0 bytes, Stack size unknown bytes, entry11a.o(.ARM.Collect$$$$0000000F))

<P><STRONG><a name="[35]"></a>hard_fault</STRONG> (Thumb, 40 bytes, Stack size 0 bytes, jump_table.o(.emb_text))
<BR>[Address Reference Count : 1]<UL><LI> jump_table.o(jump_table_mem_area)
</UL>
<P><STRONG><a name="[0]"></a>Reset_Handler</STRONG> (Thumb, 8 bytes, Stack size 0 bytes, startup_armcm0.o(.text))
<BR>[Address Reference Count : 1]<UL><LI> startup_armcm0.o(RESET)
</UL>
<P><STRONG><a name="[3]"></a>SVC_Handler</STRONG> (Thumb, 2 bytes, Stack size 0 bytes, startup_armcm0.o(.text))
<BR><BR>[Calls]<UL><LI><a href="#[3]">&gt;&gt;</a>&nbsp;&nbsp;&nbsp;SVC_Handler
</UL>
<BR>[Called By]<UL><LI><a href="#[3]">&gt;&gt;</a>&nbsp;&nbsp;&nbsp;SVC_Handler
</UL>
<BR>[Address Reference Count : 1]<UL><LI> startup_armcm0.o(RESET)
</UL>
<P><STRONG><a name="[5]"></a>SysTick_Handler</STRONG> (Thumb, 2 bytes, Stack size 0 bytes, startup_armcm0.o(.text))
<BR><BR>[Calls]<UL><LI><a href="#[5]">&gt;&gt;</a>&nbsp;&nbsp;&nbsp;SysTick_Handler
</UL>
<BR>[Called By]<UL><LI><a href="#[5]">&gt;&gt;</a>&nbsp;&nbsp;&nbsp;SysTick_Handler
</UL>
<BR>[Address Reference Count : 1]<UL><LI> startup_armcm0.o(RESET)
</UL>
<P><STRONG><a name="[10]"></a>AACI_IRQHandler</STRONG> (Thumb, 0 bytes, Stack size 0 bytes, startup_armcm0.o(.text))
<BR><BR>[Calls]<UL><LI><a href="#[10]">&gt;&gt;</a>&nbsp;&nbsp;&nbsp;AACI_IRQHandler
</UL>
<BR>[Called By]<UL><LI><a href="#[10]">&gt;&gt;</a>&nbsp;&nbsp;&nbsp;AACI_IRQHandler
</UL>
<BR>[Address Reference Count : 1]<UL><LI> startup_armcm0.o(RESET)
</UL>
<P><STRONG><a name="[17]"></a>CAN_IRQHandler</STRONG> (Thumb, 0 bytes, Stack size 0 bytes, startup_armcm0.o(.text))
<BR>[Address Reference Count : 1]<UL><LI> startup_armcm0.o(RESET)
</UL>
<P><STRONG><a name="[15]"></a>CHLCD_IRQHandler</STRONG> (Thumb, 0 bytes, Stack size 0 bytes, startup_armcm0.o(.text))
<BR>[Address Reference Count : 1]<UL><LI> startup_armcm0.o(RESET)
</UL>
<P><STRONG><a name="[11]"></a>CLCD_IRQHandler</STRONG> (Thumb, 0 bytes, Stack size 0 bytes, startup_armcm0.o(.text))
<BR>[Address Reference Count : 1]<UL><LI> startup_armcm0.o(RESET)
</UL>
<P><STRONG><a name="[1a]"></a>CPU_CLCD_IRQHandler</STRONG> (Thumb, 0 bytes, Stack size 0 bytes, startup_armcm0.o(.text))
<BR>[Address Reference Count : 1]<UL><LI> startup_armcm0.o(RESET)
</UL>
<P><STRONG><a name="[12]"></a>ENET_IRQHandler</STRONG> (Thumb, 0 bytes, Stack size 0 bytes, startup_armcm0.o(.text))
<BR>[Address Reference Count : 1]<UL><LI> startup_armcm0.o(RESET)
</UL>
<P><STRONG><a name="[16]"></a>FLEXRAY_IRQHandler</STRONG> (Thumb, 0 bytes, Stack size 0 bytes, startup_armcm0.o(.text))
<BR>[Address Reference Count : 1]<UL><LI> startup_armcm0.o(RESET)
</UL>
<P><STRONG><a name="[19]"></a>I2C_IRQHandler</STRONG> (Thumb, 0 bytes, Stack size 0 bytes, startup_armcm0.o(.text))
<BR>[Address Reference Count : 1]<UL><LI> startup_armcm0.o(RESET)
</UL>
<P><STRONG><a name="[18]"></a>LIN_IRQHandler</STRONG> (Thumb, 0 bytes, Stack size 0 bytes, startup_armcm0.o(.text))
<BR>[Address Reference Count : 1]<UL><LI> startup_armcm0.o(RESET)
</UL>
<P><STRONG><a name="[a]"></a>MCIA_IRQHandler</STRONG> (Thumb, 0 bytes, Stack size 0 bytes, startup_armcm0.o(.text))
<BR>[Address Reference Count : 1]<UL><LI> startup_armcm0.o(RESET)
</UL>
<P><STRONG><a name="[b]"></a>MCIB_IRQHandler</STRONG> (Thumb, 0 bytes, Stack size 0 bytes, startup_armcm0.o(.text))
<BR>[Address Reference Count : 1]<UL><LI> startup_armcm0.o(RESET)
</UL>
<P><STRONG><a name="[7]"></a>RTC_IRQHandler</STRONG> (Thumb, 0 bytes, Stack size 0 bytes, startup_armcm0.o(.text))
<BR>[Address Reference Count : 1]<UL><LI> startup_armcm0.o(RESET)
</UL>
<P><STRONG><a name="[1c]"></a>SPI_IRQHandler</STRONG> (Thumb, 0 bytes, Stack size 0 bytes, startup_armcm0.o(.text))
<BR>[Address Reference Count : 1]<UL><LI> startup_armcm0.o(RESET)
</UL>
<P><STRONG><a name="[8]"></a>TIM0_IRQHandler</STRONG> (Thumb, 0 bytes, Stack size 0 bytes, startup_armcm0.o(.text))
<BR>[Address Reference Count : 1]<UL><LI> startup_armcm0.o(RESET)
</UL>
<P><STRONG><a name="[9]"></a>TIM2_IRQHandler</STRONG> (Thumb, 0 bytes, Stack size 0 bytes, startup_armcm0.o(.text))
<BR>[Address Reference Count : 1]<UL><LI> startup_armcm0.o(RESET)
</UL>
<P><STRONG><a name="[c]"></a>UART0_IRQHandler</STRONG> (Thumb, 0 bytes, Stack size 0 bytes, startup_armcm0.o(.text))
<BR>[Address Reference Count : 1]<UL><LI> startup_armcm0.o(RESET)
</UL>
<P><STRONG><a name="[d]"></a>UART1_IRQHandler</STRONG> (Thumb, 0 bytes, Stack size 0 bytes, startup_armcm0.o(.text))
<BR>[Address Reference Count : 1]<UL><LI> startup_armcm0.o(RESET)
</UL>
<P><STRONG><a name="[e]"></a>UART2_IRQHandler</STRONG> (Thumb, 0 bytes, Stack size 0 bytes, startup_armcm0.o(.text))
<BR>[Address Reference Count : 1]<UL><LI> startup_armcm0.o(RESET)
</UL>
<P><STRONG><a name="[1b]"></a>UART3_IRQHandler</STRONG> (Thumb, 0 bytes, Stack size 0 bytes, startup_armcm0.o(.text))
<BR>[Address Reference Count : 1]<UL><LI> startup_armcm0.o(RESET)
</UL>
<P><STRONG><a name="[f]"></a>UART4_IRQHandler</STRONG> (Thumb, 0 bytes, Stack size 0 bytes, startup_armcm0.o(.text))
<BR>[Address Reference Count : 1]<UL><LI> startup_armcm0.o(RESET)
</UL>
<P><STRONG><a name="[13]"></a>USBDC_IRQHandler</STRONG> (Thumb, 0 bytes, Stack size 0 bytes, startup_armcm0.o(.text))
<BR>[Address Reference Count : 1]<UL><LI> startup_armcm0.o(RESET)
</UL>
<P><STRONG><a name="[14]"></a>USBHC_IRQHandler</STRONG> (Thumb, 0 bytes, Stack size 0 bytes, startup_armcm0.o(.text))
<BR>[Address Reference Count : 1]<UL><LI> startup_armcm0.o(RESET)
</UL>
<P><STRONG><a name="[6]"></a>WDT_IRQHandler</STRONG> (Thumb, 0 bytes, Stack size 0 bytes, startup_armcm0.o(.text))
<BR>[Address Reference Count : 1]<UL><LI> startup_armcm0.o(RESET)
</UL>
<P><STRONG><a name="[3c]"></a>__scatterload</STRONG> (Thumb, 28 bytes, Stack size 0 bytes, init.o(.text))
<BR><BR>[Calls]<UL><LI><a href="#[3d]">&gt;&gt;</a>&nbsp;&nbsp;&nbsp;__main_after_scatterload
</UL>
<BR>[Called By]<UL><LI><a href="#[3b]">&gt;&gt;</a>&nbsp;&nbsp;&nbsp;_main_scatterload
</UL>

<P><STRONG><a name="[d3]"></a>__scatterload_rt2</STRONG> (Thumb, 0 bytes, Stack size 0 bytes, init.o(.text), UNUSED)

<P><STRONG><a name="[d4]"></a>__decompress</STRONG> (Thumb, 0 bytes, Stack size unknown bytes, __dczerorl.o(.text), UNUSED)

<P><STRONG><a name="[d5]"></a>__decompress0</STRONG> (Thumb, 58 bytes, Stack size unknown bytes, __dczerorl.o(.text), UNUSED)

<P><STRONG><a name="[3a]"></a>hal_UART1_IRQHandler</STRONG> (Thumb, 52 bytes, Stack size 0 bytes, uart.o(_section_sram_code_), UNUSED, KEPT)
<BR><BR>[Stack]<UL><LI>Max Depth = 56<LI>Call Chain = hal_UART1_IRQHandler &rArr; irq_rx_handler
</UL>
<BR>[Calls]<UL><LI><a href="#[39]">&gt;&gt;</a>&nbsp;&nbsp;&nbsp;irq_tx_empty_handler
<LI><a href="#[38]">&gt;&gt;</a>&nbsp;&nbsp;&nbsp;irq_rx_handler
</UL>

<P><STRONG><a name="[36]"></a>hal_UART0_IRQHandler</STRONG> (Thumb, 52 bytes, Stack size 0 bytes, uart.o(_section_sram_code_))
<BR><BR>[Stack]<UL><LI>Max Depth = 56<LI>Call Chain = hal_UART0_IRQHandler &rArr; irq_rx_handler
</UL>
<BR>[Calls]<UL><LI><a href="#[39]">&gt;&gt;</a>&nbsp;&nbsp;&nbsp;irq_tx_empty_handler
<LI><a href="#[38]">&gt;&gt;</a>&nbsp;&nbsp;&nbsp;irq_rx_handler
</UL>
<BR>[Address Reference Count : 1]<UL><LI> jump_table.o(jump_table_mem_area)
</UL>
<P><STRONG><a name="[2f]"></a>osal_idle_task</STRONG> (Thumb, 14 bytes, Stack size 8 bytes, pwrmgr.o(_section_sram_code_))
<BR><BR>[Stack]<UL><LI>Max Depth = 8<LI>Call Chain = osal_idle_task
</UL>
<BR>[Calls]<UL><LI><a href="#[43]">&gt;&gt;</a>&nbsp;&nbsp;&nbsp;osal_pwrmgr_powerconserve0 (via Veneer)
</UL>
<BR>[Address Reference Count : 1]<UL><LI> pwrmgr.o(i.hal_pwrmgr_init)
</UL>
<P><STRONG><a name="[44]"></a>hal_pwrmgr_enter_sleep_rtc_reset</STRONG> (Thumb, 46 bytes, Stack size 0 bytes, pwrmgr.o(_section_sram_code_), UNUSED)
<BR><BR>[Calls]<UL><LI><a href="#[40]">&gt;&gt;</a>&nbsp;&nbsp;&nbsp;drv_disable_irq (via Veneer)
<LI><a href="#[47]">&gt;&gt;</a>&nbsp;&nbsp;&nbsp;enter_sleep_off_mode (via Veneer)
<LI><a href="#[45]">&gt;&gt;</a>&nbsp;&nbsp;&nbsp;config_RTC (via Veneer)
<LI><a href="#[46]">&gt;&gt;</a>&nbsp;&nbsp;&nbsp;hal_pwrmgr_RAM_retention_clr
</UL>

<P><STRONG><a name="[48]"></a>init_config</STRONG> (Thumb, 542 bytes, Stack size 24 bytes, patch.o(_section_xip_code_))
<BR><BR>[Stack]<UL><LI>Max Depth = 24<LI>Call Chain = init_config
</UL>
<BR>[Calls]<UL><LI><a href="#[49]">&gt;&gt;</a>&nbsp;&nbsp;&nbsp;enableSleep (via Veneer)
<LI><a href="#[4a]">&gt;&gt;</a>&nbsp;&nbsp;&nbsp;setSleepMode (via Veneer)
</UL>
<BR>[Called By]<UL><LI><a href="#[1d]">&gt;&gt;</a>&nbsp;&nbsp;&nbsp;main
</UL>

<P><STRONG><a name="[4d]"></a>TRNG_INIT</STRONG> (Thumb, 34 bytes, Stack size 8 bytes, patch.o(_section_xip_code_), UNUSED)
<BR><BR>[Calls]<UL><LI><a href="#[4b]">&gt;&gt;</a>&nbsp;&nbsp;&nbsp;TRNG_Output
</UL>
<BR>[Called By]<UL><LI><a href="#[4e]">&gt;&gt;</a>&nbsp;&nbsp;&nbsp;TRNG_Rand
</UL>

<P><STRONG><a name="[4e]"></a>TRNG_Rand</STRONG> (Thumb, 152 bytes, Stack size 64 bytes, patch.o(_section_xip_code_), UNUSED)
<BR><BR>[Calls]<UL><LI><a href="#[4f]">&gt;&gt;</a>&nbsp;&nbsp;&nbsp;LL_ENC_AES128_Encrypt (via Veneer)
<LI><a href="#[50]">&gt;&gt;</a>&nbsp;&nbsp;&nbsp;osal_memcpy (via Veneer)
<LI><a href="#[4d]">&gt;&gt;</a>&nbsp;&nbsp;&nbsp;TRNG_INIT
<LI><a href="#[51]">&gt;&gt;</a>&nbsp;&nbsp;&nbsp;read_current_fine_time (via Veneer)
</UL>

<P><STRONG><a name="[25]"></a>LL_ENC_AES128_Encrypt1</STRONG> (Thumb, 26 bytes, Stack size 16 bytes, patch.o(i.LL_ENC_AES128_Encrypt1))
<BR><BR>[Stack]<UL><LI>Max Depth = 16<LI>Call Chain = LL_ENC_AES128_Encrypt1
</UL>
<BR>[Calls]<UL><LI><a href="#[52]">&gt;&gt;</a>&nbsp;&nbsp;&nbsp;LL_ENC_AES128_Encrypt0 (via Veneer)
</UL>
<BR>[Address Reference Count : 1]<UL><LI> patch.o(_section_xip_code_)
</UL>
<P><STRONG><a name="[27]"></a>LL_ENC_Decrypt1</STRONG> (Thumb, 364 bytes, Stack size 40 bytes, patch.o(i.LL_ENC_Decrypt1))
<BR><BR>[Stack]<UL><LI>Max Depth = 40<LI>Call Chain = LL_ENC_Decrypt1
</UL>
<BR>[Calls]<UL><LI><a href="#[53]">&gt;&gt;</a>&nbsp;&nbsp;&nbsp;LL_ENC_LoadKey (via Veneer)
<LI><a href="#[54]">&gt;&gt;</a>&nbsp;&nbsp;&nbsp;LL_ENC_GenerateNonce (via Veneer)
<LI><a href="#[55]">&gt;&gt;</a>&nbsp;&nbsp;&nbsp;__aeabi_uread4 (via Veneer)
</UL>
<BR>[Address Reference Count : 1]<UL><LI> patch.o(_section_xip_code_)
</UL>
<P><STRONG><a name="[26]"></a>LL_ENC_Encrypt1</STRONG> (Thumb, 342 bytes, Stack size 40 bytes, patch.o(i.LL_ENC_Encrypt1))
<BR><BR>[Stack]<UL><LI>Max Depth = 40<LI>Call Chain = LL_ENC_Encrypt1
</UL>
<BR>[Calls]<UL><LI><a href="#[53]">&gt;&gt;</a>&nbsp;&nbsp;&nbsp;LL_ENC_LoadKey (via Veneer)
<LI><a href="#[54]">&gt;&gt;</a>&nbsp;&nbsp;&nbsp;LL_ENC_GenerateNonce (via Veneer)
<LI><a href="#[55]">&gt;&gt;</a>&nbsp;&nbsp;&nbsp;__aeabi_uread4 (via Veneer)
</UL>
<BR>[Address Reference Count : 1]<UL><LI> patch.o(_section_xip_code_)
</UL>
<P><STRONG><a name="[22]"></a>LL_IRQHandler1</STRONG> (Thumb, 298 bytes, Stack size 24 bytes, patch.o(i.LL_IRQHandler1))
<BR><BR>[Stack]<UL><LI>Max Depth = 32<LI>Call Chain = LL_IRQHandler1 &rArr; ll_processBasicIRQ_secondaryAdvTRX
</UL>
<BR>[Calls]<UL><LI><a href="#[61]">&gt;&gt;</a>&nbsp;&nbsp;&nbsp;ll_processBasicIRQ_secondaryAdvTRX
<LI><a href="#[5f]">&gt;&gt;</a>&nbsp;&nbsp;&nbsp;ll_processBasicIRQ_SRX
<LI><a href="#[51]">&gt;&gt;</a>&nbsp;&nbsp;&nbsp;read_current_fine_time (via Veneer)
<LI><a href="#[62]">&gt;&gt;</a>&nbsp;&nbsp;&nbsp;ll_schedule_next_event (via Veneer)
<LI><a href="#[5e]">&gt;&gt;</a>&nbsp;&nbsp;&nbsp;ll_processPrdScanIRQ (via Veneer)
<LI><a href="#[5d]">&gt;&gt;</a>&nbsp;&nbsp;&nbsp;ll_processPrdAdvIRQ (via Veneer)
<LI><a href="#[5b]">&gt;&gt;</a>&nbsp;&nbsp;&nbsp;ll_processExtScanIRQ (via Veneer)
<LI><a href="#[5c]">&gt;&gt;</a>&nbsp;&nbsp;&nbsp;ll_processExtInitIRQ (via Veneer)
<LI><a href="#[5a]">&gt;&gt;</a>&nbsp;&nbsp;&nbsp;ll_processExtAdvIRQ (via Veneer)
<LI><a href="#[60]">&gt;&gt;</a>&nbsp;&nbsp;&nbsp;ll_processBasicIRQ (via Veneer)
<LI><a href="#[65]">&gt;&gt;</a>&nbsp;&nbsp;&nbsp;ll_hw_set_rx_timeout (via Veneer)
<LI><a href="#[58]">&gt;&gt;</a>&nbsp;&nbsp;&nbsp;ll_hw_get_tr_mode (via Veneer)
<LI><a href="#[57]">&gt;&gt;</a>&nbsp;&nbsp;&nbsp;ll_hw_get_irq_status (via Veneer)
<LI><a href="#[59]">&gt;&gt;</a>&nbsp;&nbsp;&nbsp;ll_hw_clr_irq (via Veneer)
<LI><a href="#[56]">&gt;&gt;</a>&nbsp;&nbsp;&nbsp;ll_debug_output (via Veneer)
<LI><a href="#[66]">&gt;&gt;</a>&nbsp;&nbsp;&nbsp;llSetupSecScan (via Veneer)
<LI><a href="#[67]">&gt;&gt;</a>&nbsp;&nbsp;&nbsp;llSetupSecInit (via Veneer)
<LI><a href="#[64]">&gt;&gt;</a>&nbsp;&nbsp;&nbsp;llSetupSecAdvEvt (via Veneer)
<LI><a href="#[63]">&gt;&gt;</a>&nbsp;&nbsp;&nbsp;llSecAdvAllow (via Veneer)
</UL>
<BR>[Address Reference Count : 1]<UL><LI> patch.o(_section_xip_code_)
</UL>
<P><STRONG><a name="[2a]"></a>LL_SetDataLengh1</STRONG> (Thumb, 40 bytes, Stack size 8 bytes, patch.o(i.LL_SetDataLengh1))
<BR><BR>[Stack]<UL><LI>Max Depth = 8<LI>Call Chain = LL_SetDataLengh1
</UL>
<BR>[Calls]<UL><LI><a href="#[68]">&gt;&gt;</a>&nbsp;&nbsp;&nbsp;LL_SetDataLengh0 (via Veneer)
</UL>
<BR>[Address Reference Count : 1]<UL><LI> patch.o(_section_xip_code_)
</UL>
<P><STRONG><a name="[1f]"></a>SystemInit</STRONG> (Thumb, 8 bytes, Stack size 0 bytes, system_armcm0.o(i.SystemInit))
<BR>[Address Reference Count : 1]<UL><LI> startup_armcm0.o(.text)
</UL>
<P><STRONG><a name="[d6]"></a>__scatterload_copy</STRONG> (Thumb, 14 bytes, Stack size unknown bytes, handlers.o(i.__scatterload_copy), UNUSED)

<P><STRONG><a name="[d7]"></a>__scatterload_null</STRONG> (Thumb, 2 bytes, Stack size unknown bytes, handlers.o(i.__scatterload_null), UNUSED)

<P><STRONG><a name="[d8]"></a>__scatterload_zeroinit</STRONG> (Thumb, 14 bytes, Stack size unknown bytes, handlers.o(i.__scatterload_zeroinit), UNUSED)

<P><STRONG><a name="[69]"></a>_efuse_chip_version_check</STRONG> (Thumb, 26 bytes, Stack size 16 bytes, phy_sec_ext.o(i._efuse_chip_version_check))
<BR><BR>[Stack]<UL><LI>Max Depth = 72<LI>Call Chain = _efuse_chip_version_check &rArr; finidv
</UL>
<BR>[Calls]<UL><LI><a href="#[6a]">&gt;&gt;</a>&nbsp;&nbsp;&nbsp;efuse_read (via Veneer)
<LI><a href="#[6b]">&gt;&gt;</a>&nbsp;&nbsp;&nbsp;finidv
</UL>
<BR>[Called By]<UL><LI><a href="#[6d]">&gt;&gt;</a>&nbsp;&nbsp;&nbsp;_rom_sec_boot_init
</UL>

<P><STRONG><a name="[1e]"></a>_hard_fault</STRONG> (Thumb, 166 bytes, Stack size 0 bytes, jump_table.o(i._hard_fault))
<BR><BR>[Calls]<UL><LI><a href="#[6c]">&gt;&gt;</a>&nbsp;&nbsp;&nbsp;log_printf (via Veneer)
</UL>
<BR>[Address Reference Count : 1]<UL><LI> jump_table.o(.emb_text)
</UL>
<P><STRONG><a name="[6d]"></a>_rom_sec_boot_init</STRONG> (Thumb, 18 bytes, Stack size 8 bytes, phy_sec_ext.o(i._rom_sec_boot_init))
<BR><BR>[Stack]<UL><LI>Max Depth = 80<LI>Call Chain = _rom_sec_boot_init &rArr; _efuse_chip_version_check &rArr; finidv
</UL>
<BR>[Calls]<UL><LI><a href="#[69]">&gt;&gt;</a>&nbsp;&nbsp;&nbsp;_efuse_chip_version_check
</UL>
<BR>[Called By]<UL><LI><a href="#[96]">&gt;&gt;</a>&nbsp;&nbsp;&nbsp;hal_rom_boot_init
</UL>

<P><STRONG><a name="[6b]"></a>finidv</STRONG> (Thumb, 126 bytes, Stack size 56 bytes, phy_sec_ext.o(i.finidv))
<BR><BR>[Stack]<UL><LI>Max Depth = 56<LI>Call Chain = finidv
</UL>
<BR>[Calls]<UL><LI><a href="#[6a]">&gt;&gt;</a>&nbsp;&nbsp;&nbsp;efuse_read (via Veneer)
<LI><a href="#[52]">&gt;&gt;</a>&nbsp;&nbsp;&nbsp;LL_ENC_AES128_Encrypt0 (via Veneer)
<LI><a href="#[73]">&gt;&gt;</a>&nbsp;&nbsp;&nbsp;osal_memcmp (via Veneer)
</UL>
<BR>[Called By]<UL><LI><a href="#[c8]">&gt;&gt;</a>&nbsp;&nbsp;&nbsp;is_crypto_app
<LI><a href="#[69]">&gt;&gt;</a>&nbsp;&nbsp;&nbsp;_efuse_chip_version_check
</UL>

<P><STRONG><a name="[37]"></a>hal_GPIO_IRQHandler</STRONG> (Thumb, 20 bytes, Stack size 8 bytes, gpio.o(i.hal_GPIO_IRQHandler), UNUSED, KEPT)
<BR><BR>[Stack]<UL><LI>Max Depth = 48<LI>Call Chain = hal_GPIO_IRQHandler &rArr; hal_gpioin_event &rArr; hal_gpio_interrupt_enable
</UL>
<BR>[Calls]<UL><LI><a href="#[74]">&gt;&gt;</a>&nbsp;&nbsp;&nbsp;hal_gpioin_event
</UL>

<P><STRONG><a name="[9c]"></a>hal_clk_gate_enable</STRONG> (Thumb, 52 bytes, Stack size 0 bytes, clock.o(i.hal_clk_gate_enable))
<BR><BR>[Called By]<UL><LI><a href="#[30]">&gt;&gt;</a>&nbsp;&nbsp;&nbsp;hw_spif_cache_config
</UL>

<P><STRONG><a name="[76]"></a>hal_flash_erase_sector</STRONG> (Thumb, 172 bytes, Stack size 40 bytes, flash.o(i.hal_flash_erase_sector))
<BR><BR>[Stack]<UL><LI>Max Depth = 80<LI>Call Chain = hal_flash_erase_sector &rArr; _spif_wait_nobusy_x
</UL>
<BR>[Calls]<UL><LI><a href="#[41]">&gt;&gt;</a>&nbsp;&nbsp;&nbsp;drv_enable_irq (via Veneer)
<LI><a href="#[40]">&gt;&gt;</a>&nbsp;&nbsp;&nbsp;drv_disable_irq (via Veneer)
<LI><a href="#[77]">&gt;&gt;</a>&nbsp;&nbsp;&nbsp;spif_erase_sector (via Veneer)
<LI><a href="#[75]">&gt;&gt;</a>&nbsp;&nbsp;&nbsp;hal_cache_tag_flush
<LI><a href="#[6e]">&gt;&gt;</a>&nbsp;&nbsp;&nbsp;_spif_wait_nobusy_x
<LI><a href="#[42]">&gt;&gt;</a>&nbsp;&nbsp;&nbsp;spif_unlock
<LI><a href="#[3f]">&gt;&gt;</a>&nbsp;&nbsp;&nbsp;spif_lock
</UL>
<BR>[Called By]<UL><LI><a href="#[b7]">&gt;&gt;</a>&nbsp;&nbsp;&nbsp;slb_spif_erase
<LI><a href="#[a8]">&gt;&gt;</a>&nbsp;&nbsp;&nbsp;ota_flash_erase
</UL>

<P><STRONG><a name="[78]"></a>hal_flash_write_by_dma</STRONG> (Thumb, 160 bytes, Stack size 48 bytes, flash.o(i.hal_flash_write_by_dma))
<BR><BR>[Stack]<UL><LI>Max Depth = 88<LI>Call Chain = hal_flash_write_by_dma &rArr; _spif_wait_nobusy_x
</UL>
<BR>[Calls]<UL><LI><a href="#[41]">&gt;&gt;</a>&nbsp;&nbsp;&nbsp;drv_enable_irq (via Veneer)
<LI><a href="#[40]">&gt;&gt;</a>&nbsp;&nbsp;&nbsp;drv_disable_irq (via Veneer)
<LI><a href="#[79]">&gt;&gt;</a>&nbsp;&nbsp;&nbsp;spif_write_dma (via Veneer)
<LI><a href="#[6e]">&gt;&gt;</a>&nbsp;&nbsp;&nbsp;_spif_wait_nobusy_x
<LI><a href="#[42]">&gt;&gt;</a>&nbsp;&nbsp;&nbsp;spif_unlock
<LI><a href="#[3f]">&gt;&gt;</a>&nbsp;&nbsp;&nbsp;spif_lock
</UL>
<BR>[Called By]<UL><LI><a href="#[b6]">&gt;&gt;</a>&nbsp;&nbsp;&nbsp;slb_spif_write
</UL>

<P><STRONG><a name="[7a]"></a>hal_get_flash_info</STRONG> (Thumb, 180 bytes, Stack size 56 bytes, flash.o(i.hal_get_flash_info))
<BR><BR>[Stack]<UL><LI>Max Depth = 96<LI>Call Chain = hal_get_flash_info &rArr; _spif_wait_nobusy_x
</UL>
<BR>[Calls]<UL><LI><a href="#[70]">&gt;&gt;</a>&nbsp;&nbsp;&nbsp;spif_rddata (via Veneer)
<LI><a href="#[6f]">&gt;&gt;</a>&nbsp;&nbsp;&nbsp;spif_cmd (via Veneer)
<LI><a href="#[6e]">&gt;&gt;</a>&nbsp;&nbsp;&nbsp;_spif_wait_nobusy_x
<LI><a href="#[42]">&gt;&gt;</a>&nbsp;&nbsp;&nbsp;spif_unlock
<LI><a href="#[3f]">&gt;&gt;</a>&nbsp;&nbsp;&nbsp;spif_lock
</UL>
<BR>[Called By]<UL><LI><a href="#[30]">&gt;&gt;</a>&nbsp;&nbsp;&nbsp;hw_spif_cache_config
</UL>

<P><STRONG><a name="[7b]"></a>hal_gpio_cfg_analog_io</STRONG> (Thumb, 44 bytes, Stack size 12 bytes, gpio.o(i.hal_gpio_cfg_analog_io))
<BR><BR>[Stack]<UL><LI>Max Depth = 28<LI>Call Chain = hal_gpio_cfg_analog_io &rArr; hal_gpio_pull_set
</UL>
<BR>[Calls]<UL><LI><a href="#[7c]">&gt;&gt;</a>&nbsp;&nbsp;&nbsp;hal_gpio_pull_set
</UL>
<BR>[Called By]<UL><LI><a href="#[82]">&gt;&gt;</a>&nbsp;&nbsp;&nbsp;hal_gpio_pin_init
</UL>

<P><STRONG><a name="[83]"></a>hal_gpio_fmux</STRONG> (Thumb, 22 bytes, Stack size 0 bytes, gpio.o(i.hal_gpio_fmux))
<BR><BR>[Called By]<UL><LI><a href="#[82]">&gt;&gt;</a>&nbsp;&nbsp;&nbsp;hal_gpio_pin_init
</UL>

<P><STRONG><a name="[7d]"></a>hal_gpio_init</STRONG> (Thumb, 70 bytes, Stack size 8 bytes, gpio.o(i.hal_gpio_init))
<BR><BR>[Stack]<UL><LI>Max Depth = 20<LI>Call Chain = hal_gpio_init &rArr; hal_pwrmgr_register
</UL>
<BR>[Calls]<UL><LI><a href="#[81]">&gt;&gt;</a>&nbsp;&nbsp;&nbsp;hal_pwrmgr_register
<LI><a href="#[7e]">&gt;&gt;</a>&nbsp;&nbsp;&nbsp;__aeabi_memclr4 (via Veneer)
<LI><a href="#[7f]">&gt;&gt;</a>&nbsp;&nbsp;&nbsp;__NVIC_SetPriority
<LI><a href="#[80]">&gt;&gt;</a>&nbsp;&nbsp;&nbsp;__NVIC_EnableIRQ
</UL>
<BR>[Called By]<UL><LI><a href="#[1d]">&gt;&gt;</a>&nbsp;&nbsp;&nbsp;main
</UL>

<P><STRONG><a name="[84]"></a>hal_gpio_pin2pin3_control</STRONG> (Thumb, 24 bytes, Stack size 0 bytes, gpio.o(i.hal_gpio_pin2pin3_control))
<BR><BR>[Called By]<UL><LI><a href="#[82]">&gt;&gt;</a>&nbsp;&nbsp;&nbsp;hal_gpio_pin_init
<LI><a href="#[2d]">&gt;&gt;</a>&nbsp;&nbsp;&nbsp;hal_gpio_wakeup_handler
</UL>

<P><STRONG><a name="[82]"></a>hal_gpio_pin_init</STRONG> (Thumb, 88 bytes, Stack size 16 bytes, gpio.o(i.hal_gpio_pin_init))
<BR><BR>[Stack]<UL><LI>Max Depth = 44<LI>Call Chain = hal_gpio_pin_init &rArr; hal_gpio_cfg_analog_io &rArr; hal_gpio_pull_set
</UL>
<BR>[Calls]<UL><LI><a href="#[84]">&gt;&gt;</a>&nbsp;&nbsp;&nbsp;hal_gpio_pin2pin3_control
<LI><a href="#[83]">&gt;&gt;</a>&nbsp;&nbsp;&nbsp;hal_gpio_fmux
<LI><a href="#[7b]">&gt;&gt;</a>&nbsp;&nbsp;&nbsp;hal_gpio_cfg_analog_io
</UL>
<BR>[Called By]<UL><LI><a href="#[89]">&gt;&gt;</a>&nbsp;&nbsp;&nbsp;hal_gpioin_enable
<LI><a href="#[88]">&gt;&gt;</a>&nbsp;&nbsp;&nbsp;hal_gpio_write
</UL>

<P><STRONG><a name="[7c]"></a>hal_gpio_pull_set</STRONG> (Thumb, 60 bytes, Stack size 16 bytes, gpio.o(i.hal_gpio_pull_set))
<BR><BR>[Stack]<UL><LI>Max Depth = 16<LI>Call Chain = hal_gpio_pull_set
</UL>
<BR>[Called By]<UL><LI><a href="#[7b]">&gt;&gt;</a>&nbsp;&nbsp;&nbsp;hal_gpio_cfg_analog_io
<LI><a href="#[99]">&gt;&gt;</a>&nbsp;&nbsp;&nbsp;hal_rtc_clock_config
<LI><a href="#[8d]">&gt;&gt;</a>&nbsp;&nbsp;&nbsp;hal_low_power_io_init
</UL>

<P><STRONG><a name="[86]"></a>hal_gpio_read</STRONG> (Thumb, 30 bytes, Stack size 0 bytes, gpio.o(i.hal_gpio_read))
<BR><BR>[Called By]<UL><LI><a href="#[89]">&gt;&gt;</a>&nbsp;&nbsp;&nbsp;hal_gpioin_enable
<LI><a href="#[2d]">&gt;&gt;</a>&nbsp;&nbsp;&nbsp;hal_gpio_wakeup_handler
<LI><a href="#[2e]">&gt;&gt;</a>&nbsp;&nbsp;&nbsp;hal_gpio_sleep_handler
</UL>

<P><STRONG><a name="[87]"></a>hal_gpio_wakeup_set</STRONG> (Thumb, 104 bytes, Stack size 24 bytes, gpio.o(i.hal_gpio_wakeup_set))
<BR><BR>[Stack]<UL><LI>Max Depth = 32<LI>Call Chain = hal_gpio_wakeup_set &rArr; hal_gpio_wakeup_control
</UL>
<BR>[Calls]<UL><LI><a href="#[8b]">&gt;&gt;</a>&nbsp;&nbsp;&nbsp;hal_gpio_wakeup_control
</UL>
<BR>[Called By]<UL><LI><a href="#[2e]">&gt;&gt;</a>&nbsp;&nbsp;&nbsp;hal_gpio_sleep_handler
</UL>

<P><STRONG><a name="[88]"></a>hal_gpio_write</STRONG> (Thumb, 30 bytes, Stack size 4 bytes, gpio.o(i.hal_gpio_write))
<BR><BR>[Stack]<UL><LI>Max Depth = 48<LI>Call Chain = hal_gpio_write &rArr; hal_gpio_pin_init &rArr; hal_gpio_cfg_analog_io &rArr; hal_gpio_pull_set
</UL>
<BR>[Calls]<UL><LI><a href="#[82]">&gt;&gt;</a>&nbsp;&nbsp;&nbsp;hal_gpio_pin_init
</UL>
<BR>[Called By]<UL><LI><a href="#[2d]">&gt;&gt;</a>&nbsp;&nbsp;&nbsp;hal_gpio_wakeup_handler
</UL>

<P><STRONG><a name="[89]"></a>hal_gpioin_enable</STRONG> (Thumb, 94 bytes, Stack size 16 bytes, gpio.o(i.hal_gpioin_enable))
<BR><BR>[Stack]<UL><LI>Max Depth = 60<LI>Call Chain = hal_gpioin_enable &rArr; hal_gpio_pin_init &rArr; hal_gpio_cfg_analog_io &rArr; hal_gpio_pull_set
</UL>
<BR>[Calls]<UL><LI><a href="#[86]">&gt;&gt;</a>&nbsp;&nbsp;&nbsp;hal_gpio_read
<LI><a href="#[82]">&gt;&gt;</a>&nbsp;&nbsp;&nbsp;hal_gpio_pin_init
<LI><a href="#[8c]">&gt;&gt;</a>&nbsp;&nbsp;&nbsp;hal_gpio_interrupt_enable
</UL>
<BR>[Called By]<UL><LI><a href="#[2d]">&gt;&gt;</a>&nbsp;&nbsp;&nbsp;hal_gpio_wakeup_handler
</UL>

<P><STRONG><a name="[91]"></a>hal_pwrmgr_LowCurrentLdo_enable</STRONG> (Thumb, 4 bytes, Stack size 0 bytes, pwrmgr.o(i.hal_pwrmgr_LowCurrentLdo_enable))
<BR><BR>[Called By]<UL><LI><a href="#[8d]">&gt;&gt;</a>&nbsp;&nbsp;&nbsp;hal_low_power_io_init
</UL>

<P><STRONG><a name="[8f]"></a>hal_pwrmgr_RAM_retention</STRONG> (Thumb, 20 bytes, Stack size 0 bytes, pwrmgr.o(i.hal_pwrmgr_RAM_retention))
<BR><BR>[Called By]<UL><LI><a href="#[8d]">&gt;&gt;</a>&nbsp;&nbsp;&nbsp;hal_low_power_io_init
</UL>

<P><STRONG><a name="[46]"></a>hal_pwrmgr_RAM_retention_clr</STRONG> (Thumb, 16 bytes, Stack size 0 bytes, pwrmgr.o(i.hal_pwrmgr_RAM_retention_clr), UNUSED)
<BR><BR>[Called By]<UL><LI><a href="#[44]">&gt;&gt;</a>&nbsp;&nbsp;&nbsp;hal_pwrmgr_enter_sleep_rtc_reset
</UL>

<P><STRONG><a name="[90]"></a>hal_pwrmgr_RAM_retention_set</STRONG> (Thumb, 24 bytes, Stack size 0 bytes, pwrmgr.o(i.hal_pwrmgr_RAM_retention_set))
<BR><BR>[Called By]<UL><LI><a href="#[32]">&gt;&gt;</a>&nbsp;&nbsp;&nbsp;hal_pwrmgr_sleep_process
<LI><a href="#[8d]">&gt;&gt;</a>&nbsp;&nbsp;&nbsp;hal_low_power_io_init
</UL>

<P><STRONG><a name="[92]"></a>hal_pwrmgr_init</STRONG> (Thumb, 54 bytes, Stack size 8 bytes, pwrmgr.o(i.hal_pwrmgr_init))
<BR><BR>[Stack]<UL><LI>Max Depth = 8<LI>Call Chain = hal_pwrmgr_init
</UL>
<BR>[Calls]<UL><LI><a href="#[7e]">&gt;&gt;</a>&nbsp;&nbsp;&nbsp;__aeabi_memclr4 (via Veneer)
<LI><a href="#[49]">&gt;&gt;</a>&nbsp;&nbsp;&nbsp;enableSleep (via Veneer)
<LI><a href="#[93]">&gt;&gt;</a>&nbsp;&nbsp;&nbsp;disableSleep (via Veneer)
</UL>
<BR>[Called By]<UL><LI><a href="#[1d]">&gt;&gt;</a>&nbsp;&nbsp;&nbsp;main
</UL>

<P><STRONG><a name="[81]"></a>hal_pwrmgr_register</STRONG> (Thumb, 56 bytes, Stack size 12 bytes, pwrmgr.o(i.hal_pwrmgr_register))
<BR><BR>[Stack]<UL><LI>Max Depth = 12<LI>Call Chain = hal_pwrmgr_register
</UL>
<BR>[Called By]<UL><LI><a href="#[9a]">&gt;&gt;</a>&nbsp;&nbsp;&nbsp;hal_spif_cache_init
<LI><a href="#[7d]">&gt;&gt;</a>&nbsp;&nbsp;&nbsp;hal_gpio_init
</UL>

<P><STRONG><a name="[32]"></a>hal_pwrmgr_sleep_process</STRONG> (Thumb, 42 bytes, Stack size 16 bytes, pwrmgr.o(i.hal_pwrmgr_sleep_process))
<BR><BR>[Stack]<UL><LI>Max Depth = 16<LI>Call Chain = hal_pwrmgr_sleep_process
</UL>
<BR>[Calls]<UL><LI><a href="#[90]">&gt;&gt;</a>&nbsp;&nbsp;&nbsp;hal_pwrmgr_RAM_retention_set
</UL>
<BR>[Address Reference Count : 1]<UL><LI> jump_table.o(jump_table_mem_area)
</UL>
<P><STRONG><a name="[3e]"></a>hal_pwrmgr_unlock</STRONG> (Thumb, 94 bytes, Stack size 16 bytes, pwrmgr.o(i.hal_pwrmgr_unlock))
<BR><BR>[Stack]<UL><LI>Max Depth = 16<LI>Call Chain = hal_pwrmgr_unlock
</UL>
<BR>[Calls]<UL><LI><a href="#[41]">&gt;&gt;</a>&nbsp;&nbsp;&nbsp;drv_enable_irq (via Veneer)
<LI><a href="#[40]">&gt;&gt;</a>&nbsp;&nbsp;&nbsp;drv_disable_irq (via Veneer)
<LI><a href="#[49]">&gt;&gt;</a>&nbsp;&nbsp;&nbsp;enableSleep (via Veneer)
<LI><a href="#[93]">&gt;&gt;</a>&nbsp;&nbsp;&nbsp;disableSleep (via Veneer)
</UL>
<BR>[Called By]<UL><LI><a href="#[39]">&gt;&gt;</a>&nbsp;&nbsp;&nbsp;irq_tx_empty_handler
</UL>

<P><STRONG><a name="[33]"></a>hal_pwrmgr_wakeup_process</STRONG> (Thumb, 102 bytes, Stack size 16 bytes, pwrmgr.o(i.hal_pwrmgr_wakeup_process))
<BR><BR>[Stack]<UL><LI>Max Depth = 16<LI>Call Chain = hal_pwrmgr_wakeup_process
</UL>
<BR>[Calls]<UL><LI><a href="#[94]">&gt;&gt;</a>&nbsp;&nbsp;&nbsp;__NVIC_SetPriority
</UL>
<BR>[Address Reference Count : 1]<UL><LI> jump_table.o(jump_table_mem_area)
</UL>
<P><STRONG><a name="[96]"></a>hal_rom_boot_init</STRONG> (Thumb, 8 bytes, Stack size 8 bytes, patch.o(i.hal_rom_boot_init))
<BR><BR>[Stack]<UL><LI>Max Depth = 88<LI>Call Chain = hal_rom_boot_init &rArr; _rom_sec_boot_init &rArr; _efuse_chip_version_check &rArr; finidv
</UL>
<BR>[Calls]<UL><LI><a href="#[6d]">&gt;&gt;</a>&nbsp;&nbsp;&nbsp;_rom_sec_boot_init
</UL>
<BR>[Called By]<UL><LI><a href="#[95]">&gt;&gt;</a>&nbsp;&nbsp;&nbsp;hal_rfphy_init
</UL>

<P><STRONG><a name="[99]"></a>hal_rtc_clock_config</STRONG> (Thumb, 118 bytes, Stack size 16 bytes, clock.o(i.hal_rtc_clock_config))
<BR><BR>[Stack]<UL><LI>Max Depth = 32<LI>Call Chain = hal_rtc_clock_config &rArr; hal_gpio_pull_set
</UL>
<BR>[Calls]<UL><LI><a href="#[7c]">&gt;&gt;</a>&nbsp;&nbsp;&nbsp;hal_gpio_pull_set
</UL>
<BR>[Called By]<UL><LI><a href="#[1d]">&gt;&gt;</a>&nbsp;&nbsp;&nbsp;main
</UL>

<P><STRONG><a name="[9a]"></a>hal_spif_cache_init</STRONG> (Thumb, 26 bytes, Stack size 8 bytes, flash.o(i.hal_spif_cache_init))
<BR><BR>[Stack]<UL><LI>Max Depth = 128<LI>Call Chain = hal_spif_cache_init &rArr; hw_spif_cache_config &rArr; hal_get_flash_info &rArr; _spif_wait_nobusy_x
</UL>
<BR>[Calls]<UL><LI><a href="#[81]">&gt;&gt;</a>&nbsp;&nbsp;&nbsp;hal_pwrmgr_register
<LI><a href="#[30]">&gt;&gt;</a>&nbsp;&nbsp;&nbsp;hw_spif_cache_config
</UL>
<BR>[Called By]<UL><LI><a href="#[1d]">&gt;&gt;</a>&nbsp;&nbsp;&nbsp;main
</UL>

<P><STRONG><a name="[cb]"></a>hal_system_soft_reset</STRONG> (Thumb, 28 bytes, Stack size 0 bytes, clock.o(i.hal_system_soft_reset))
<BR><BR>[Called By]<UL><LI><a href="#[c9]">&gt;&gt;</a>&nbsp;&nbsp;&nbsp;ota_flash_load_app
</UL>

<P><STRONG><a name="[29]"></a>l2capPocessFragmentTxData</STRONG> (Thumb, 2 bytes, Stack size 0 bytes, patch.o(i.l2capPocessFragmentTxData))
<BR>[Address Reference Count : 1]<UL><LI> patch.o(_section_xip_code_)
</UL>
<P><STRONG><a name="[2b]"></a>llProcessTxData1</STRONG> (Thumb, 12 bytes, Stack size 8 bytes, patch.o(i.llProcessTxData1))
<BR><BR>[Stack]<UL><LI>Max Depth = 8<LI>Call Chain = llProcessTxData1
</UL>
<BR>[Calls]<UL><LI><a href="#[9d]">&gt;&gt;</a>&nbsp;&nbsp;&nbsp;llProcessTxData0 (via Veneer)
</UL>
<BR>[Address Reference Count : 1]<UL><LI> patch.o(_section_xip_code_)
</UL>
<P><STRONG><a name="[2c]"></a>ll_generateTxBuffer1</STRONG> (Thumb, 410 bytes, Stack size 40 bytes, patch.o(i.ll_generateTxBuffer1))
<BR><BR>[Stack]<UL><LI>Max Depth = 40<LI>Call Chain = ll_generateTxBuffer1
</UL>
<BR>[Calls]<UL><LI><a href="#[a3]">&gt;&gt;</a>&nbsp;&nbsp;&nbsp;llEnqueueCtrlPkt (via Veneer)
<LI><a href="#[a1]">&gt;&gt;</a>&nbsp;&nbsp;&nbsp;get_tx_read_ptr (via Veneer)
<LI><a href="#[a0]">&gt;&gt;</a>&nbsp;&nbsp;&nbsp;getTxBufferSize (via Veneer)
<LI><a href="#[a2]">&gt;&gt;</a>&nbsp;&nbsp;&nbsp;update_tx_read_ptr (via Veneer)
<LI><a href="#[9e]">&gt;&gt;</a>&nbsp;&nbsp;&nbsp;ll_hw_write_tfifo (via Veneer)
<LI><a href="#[9f]">&gt;&gt;</a>&nbsp;&nbsp;&nbsp;ll_hw_get_tfifo_wrptr (via Veneer)
</UL>
<BR>[Address Reference Count : 1]<UL><LI> patch.o(_section_xip_code_)
</UL>
<P><STRONG><a name="[21]"></a>ll_hw_go1</STRONG> (Thumb, 384 bytes, Stack size 16 bytes, patch.o(i.ll_hw_go1))
<BR><BR>[Stack]<UL><LI>Max Depth = 16<LI>Call Chain = ll_hw_go1
</UL>
<BR>[Calls]<UL><LI><a href="#[50]">&gt;&gt;</a>&nbsp;&nbsp;&nbsp;osal_memcpy (via Veneer)
<LI><a href="#[a4]">&gt;&gt;</a>&nbsp;&nbsp;&nbsp;set_max_length (via Veneer)
<LI><a href="#[65]">&gt;&gt;</a>&nbsp;&nbsp;&nbsp;ll_hw_set_rx_timeout (via Veneer)
<LI><a href="#[58]">&gt;&gt;</a>&nbsp;&nbsp;&nbsp;ll_hw_get_tr_mode (via Veneer)
</UL>
<BR>[Address Reference Count : 1]<UL><LI> patch.o(_section_xip_code_)
</UL>
<P><STRONG><a name="[5f]"></a>ll_processBasicIRQ_SRX</STRONG> (Thumb, 20 bytes, Stack size 8 bytes, patch.o(i.ll_processBasicIRQ_SRX))
<BR><BR>[Stack]<UL><LI>Max Depth = 8<LI>Call Chain = ll_processBasicIRQ_SRX
</UL>
<BR>[Calls]<UL><LI><a href="#[60]">&gt;&gt;</a>&nbsp;&nbsp;&nbsp;ll_processBasicIRQ (via Veneer)
</UL>
<BR>[Called By]<UL><LI><a href="#[22]">&gt;&gt;</a>&nbsp;&nbsp;&nbsp;LL_IRQHandler1
</UL>

<P><STRONG><a name="[61]"></a>ll_processBasicIRQ_secondaryAdvTRX</STRONG> (Thumb, 20 bytes, Stack size 8 bytes, patch.o(i.ll_processBasicIRQ_secondaryAdvTRX))
<BR><BR>[Stack]<UL><LI>Max Depth = 8<LI>Call Chain = ll_processBasicIRQ_secondaryAdvTRX
</UL>
<BR>[Calls]<UL><LI><a href="#[60]">&gt;&gt;</a>&nbsp;&nbsp;&nbsp;ll_processBasicIRQ (via Veneer)
</UL>
<BR>[Called By]<UL><LI><a href="#[22]">&gt;&gt;</a>&nbsp;&nbsp;&nbsp;LL_IRQHandler1
</UL>

<P><STRONG><a name="[1d]"></a>main</STRONG> (Thumb, 66 bytes, Stack size 16 bytes, main.o(i.main))
<BR><BR>[Stack]<UL><LI>Max Depth = 248<LI>Call Chain = main &rArr; slboot_main &rArr; slb_boot_load_exch_zone &rArr; slb_apply_exch_zone_to_fw &rArr; ota_flash_erase &rArr; hal_flash_erase_sector &rArr; _spif_wait_nobusy_x
</UL>
<BR>[Calls]<UL><LI><a href="#[a7]">&gt;&gt;</a>&nbsp;&nbsp;&nbsp;slboot_main
<LI><a href="#[48]">&gt;&gt;</a>&nbsp;&nbsp;&nbsp;init_config
<LI><a href="#[9a]">&gt;&gt;</a>&nbsp;&nbsp;&nbsp;hal_spif_cache_init
<LI><a href="#[99]">&gt;&gt;</a>&nbsp;&nbsp;&nbsp;hal_rtc_clock_config
<LI><a href="#[92]">&gt;&gt;</a>&nbsp;&nbsp;&nbsp;hal_pwrmgr_init
<LI><a href="#[7d]">&gt;&gt;</a>&nbsp;&nbsp;&nbsp;hal_gpio_init
<LI><a href="#[a5]">&gt;&gt;</a>&nbsp;&nbsp;&nbsp;drv_irq_init (via Veneer)
<LI><a href="#[a6]">&gt;&gt;</a>&nbsp;&nbsp;&nbsp;clk_init (via Veneer)
<LI><a href="#[95]">&gt;&gt;</a>&nbsp;&nbsp;&nbsp;hal_rfphy_init
<LI><a href="#[8d]">&gt;&gt;</a>&nbsp;&nbsp;&nbsp;hal_low_power_io_init
</UL>
<BR>[Address Reference Count : 1]<UL><LI> entry9a.o(.ARM.Collect$$$$0000000B)
</UL>
<P><STRONG><a name="[31]"></a>osalInitTasks</STRONG> (Thumb, 2 bytes, Stack size 0 bytes, slboot.o(i.osalInitTasks))
<BR>[Address Reference Count : 1]<UL><LI> jump_table.o(jump_table_mem_area)
</UL>
<P><STRONG><a name="[a8]"></a>ota_flash_erase</STRONG> (Thumb, 44 bytes, Stack size 24 bytes, ota_flash.o(i.ota_flash_erase))
<BR><BR>[Stack]<UL><LI>Max Depth = 104<LI>Call Chain = ota_flash_erase &rArr; hal_flash_erase_sector &rArr; _spif_wait_nobusy_x
</UL>
<BR>[Calls]<UL><LI><a href="#[76]">&gt;&gt;</a>&nbsp;&nbsp;&nbsp;hal_flash_erase_sector
</UL>
<BR>[Called By]<UL><LI><a href="#[b3]">&gt;&gt;</a>&nbsp;&nbsp;&nbsp;slb_apply_exch_zone_to_fw
</UL>

<P><STRONG><a name="[a9]"></a>rc32k_calibration</STRONG> (Thumb, 98 bytes, Stack size 24 bytes, rf_phy_driver.o(i.rc32k_calibration))
<BR><BR>[Stack]<UL><LI>Max Depth = 24<LI>Call Chain = rc32k_calibration
</UL>
<BR>[Calls]<UL><LI><a href="#[4c]">&gt;&gt;</a>&nbsp;&nbsp;&nbsp;WaitRTCCount (via Veneer)
</UL>
<BR>[Called By]<UL><LI><a href="#[23]">&gt;&gt;</a>&nbsp;&nbsp;&nbsp;rf_calibrate1
</UL>

<P><STRONG><a name="[23]"></a>rf_calibrate1</STRONG> (Thumb, 30 bytes, Stack size 8 bytes, rf_phy_driver.o(i.rf_calibrate1))
<BR><BR>[Stack]<UL><LI>Max Depth = 36<LI>Call Chain = rf_calibrate1 &rArr; rf_tpCal_gen_cap_arrary &rArr; rf_tp_cal
</UL>
<BR>[Calls]<UL><LI><a href="#[ab]">&gt;&gt;</a>&nbsp;&nbsp;&nbsp;rf_tpCal_gen_cap_arrary
<LI><a href="#[ac]">&gt;&gt;</a>&nbsp;&nbsp;&nbsp;rf_rxDcoc_cfg
<LI><a href="#[aa]">&gt;&gt;</a>&nbsp;&nbsp;&nbsp;rf_phy_ana_cfg
<LI><a href="#[a9]">&gt;&gt;</a>&nbsp;&nbsp;&nbsp;rc32k_calibration
</UL>
<BR>[Address Reference Count : 1]<UL><LI> patch.o(_section_xip_code_)
</UL>
<P><STRONG><a name="[aa]"></a>rf_phy_ana_cfg</STRONG> (Thumb, 228 bytes, Stack size 12 bytes, rf_phy_driver.o(i.rf_phy_ana_cfg))
<BR><BR>[Stack]<UL><LI>Max Depth = 12<LI>Call Chain = rf_phy_ana_cfg
</UL>
<BR>[Called By]<UL><LI><a href="#[34]">&gt;&gt;</a>&nbsp;&nbsp;&nbsp;rf_phy_ini
<LI><a href="#[23]">&gt;&gt;</a>&nbsp;&nbsp;&nbsp;rf_calibrate1
</UL>

<P><STRONG><a name="[ad]"></a>rf_phy_bb_cfg</STRONG> (Thumb, 300 bytes, Stack size 24 bytes, rf_phy_driver.o(i.rf_phy_bb_cfg))
<BR><BR>[Stack]<UL><LI>Max Depth = 24<LI>Call Chain = rf_phy_bb_cfg
</UL>
<BR>[Calls]<UL><LI><a href="#[ae]">&gt;&gt;</a>&nbsp;&nbsp;&nbsp;ll_hw_set_crc_fmt (via Veneer)
</UL>
<BR>[Called By]<UL><LI><a href="#[34]">&gt;&gt;</a>&nbsp;&nbsp;&nbsp;rf_phy_ini
</UL>

<P><STRONG><a name="[24]"></a>rf_phy_change_cfg0</STRONG> (Thumb, 118 bytes, Stack size 20 bytes, rf_phy_driver.o(i.rf_phy_change_cfg0))
<BR><BR>[Stack]<UL><LI>Max Depth = 20<LI>Call Chain = rf_phy_change_cfg0
</UL>
<BR>[Address Reference Count : 1]<UL><LI> patch.o(_section_xip_code_)
</UL>
<P><STRONG><a name="[34]"></a>rf_phy_ini</STRONG> (Thumb, 42 bytes, Stack size 8 bytes, rf_phy_driver.o(i.rf_phy_ini))
<BR><BR>[Stack]<UL><LI>Max Depth = 32<LI>Call Chain = rf_phy_ini &rArr; rf_phy_bb_cfg
</UL>
<BR>[Calls]<UL><LI><a href="#[af]">&gt;&gt;</a>&nbsp;&nbsp;&nbsp;rf_phy_set_txPower
<LI><a href="#[ad]">&gt;&gt;</a>&nbsp;&nbsp;&nbsp;rf_phy_bb_cfg
<LI><a href="#[aa]">&gt;&gt;</a>&nbsp;&nbsp;&nbsp;rf_phy_ana_cfg
<LI><a href="#[b0]">&gt;&gt;</a>&nbsp;&nbsp;&nbsp;ll_hw_tx2rx_timing_config (via Veneer)
</UL>
<BR>[Address Reference Count : 1]<UL><LI> jump_table.o(jump_table_mem_area)
</UL>
<P><STRONG><a name="[af]"></a>rf_phy_set_txPower</STRONG> (Thumb, 108 bytes, Stack size 20 bytes, rf_phy_driver.o(i.rf_phy_set_txPower))
<BR><BR>[Stack]<UL><LI>Max Depth = 20<LI>Call Chain = rf_phy_set_txPower
</UL>
<BR>[Called By]<UL><LI><a href="#[34]">&gt;&gt;</a>&nbsp;&nbsp;&nbsp;rf_phy_ini
</UL>

<P><STRONG><a name="[ac]"></a>rf_rxDcoc_cfg</STRONG> (Thumb, 236 bytes, Stack size 24 bytes, rf_phy_driver.o(i.rf_rxDcoc_cfg))
<BR><BR>[Stack]<UL><LI>Max Depth = 24<LI>Call Chain = rf_rxDcoc_cfg
</UL>
<BR>[Calls]<UL><LI><a href="#[b1]">&gt;&gt;</a>&nbsp;&nbsp;&nbsp;__ARM_common_switch8 (via Veneer)
</UL>
<BR>[Called By]<UL><LI><a href="#[23]">&gt;&gt;</a>&nbsp;&nbsp;&nbsp;rf_calibrate1
</UL>

<P><STRONG><a name="[ab]"></a>rf_tpCal_gen_cap_arrary</STRONG> (Thumb, 60 bytes, Stack size 4 bytes, rf_phy_driver.o(i.rf_tpCal_gen_cap_arrary))
<BR><BR>[Stack]<UL><LI>Max Depth = 28<LI>Call Chain = rf_tpCal_gen_cap_arrary &rArr; rf_tp_cal
</UL>
<BR>[Calls]<UL><LI><a href="#[b2]">&gt;&gt;</a>&nbsp;&nbsp;&nbsp;rf_tp_cal
</UL>
<BR>[Called By]<UL><LI><a href="#[23]">&gt;&gt;</a>&nbsp;&nbsp;&nbsp;rf_calibrate1
</UL>

<P><STRONG><a name="[b2]"></a>rf_tp_cal</STRONG> (Thumb, 232 bytes, Stack size 24 bytes, rf_phy_driver.o(i.rf_tp_cal))
<BR><BR>[Stack]<UL><LI>Max Depth = 24<LI>Call Chain = rf_tp_cal
</UL>
<BR>[Calls]<UL><LI><a href="#[b1]">&gt;&gt;</a>&nbsp;&nbsp;&nbsp;__ARM_common_switch8 (via Veneer)
</UL>
<BR>[Called By]<UL><LI><a href="#[ab]">&gt;&gt;</a>&nbsp;&nbsp;&nbsp;rf_tpCal_gen_cap_arrary
</UL>

<P><STRONG><a name="[b8]"></a>slb_boot_load_exch_zone</STRONG> (Thumb, 112 bytes, Stack size 72 bytes, slb.o(i.slb_boot_load_exch_zone))
<BR><BR>[Stack]<UL><LI>Max Depth = 232<LI>Call Chain = slb_boot_load_exch_zone &rArr; slb_apply_exch_zone_to_fw &rArr; ota_flash_erase &rArr; hal_flash_erase_sector &rArr; _spif_wait_nobusy_x
</UL>
<BR>[Calls]<UL><LI><a href="#[b9]">&gt;&gt;</a>&nbsp;&nbsp;&nbsp;strcmp (via Veneer)
<LI><a href="#[b6]">&gt;&gt;</a>&nbsp;&nbsp;&nbsp;slb_spif_write
<LI><a href="#[b4]">&gt;&gt;</a>&nbsp;&nbsp;&nbsp;slb_spif_read
<LI><a href="#[b3]">&gt;&gt;</a>&nbsp;&nbsp;&nbsp;slb_apply_exch_zone_to_fw
</UL>
<BR>[Called By]<UL><LI><a href="#[a7]">&gt;&gt;</a>&nbsp;&nbsp;&nbsp;slboot_main
</UL>

<P><STRONG><a name="[b7]"></a>slb_spif_erase</STRONG> (Thumb, 30 bytes, Stack size 16 bytes, slb.o(i.slb_spif_erase))
<BR><BR>[Stack]<UL><LI>Max Depth = 96<LI>Call Chain = slb_spif_erase &rArr; hal_flash_erase_sector &rArr; _spif_wait_nobusy_x
</UL>
<BR>[Calls]<UL><LI><a href="#[76]">&gt;&gt;</a>&nbsp;&nbsp;&nbsp;hal_flash_erase_sector
</UL>
<BR>[Called By]<UL><LI><a href="#[b3]">&gt;&gt;</a>&nbsp;&nbsp;&nbsp;slb_apply_exch_zone_to_fw
</UL>

<P><STRONG><a name="[b4]"></a>slb_spif_read</STRONG> (Thumb, 38 bytes, Stack size 16 bytes, slb.o(i.slb_spif_read))
<BR><BR>[Stack]<UL><LI>Max Depth = 16<LI>Call Chain = slb_spif_read
</UL>
<BR>[Calls]<UL><LI><a href="#[ba]">&gt;&gt;</a>&nbsp;&nbsp;&nbsp;__aeabi_memcpy (via Veneer)
</UL>
<BR>[Called By]<UL><LI><a href="#[b8]">&gt;&gt;</a>&nbsp;&nbsp;&nbsp;slb_boot_load_exch_zone
<LI><a href="#[b3]">&gt;&gt;</a>&nbsp;&nbsp;&nbsp;slb_apply_exch_zone_to_fw
</UL>

<P><STRONG><a name="[b6]"></a>slb_spif_write</STRONG> (Thumb, 16 bytes, Stack size 8 bytes, slb.o(i.slb_spif_write))
<BR><BR>[Stack]<UL><LI>Max Depth = 96<LI>Call Chain = slb_spif_write &rArr; hal_flash_write_by_dma &rArr; _spif_wait_nobusy_x
</UL>
<BR>[Calls]<UL><LI><a href="#[78]">&gt;&gt;</a>&nbsp;&nbsp;&nbsp;hal_flash_write_by_dma
</UL>
<BR>[Called By]<UL><LI><a href="#[b8]">&gt;&gt;</a>&nbsp;&nbsp;&nbsp;slb_boot_load_exch_zone
<LI><a href="#[b3]">&gt;&gt;</a>&nbsp;&nbsp;&nbsp;slb_apply_exch_zone_to_fw
</UL>

<P><STRONG><a name="[a7]"></a>slboot_main</STRONG> (Thumb, 10 bytes, Stack size 0 bytes, slboot.o(i.slboot_main))
<BR><BR>[Stack]<UL><LI>Max Depth = 232<LI>Call Chain = slboot_main &rArr; slb_boot_load_exch_zone &rArr; slb_apply_exch_zone_to_fw &rArr; ota_flash_erase &rArr; hal_flash_erase_sector &rArr; _spif_wait_nobusy_x
</UL>
<BR>[Calls]<UL><LI><a href="#[bb]">&gt;&gt;</a>&nbsp;&nbsp;&nbsp;run_application
<LI><a href="#[b8]">&gt;&gt;</a>&nbsp;&nbsp;&nbsp;slb_boot_load_exch_zone
</UL>
<BR>[Called By]<UL><LI><a href="#[1d]">&gt;&gt;</a>&nbsp;&nbsp;&nbsp;main
</UL>

<P><STRONG><a name="[28]"></a>wakeup_init1</STRONG> (Thumb, 196 bytes, Stack size 24 bytes, patch.o(i.wakeup_init1))
<BR><BR>[Stack]<UL><LI>Max Depth = 48<LI>Call Chain = wakeup_init1 &rArr; check_96MXtal_by_rcTracking
</UL>
<BR>[Calls]<UL><LI><a href="#[a6]">&gt;&gt;</a>&nbsp;&nbsp;&nbsp;clk_init (via Veneer)
<LI><a href="#[4c]">&gt;&gt;</a>&nbsp;&nbsp;&nbsp;WaitRTCCount (via Veneer)
<LI><a href="#[72]">&gt;&gt;</a>&nbsp;&nbsp;&nbsp;check_96MXtal_by_rcTracking
<LI><a href="#[71]">&gt;&gt;</a>&nbsp;&nbsp;&nbsp;check_16MXtal_by_rcTracking
<LI><a href="#[be]">&gt;&gt;</a>&nbsp;&nbsp;&nbsp;NVIC_EnableIRQ
<LI><a href="#[bd]">&gt;&gt;</a>&nbsp;&nbsp;&nbsp;set_timer (via Veneer)
<LI><a href="#[a4]">&gt;&gt;</a>&nbsp;&nbsp;&nbsp;set_max_length (via Veneer)
<LI><a href="#[bc]">&gt;&gt;</a>&nbsp;&nbsp;&nbsp;rtc_get_counter (via Veneer)
<LI><a href="#[c2]">&gt;&gt;</a>&nbsp;&nbsp;&nbsp;ll_hw_set_timing (via Veneer)
<LI><a href="#[c0]">&gt;&gt;</a>&nbsp;&nbsp;&nbsp;ll_hw_set_rx_timeout_1st (via Veneer)
<LI><a href="#[65]">&gt;&gt;</a>&nbsp;&nbsp;&nbsp;ll_hw_set_rx_timeout (via Veneer)
<LI><a href="#[c1]">&gt;&gt;</a>&nbsp;&nbsp;&nbsp;ll_hw_set_loop_timeout (via Veneer)
<LI><a href="#[bf]">&gt;&gt;</a>&nbsp;&nbsp;&nbsp;ll_hw_set_empty_head (via Veneer)
<LI><a href="#[c3]">&gt;&gt;</a>&nbsp;&nbsp;&nbsp;ll_hw_ign_rfifo (via Veneer)
</UL>
<BR>[Address Reference Count : 1]<UL><LI> patch.o(_section_xip_code_)
</UL>
<P><STRONG><a name="[c4]"></a>flash_check_parition</STRONG> (Thumb, 28 bytes, Stack size 32 bytes, aes.o(i.flash_check_parition))
<BR><BR>[Stack]<UL><LI>Max Depth = 32<LI>Call Chain = flash_check_parition
</UL>
<BR>[Calls]<UL><LI><a href="#[c5]">&gt;&gt;</a>&nbsp;&nbsp;&nbsp;phy_sec_encrypt (via Veneer)
</UL>
<BR>[Called By]<UL><LI><a href="#[c9]">&gt;&gt;</a>&nbsp;&nbsp;&nbsp;ota_flash_load_app
</UL>

<P><STRONG><a name="[c6]"></a>flash_load_parition</STRONG> (Thumb, 28 bytes, Stack size 32 bytes, aes.o(i.flash_load_parition))
<BR><BR>[Stack]<UL><LI>Max Depth = 32<LI>Call Chain = flash_load_parition
</UL>
<BR>[Calls]<UL><LI><a href="#[c7]">&gt;&gt;</a>&nbsp;&nbsp;&nbsp;phy_sec_decrypt (via Veneer)
</UL>
<BR>[Called By]<UL><LI><a href="#[c9]">&gt;&gt;</a>&nbsp;&nbsp;&nbsp;ota_flash_load_app
</UL>

<P><STRONG><a name="[c8]"></a>is_crypto_app</STRONG> (Thumb, 16 bytes, Stack size 8 bytes, aes.o(i.is_crypto_app))
<BR><BR>[Stack]<UL><LI>Max Depth = 64<LI>Call Chain = is_crypto_app &rArr; finidv
</UL>
<BR>[Calls]<UL><LI><a href="#[6b]">&gt;&gt;</a>&nbsp;&nbsp;&nbsp;finidv
</UL>
<BR>[Called By]<UL><LI><a href="#[c9]">&gt;&gt;</a>&nbsp;&nbsp;&nbsp;ota_flash_load_app
</UL>

<P><STRONG><a name="[b5]"></a>crc16</STRONG> (Thumb, 54 bytes, Stack size 16 bytes, ota_flash.o(ota_app_loader_area))
<BR><BR>[Stack]<UL><LI>Max Depth = 16<LI>Call Chain = crc16
</UL>
<BR>[Called By]<UL><LI><a href="#[b3]">&gt;&gt;</a>&nbsp;&nbsp;&nbsp;slb_apply_exch_zone_to_fw
<LI><a href="#[c9]">&gt;&gt;</a>&nbsp;&nbsp;&nbsp;ota_flash_load_app
</UL>

<P><STRONG><a name="[ca]"></a>ota_flash_read</STRONG> (Thumb, 84 bytes, Stack size 20 bytes, ota_flash.o(ota_app_loader_area))
<BR><BR>[Stack]<UL><LI>Max Depth = 20<LI>Call Chain = ota_flash_read
</UL>
<BR>[Called By]<UL><LI><a href="#[c9]">&gt;&gt;</a>&nbsp;&nbsp;&nbsp;ota_flash_load_app
</UL>

<P><STRONG><a name="[c9]"></a>ota_flash_load_app</STRONG> (Thumb, 338 bytes, Stack size 56 bytes, ota_flash.o(ota_app_loader_area))
<BR><BR>[Stack]<UL><LI>Max Depth = 120<LI>Call Chain = ota_flash_load_app &rArr; is_crypto_app &rArr; finidv
</UL>
<BR>[Calls]<UL><LI><a href="#[c8]">&gt;&gt;</a>&nbsp;&nbsp;&nbsp;is_crypto_app
<LI><a href="#[cb]">&gt;&gt;</a>&nbsp;&nbsp;&nbsp;hal_system_soft_reset
<LI><a href="#[c6]">&gt;&gt;</a>&nbsp;&nbsp;&nbsp;flash_load_parition
<LI><a href="#[c4]">&gt;&gt;</a>&nbsp;&nbsp;&nbsp;flash_check_parition
<LI><a href="#[ca]">&gt;&gt;</a>&nbsp;&nbsp;&nbsp;ota_flash_read
<LI><a href="#[b5]">&gt;&gt;</a>&nbsp;&nbsp;&nbsp;crc16
</UL>
<BR>[Called By]<UL><LI><a href="#[bb]">&gt;&gt;</a>&nbsp;&nbsp;&nbsp;run_application
</UL>

<P><STRONG><a name="[cc]"></a>jump2app</STRONG> (Thumb, 8 bytes, Stack size 0 bytes, slboot.o(ota_app_loader_area))
<BR><BR>[Called By]<UL><LI><a href="#[bb]">&gt;&gt;</a>&nbsp;&nbsp;&nbsp;run_application
</UL>

<P><STRONG><a name="[bb]"></a>run_application</STRONG> (Thumb, 26 bytes, Stack size 8 bytes, slboot.o(ota_app_loader_area))
<BR><BR>[Stack]<UL><LI>Max Depth = 128<LI>Call Chain = run_application &rArr; ota_flash_load_app &rArr; is_crypto_app &rArr; finidv
</UL>
<BR>[Calls]<UL><LI><a href="#[41]">&gt;&gt;</a>&nbsp;&nbsp;&nbsp;drv_enable_irq (via Veneer)
<LI><a href="#[40]">&gt;&gt;</a>&nbsp;&nbsp;&nbsp;drv_disable_irq (via Veneer)
<LI><a href="#[cc]">&gt;&gt;</a>&nbsp;&nbsp;&nbsp;jump2app
<LI><a href="#[c9]">&gt;&gt;</a>&nbsp;&nbsp;&nbsp;ota_flash_load_app
</UL>
<BR>[Called By]<UL><LI><a href="#[a7]">&gt;&gt;</a>&nbsp;&nbsp;&nbsp;slboot_main
</UL>
<P>
<H3>
Local Symbols
</H3>
<P><STRONG><a name="[97]"></a>__NVIC_SetPriority</STRONG> (Thumb, 60 bytes, Stack size 0 bytes, main.o(i.__NVIC_SetPriority))
<BR><BR>[Called By]<UL><LI><a href="#[95]">&gt;&gt;</a>&nbsp;&nbsp;&nbsp;hal_rfphy_init
</UL>

<P><STRONG><a name="[8d]"></a>hal_low_power_io_init</STRONG> (Thumb, 98 bytes, Stack size 40 bytes, main.o(i.hal_low_power_io_init))
<BR><BR>[Stack]<UL><LI>Max Depth = 56<LI>Call Chain = hal_low_power_io_init &rArr; hal_gpio_pull_set
</UL>
<BR>[Calls]<UL><LI><a href="#[90]">&gt;&gt;</a>&nbsp;&nbsp;&nbsp;hal_pwrmgr_RAM_retention_set
<LI><a href="#[8f]">&gt;&gt;</a>&nbsp;&nbsp;&nbsp;hal_pwrmgr_RAM_retention
<LI><a href="#[91]">&gt;&gt;</a>&nbsp;&nbsp;&nbsp;hal_pwrmgr_LowCurrentLdo_enable
<LI><a href="#[7c]">&gt;&gt;</a>&nbsp;&nbsp;&nbsp;hal_gpio_pull_set
<LI><a href="#[8e]">&gt;&gt;</a>&nbsp;&nbsp;&nbsp;__aeabi_memcpy4 (via Veneer)
</UL>
<BR>[Called By]<UL><LI><a href="#[1d]">&gt;&gt;</a>&nbsp;&nbsp;&nbsp;main
</UL>

<P><STRONG><a name="[95]"></a>hal_rfphy_init</STRONG> (Thumb, 96 bytes, Stack size 16 bytes, main.o(i.hal_rfphy_init))
<BR><BR>[Stack]<UL><LI>Max Depth = 104<LI>Call Chain = hal_rfphy_init &rArr; hal_rom_boot_init &rArr; _rom_sec_boot_init &rArr; _efuse_chip_version_check &rArr; finidv
</UL>
<BR>[Calls]<UL><LI><a href="#[96]">&gt;&gt;</a>&nbsp;&nbsp;&nbsp;hal_rom_boot_init
<LI><a href="#[98]">&gt;&gt;</a>&nbsp;&nbsp;&nbsp;LL_InitConnectContext (via Veneer)
<LI><a href="#[97]">&gt;&gt;</a>&nbsp;&nbsp;&nbsp;__NVIC_SetPriority
</UL>
<BR>[Called By]<UL><LI><a href="#[1d]">&gt;&gt;</a>&nbsp;&nbsp;&nbsp;main
</UL>

<P><STRONG><a name="[b3]"></a>slb_apply_exch_zone_to_fw</STRONG> (Thumb, 244 bytes, Stack size 56 bytes, slb.o(i.slb_apply_exch_zone_to_fw))
<BR><BR>[Stack]<UL><LI>Max Depth = 160<LI>Call Chain = slb_apply_exch_zone_to_fw &rArr; ota_flash_erase &rArr; hal_flash_erase_sector &rArr; _spif_wait_nobusy_x
</UL>
<BR>[Calls]<UL><LI><a href="#[b6]">&gt;&gt;</a>&nbsp;&nbsp;&nbsp;slb_spif_write
<LI><a href="#[b4]">&gt;&gt;</a>&nbsp;&nbsp;&nbsp;slb_spif_read
<LI><a href="#[b7]">&gt;&gt;</a>&nbsp;&nbsp;&nbsp;slb_spif_erase
<LI><a href="#[b5]">&gt;&gt;</a>&nbsp;&nbsp;&nbsp;crc16
<LI><a href="#[a8]">&gt;&gt;</a>&nbsp;&nbsp;&nbsp;ota_flash_erase
</UL>
<BR>[Called By]<UL><LI><a href="#[b8]">&gt;&gt;</a>&nbsp;&nbsp;&nbsp;slb_boot_load_exch_zone
</UL>

<P><STRONG><a name="[80]"></a>__NVIC_EnableIRQ</STRONG> (Thumb, 18 bytes, Stack size 0 bytes, gpio.o(i.__NVIC_EnableIRQ))
<BR><BR>[Called By]<UL><LI><a href="#[2d]">&gt;&gt;</a>&nbsp;&nbsp;&nbsp;hal_gpio_wakeup_handler
<LI><a href="#[7d]">&gt;&gt;</a>&nbsp;&nbsp;&nbsp;hal_gpio_init
</UL>

<P><STRONG><a name="[7f]"></a>__NVIC_SetPriority</STRONG> (Thumb, 60 bytes, Stack size 0 bytes, gpio.o(i.__NVIC_SetPriority))
<BR><BR>[Called By]<UL><LI><a href="#[2d]">&gt;&gt;</a>&nbsp;&nbsp;&nbsp;hal_gpio_wakeup_handler
<LI><a href="#[7d]">&gt;&gt;</a>&nbsp;&nbsp;&nbsp;hal_gpio_init
</UL>

<P><STRONG><a name="[8c]"></a>hal_gpio_interrupt_enable</STRONG> (Thumb, 58 bytes, Stack size 8 bytes, gpio.o(i.hal_gpio_interrupt_enable))
<BR><BR>[Stack]<UL><LI>Max Depth = 8<LI>Call Chain = hal_gpio_interrupt_enable
</UL>
<BR>[Called By]<UL><LI><a href="#[89]">&gt;&gt;</a>&nbsp;&nbsp;&nbsp;hal_gpioin_enable
<LI><a href="#[74]">&gt;&gt;</a>&nbsp;&nbsp;&nbsp;hal_gpioin_event
</UL>

<P><STRONG><a name="[85]"></a>hal_gpio_retention_enable</STRONG> (Thumb, 84 bytes, Stack size 16 bytes, gpio.o(i.hal_gpio_retention_enable))
<BR><BR>[Stack]<UL><LI>Max Depth = 16<LI>Call Chain = hal_gpio_retention_enable
</UL>
<BR>[Called By]<UL><LI><a href="#[2d]">&gt;&gt;</a>&nbsp;&nbsp;&nbsp;hal_gpio_wakeup_handler
<LI><a href="#[2e]">&gt;&gt;</a>&nbsp;&nbsp;&nbsp;hal_gpio_sleep_handler
</UL>

<P><STRONG><a name="[2e]"></a>hal_gpio_sleep_handler</STRONG> (Thumb, 66 bytes, Stack size 16 bytes, gpio.o(i.hal_gpio_sleep_handler))
<BR><BR>[Stack]<UL><LI>Max Depth = 48<LI>Call Chain = hal_gpio_sleep_handler &rArr; hal_gpio_wakeup_set &rArr; hal_gpio_wakeup_control
</UL>
<BR>[Calls]<UL><LI><a href="#[87]">&gt;&gt;</a>&nbsp;&nbsp;&nbsp;hal_gpio_wakeup_set
<LI><a href="#[86]">&gt;&gt;</a>&nbsp;&nbsp;&nbsp;hal_gpio_read
<LI><a href="#[85]">&gt;&gt;</a>&nbsp;&nbsp;&nbsp;hal_gpio_retention_enable
</UL>
<BR>[Address Reference Count : 1]<UL><LI> gpio.o(i.hal_gpio_init)
</UL>
<P><STRONG><a name="[8b]"></a>hal_gpio_wakeup_control</STRONG> (Thumb, 58 bytes, Stack size 8 bytes, gpio.o(i.hal_gpio_wakeup_control))
<BR><BR>[Stack]<UL><LI>Max Depth = 8<LI>Call Chain = hal_gpio_wakeup_control
</UL>
<BR>[Called By]<UL><LI><a href="#[87]">&gt;&gt;</a>&nbsp;&nbsp;&nbsp;hal_gpio_wakeup_set
</UL>

<P><STRONG><a name="[2d]"></a>hal_gpio_wakeup_handler</STRONG> (Thumb, 132 bytes, Stack size 16 bytes, gpio.o(i.hal_gpio_wakeup_handler))
<BR><BR>[Stack]<UL><LI>Max Depth = 76<LI>Call Chain = hal_gpio_wakeup_handler &rArr; hal_gpioin_enable &rArr; hal_gpio_pin_init &rArr; hal_gpio_cfg_analog_io &rArr; hal_gpio_pull_set
</UL>
<BR>[Calls]<UL><LI><a href="#[89]">&gt;&gt;</a>&nbsp;&nbsp;&nbsp;hal_gpioin_enable
<LI><a href="#[88]">&gt;&gt;</a>&nbsp;&nbsp;&nbsp;hal_gpio_write
<LI><a href="#[86]">&gt;&gt;</a>&nbsp;&nbsp;&nbsp;hal_gpio_read
<LI><a href="#[84]">&gt;&gt;</a>&nbsp;&nbsp;&nbsp;hal_gpio_pin2pin3_control
<LI><a href="#[8a]">&gt;&gt;</a>&nbsp;&nbsp;&nbsp;hal_gpioin_event_pin
<LI><a href="#[85]">&gt;&gt;</a>&nbsp;&nbsp;&nbsp;hal_gpio_retention_enable
<LI><a href="#[7f]">&gt;&gt;</a>&nbsp;&nbsp;&nbsp;__NVIC_SetPriority
<LI><a href="#[80]">&gt;&gt;</a>&nbsp;&nbsp;&nbsp;__NVIC_EnableIRQ
</UL>
<BR>[Address Reference Count : 1]<UL><LI> gpio.o(i.hal_gpio_init)
</UL>
<P><STRONG><a name="[74]"></a>hal_gpioin_event</STRONG> (Thumb, 100 bytes, Stack size 32 bytes, gpio.o(i.hal_gpioin_event), UNUSED, KEPT)
<BR><BR>[Stack]<UL><LI>Max Depth = 40<LI>Call Chain = hal_gpioin_event &rArr; hal_gpio_interrupt_enable
</UL>
<BR>[Calls]<UL><LI><a href="#[8a]">&gt;&gt;</a>&nbsp;&nbsp;&nbsp;hal_gpioin_event_pin
<LI><a href="#[8c]">&gt;&gt;</a>&nbsp;&nbsp;&nbsp;hal_gpio_interrupt_enable
</UL>
<BR>[Called By]<UL><LI><a href="#[37]">&gt;&gt;</a>&nbsp;&nbsp;&nbsp;hal_GPIO_IRQHandler
</UL>

<P><STRONG><a name="[8a]"></a>hal_gpioin_event_pin</STRONG> (Thumb, 32 bytes, Stack size 0 bytes, gpio.o(i.hal_gpioin_event_pin))
<BR><BR>[Called By]<UL><LI><a href="#[74]">&gt;&gt;</a>&nbsp;&nbsp;&nbsp;hal_gpioin_event
<LI><a href="#[2d]">&gt;&gt;</a>&nbsp;&nbsp;&nbsp;hal_gpio_wakeup_handler
</UL>

<P><STRONG><a name="[38]"></a>irq_rx_handler</STRONG> (Thumb, 76 bytes, Stack size 56 bytes, uart.o(_section_sram_code_))
<BR><BR>[Stack]<UL><LI>Max Depth = 56<LI>Call Chain = irq_rx_handler
</UL>
<BR>[Called By]<UL><LI><a href="#[36]">&gt;&gt;</a>&nbsp;&nbsp;&nbsp;hal_UART0_IRQHandler
<LI><a href="#[3a]">&gt;&gt;</a>&nbsp;&nbsp;&nbsp;hal_UART1_IRQHandler
</UL>

<P><STRONG><a name="[39]"></a>irq_tx_empty_handler</STRONG> (Thumb, 136 bytes, Stack size 32 bytes, uart.o(_section_sram_code_))
<BR><BR>[Stack]<UL><LI>Max Depth = 48<LI>Call Chain = irq_tx_empty_handler &rArr; hal_pwrmgr_unlock
</UL>
<BR>[Calls]<UL><LI><a href="#[3e]">&gt;&gt;</a>&nbsp;&nbsp;&nbsp;hal_pwrmgr_unlock
</UL>
<BR>[Called By]<UL><LI><a href="#[36]">&gt;&gt;</a>&nbsp;&nbsp;&nbsp;hal_UART0_IRQHandler
<LI><a href="#[3a]">&gt;&gt;</a>&nbsp;&nbsp;&nbsp;hal_UART1_IRQHandler
</UL>

<P><STRONG><a name="[3f]"></a>spif_lock</STRONG> (Thumb, 30 bytes, Stack size 8 bytes, flash.o(_section_sram_code_))
<BR><BR>[Stack]<UL><LI>Max Depth = 8<LI>Call Chain = spif_lock
</UL>
<BR>[Calls]<UL><LI><a href="#[41]">&gt;&gt;</a>&nbsp;&nbsp;&nbsp;drv_enable_irq (via Veneer)
<LI><a href="#[40]">&gt;&gt;</a>&nbsp;&nbsp;&nbsp;drv_disable_irq (via Veneer)
</UL>
<BR>[Called By]<UL><LI><a href="#[78]">&gt;&gt;</a>&nbsp;&nbsp;&nbsp;hal_flash_write_by_dma
<LI><a href="#[76]">&gt;&gt;</a>&nbsp;&nbsp;&nbsp;hal_flash_erase_sector
<LI><a href="#[7a]">&gt;&gt;</a>&nbsp;&nbsp;&nbsp;hal_get_flash_info
</UL>

<P><STRONG><a name="[42]"></a>spif_unlock</STRONG> (Thumb, 18 bytes, Stack size 8 bytes, flash.o(_section_sram_code_))
<BR><BR>[Stack]<UL><LI>Max Depth = 8<LI>Call Chain = spif_unlock
</UL>
<BR>[Calls]<UL><LI><a href="#[41]">&gt;&gt;</a>&nbsp;&nbsp;&nbsp;drv_enable_irq (via Veneer)
<LI><a href="#[40]">&gt;&gt;</a>&nbsp;&nbsp;&nbsp;drv_disable_irq (via Veneer)
</UL>
<BR>[Called By]<UL><LI><a href="#[78]">&gt;&gt;</a>&nbsp;&nbsp;&nbsp;hal_flash_write_by_dma
<LI><a href="#[76]">&gt;&gt;</a>&nbsp;&nbsp;&nbsp;hal_flash_erase_sector
<LI><a href="#[7a]">&gt;&gt;</a>&nbsp;&nbsp;&nbsp;hal_get_flash_info
</UL>

<P><STRONG><a name="[6e]"></a>_spif_wait_nobusy_x</STRONG> (Thumb, 98 bytes, Stack size 40 bytes, flash.o(i._spif_wait_nobusy_x))
<BR><BR>[Stack]<UL><LI>Max Depth = 40<LI>Call Chain = _spif_wait_nobusy_x
</UL>
<BR>[Calls]<UL><LI><a href="#[70]">&gt;&gt;</a>&nbsp;&nbsp;&nbsp;spif_rddata (via Veneer)
<LI><a href="#[6f]">&gt;&gt;</a>&nbsp;&nbsp;&nbsp;spif_cmd (via Veneer)
<LI><a href="#[4c]">&gt;&gt;</a>&nbsp;&nbsp;&nbsp;WaitRTCCount (via Veneer)
</UL>
<BR>[Called By]<UL><LI><a href="#[78]">&gt;&gt;</a>&nbsp;&nbsp;&nbsp;hal_flash_write_by_dma
<LI><a href="#[76]">&gt;&gt;</a>&nbsp;&nbsp;&nbsp;hal_flash_erase_sector
<LI><a href="#[7a]">&gt;&gt;</a>&nbsp;&nbsp;&nbsp;hal_get_flash_info
</UL>

<P><STRONG><a name="[75]"></a>hal_cache_tag_flush</STRONG> (Thumb, 66 bytes, Stack size 16 bytes, flash.o(i.hal_cache_tag_flush))
<BR><BR>[Stack]<UL><LI>Max Depth = 16<LI>Call Chain = hal_cache_tag_flush
</UL>
<BR>[Calls]<UL><LI><a href="#[41]">&gt;&gt;</a>&nbsp;&nbsp;&nbsp;drv_enable_irq (via Veneer)
<LI><a href="#[40]">&gt;&gt;</a>&nbsp;&nbsp;&nbsp;drv_disable_irq (via Veneer)
</UL>
<BR>[Called By]<UL><LI><a href="#[76]">&gt;&gt;</a>&nbsp;&nbsp;&nbsp;hal_flash_erase_sector
<LI><a href="#[30]">&gt;&gt;</a>&nbsp;&nbsp;&nbsp;hw_spif_cache_config
</UL>

<P><STRONG><a name="[30]"></a>hw_spif_cache_config</STRONG> (Thumb, 104 bytes, Stack size 24 bytes, flash.o(i.hw_spif_cache_config))
<BR><BR>[Stack]<UL><LI>Max Depth = 120<LI>Call Chain = hw_spif_cache_config &rArr; hal_get_flash_info &rArr; _spif_wait_nobusy_x
</UL>
<BR>[Calls]<UL><LI><a href="#[9b]">&gt;&gt;</a>&nbsp;&nbsp;&nbsp;spif_config (via Veneer)
<LI><a href="#[7a]">&gt;&gt;</a>&nbsp;&nbsp;&nbsp;hal_get_flash_info
<LI><a href="#[75]">&gt;&gt;</a>&nbsp;&nbsp;&nbsp;hal_cache_tag_flush
<LI><a href="#[9c]">&gt;&gt;</a>&nbsp;&nbsp;&nbsp;hal_clk_gate_enable
</UL>
<BR>[Called By]<UL><LI><a href="#[9a]">&gt;&gt;</a>&nbsp;&nbsp;&nbsp;hal_spif_cache_init
</UL>
<BR>[Address Reference Count : 1]<UL><LI> flash.o(i.hal_spif_cache_init)
</UL>
<P><STRONG><a name="[94]"></a>__NVIC_SetPriority</STRONG> (Thumb, 60 bytes, Stack size 0 bytes, pwrmgr.o(i.__NVIC_SetPriority))
<BR><BR>[Called By]<UL><LI><a href="#[33]">&gt;&gt;</a>&nbsp;&nbsp;&nbsp;hal_pwrmgr_wakeup_process
</UL>

<P><STRONG><a name="[4b]"></a>TRNG_Output</STRONG> (Thumb, 72 bytes, Stack size 32 bytes, patch.o(_section_xip_code_), UNUSED)
<BR><BR>[Calls]<UL><LI><a href="#[4c]">&gt;&gt;</a>&nbsp;&nbsp;&nbsp;WaitRTCCount (via Veneer)
</UL>
<BR>[Called By]<UL><LI><a href="#[4d]">&gt;&gt;</a>&nbsp;&nbsp;&nbsp;TRNG_INIT
</UL>

<P><STRONG><a name="[be]"></a>NVIC_EnableIRQ</STRONG> (Thumb, 18 bytes, Stack size 0 bytes, patch.o(i.NVIC_EnableIRQ))
<BR><BR>[Called By]<UL><LI><a href="#[28]">&gt;&gt;</a>&nbsp;&nbsp;&nbsp;wakeup_init1
</UL>

<P><STRONG><a name="[71]"></a>check_16MXtal_by_rcTracking</STRONG> (Thumb, 188 bytes, Stack size 24 bytes, patch.o(i.check_16MXtal_by_rcTracking))
<BR><BR>[Stack]<UL><LI>Max Depth = 24<LI>Call Chain = check_16MXtal_by_rcTracking
</UL>
<BR>[Calls]<UL><LI><a href="#[4c]">&gt;&gt;</a>&nbsp;&nbsp;&nbsp;WaitRTCCount (via Veneer)
</UL>
<BR>[Called By]<UL><LI><a href="#[28]">&gt;&gt;</a>&nbsp;&nbsp;&nbsp;wakeup_init1
</UL>

<P><STRONG><a name="[72]"></a>check_96MXtal_by_rcTracking</STRONG> (Thumb, 242 bytes, Stack size 24 bytes, patch.o(i.check_96MXtal_by_rcTracking))
<BR><BR>[Stack]<UL><LI>Max Depth = 24<LI>Call Chain = check_96MXtal_by_rcTracking
</UL>
<BR>[Calls]<UL><LI><a href="#[4c]">&gt;&gt;</a>&nbsp;&nbsp;&nbsp;WaitRTCCount (via Veneer)
</UL>
<BR>[Called By]<UL><LI><a href="#[28]">&gt;&gt;</a>&nbsp;&nbsp;&nbsp;wakeup_init1
</UL>
<P>
<H3>
Undefined Global Symbols
</H3><HR></body></html>
