Component: ARM Compiler 5.05 update 1 (build 106) Tool: armlink [4d0efa]

==============================================================================

Section Cross References

    main.o(i.hal_low_power_io_init) refers to gpio.o(i.hal_gpio_pull_set) for hal_gpio_pull_set
    main.o(i.hal_low_power_io_init) refers to pwrmgr.o(i.hal_pwrmgr_RAM_retention) for hal_pwrmgr_RAM_retention
    main.o(i.hal_low_power_io_init) refers to pwrmgr.o(i.hal_pwrmgr_RAM_retention_set) for hal_pwrmgr_RAM_retention_set
    main.o(i.hal_low_power_io_init) refers to pwrmgr.o(i.hal_pwrmgr_LowCurrentLdo_enable) for hal_pwrmgr_LowCurrentLdo_enable
    main.o(i.hal_low_power_io_init) refers to main.o(.constdata) for .constdata
    main.o(i.hal_rfphy_init) refers to patch.o(i.hal_rom_boot_init) for hal_rom_boot_init
    main.o(i.hal_rfphy_init) refers to main.o(i.NVIC_SetPriority) for NVIC_SetPriority
    main.o(i.hal_rfphy_init) refers to main.o(.bss) for .bss
    main.o(i.main) refers to patch.o(_section_xip_code_) for init_config
    main.o(i.main) refers to main.o(i.hal_rfphy_init) for hal_rfphy_init
    main.o(i.main) refers to main.o(i.hal_low_power_io_init) for hal_low_power_io_init
    main.o(i.main) refers to clock.o(i.hal_rtc_clock_config) for hal_rtc_clock_config
    main.o(i.main) refers to pwrmgr.o(i.hal_pwrmgr_init) for hal_pwrmgr_init
    main.o(i.main) refers to flash.o(i.hal_spif_cache_init) for hal_spif_cache_init
    main.o(i.main) refers to my_printf.o(i.dbg_printf_init) for dbg_printf_init
    main.o(i.main) refers to gpio.o(i.hal_gpio_init) for hal_gpio_init
    main.o(i.main) refers to adc.o(i.hal_adc_init) for hal_adc_init
    main.o(i.main) refers to my_printf.o(i.dbg_printf) for dbg_printf
    main.o(i.main) refers to adc_main.o(i.app_main) for app_main
    main.o(i.main) refers to main.o(.data) for .data
    main.o(i.main) refers to main.o(.constdata) for .constdata
    main.o(i.main) refers to main.o(.conststring) for .conststring
    adc_demo.o(i.adcMeasureCh) refers to adc.o(i.adc_init_r) for adc_init_r
    adc_demo.o(i.adcMeasureCh) refers to clock.o(i.WaitUs) for WaitUs
    adc_demo.o(i.adcMeasureCh) refers to adc.o(i.adc_stop_r) for adc_stop_r
    adc_demo.o(i.adcMeasureCh) refers to adc_demo.o(i.InsertSort) for InsertSort
    adc_demo.o(i.adcMeasureCh) refers to adc_demo.o(.constdata) for .constdata
    adc_demo.o(i.adcMeasureCh) refers to adc_demo.o(.bss) for .bss
    adc_demo.o(i.adcMeasureTask) refers to adc_demo.o(i.adcMeasureCh) for adcMeasureCh
    adc_demo.o(i.adcMeasureTask) refers to adc_demo.o(i.my_hal_adc_value_cal) for my_hal_adc_value_cal
    adc_demo.o(i.adcMeasureTask) refers to fmul.o(.text) for __aeabi_fmul
    adc_demo.o(i.adcMeasureTask) refers to ffixi.o(.text) for __aeabi_f2iz
    adc_demo.o(i.adcMeasureTask) refers to my_printf.o(i.dbg_printf) for dbg_printf
    adc_demo.o(i.adcMeasureTask) refers to clock.o(i.WaitMs) for WaitMs
    adc_demo.o(i.adc_Init) refers to gpio.o(i.hal_gpio_pin_init) for hal_gpio_pin_init
    adc_demo.o(i.adc_Init) refers to gpio.o(i.hal_gpio_pull_set) for hal_gpio_pull_set
    adc_demo.o(i.adc_Init) refers to gpio.o(i.hal_gpio_write) for hal_gpio_write
    adc_demo.o(i.adc_Init) refers to pwm.o(i.hal_pwm_init) for hal_pwm_init
    adc_demo.o(i.adc_Init) refers to pwm.o(i.hal_pwm_open_channel) for hal_pwm_open_channel
    adc_demo.o(i.adc_Init) refers to pwm.o(i.hal_pwm_set_count_val) for hal_pwm_set_count_val
    adc_demo.o(i.adc_Init) refers to pwm.o(i.hal_pwm_start) for hal_pwm_start
    adc_demo.o(i.adc_Init) refers to clock.o(i.WaitMs) for WaitMs
    adc_demo.o(i.adc_Init) refers to pwm.o(i.hal_pwm_stop) for hal_pwm_stop
    adc_demo.o(i.adc_Init) refers to timer.o(i.hal_timer_init) for hal_timer_init
    adc_demo.o(i.adc_Init) refers to timer.o(i.hal_timer_set) for hal_timer_set
    adc_demo.o(i.adc_Init) refers to adc_demo.o(i.adcMeasureTask) for adcMeasureTask
    adc_demo.o(i.adc_Init) refers to adc_demo.o(.data) for .data
    adc_demo.o(i.adc_Init) refers to adc_demo.o(i.time_cb) for time_cb
    adc_demo.o(i.adc_ProcessEvent) refers to adc_demo.o(i.adcMeasureTask) for adcMeasureTask
    adc_demo.o(i.adc_ProcessEvent) refers to adc_demo.o(.data) for .data
    adc_demo.o(i.my_hal_adc_value_cal) refers to ffltui.o(.text) for __aeabi_ui2f
    adc_demo.o(i.my_hal_adc_value_cal) refers to fscalb.o(.text) for __ARM_scalbnf
    adc_demo.o(i.my_hal_adc_value_cal) refers to fadd.o(.text) for __aeabi_fsub
    adc_demo.o(i.my_hal_adc_value_cal) refers to f2d.o(.text) for __aeabi_f2d
    adc_demo.o(i.my_hal_adc_value_cal) refers to dmul.o(.text) for __aeabi_dmul
    adc_demo.o(i.my_hal_adc_value_cal) refers to d2f.o(.text) for __aeabi_d2f
    adc_demo.o(i.time_cb) refers to gpio.o(i.hal_gpio_write) for hal_gpio_write
    adc_demo.o(i.time_cb) refers to adc_demo.o(.data) for .data
    osal_adc.o(i.osalInitTasks) refers to adc_demo.o(i.adc_Init) for adc_Init
    osal_adc.o(i.osalInitTasks) refers to osal_adc.o(.data) for .data
[...]
    ll_hw_set_rx_timeout_1st                 0x00011285   Thumb Code     0  bb_rom_sym_m0.txt ABSOLUTE
    ll_hw_set_rx_tx_interval                 0x00011291   Thumb Code     0  bb_rom_sym_m0.txt ABSOLUTE
    ll_hw_set_srx                            0x000112a5   Thumb Code     0  bb_rom_sym_m0.txt ABSOLUTE
    ll_hw_set_stx                            0x000112b9   Thumb Code     0  bb_rom_sym_m0.txt ABSOLUTE
    ll_hw_set_tfifo_space                    0x000112cd   Thumb Code     0  bb_rom_sym_m0.txt ABSOLUTE
    ll_hw_set_timing                         0x000112e5   Thumb Code     0  bb_rom_sym_m0.txt ABSOLUTE
    ll_hw_set_trlp                           0x00011381   Thumb Code     0  bb_rom_sym_m0.txt ABSOLUTE
    ll_hw_set_trx                            0x000113c9   Thumb Code     0  bb_rom_sym_m0.txt ABSOLUTE
    ll_hw_set_trx_settle                     0x000113dd   Thumb Code     0  bb_rom_sym_m0.txt ABSOLUTE
    ll_hw_set_tx_rx_interval                 0x000113f1   Thumb Code     0  bb_rom_sym_m0.txt ABSOLUTE
    ll_hw_set_tx_rx_release                  0x00011405   Thumb Code     0  bb_rom_sym_m0.txt ABSOLUTE
    ll_hw_trigger                            0x00011421   Thumb Code     0  bb_rom_sym_m0.txt ABSOLUTE
    ll_hw_trx_settle_config                  0x00011445   Thumb Code     0  bb_rom_sym_m0.txt ABSOLUTE
    ll_hw_tx2rx_timing_config                0x00011489   Thumb Code     0  bb_rom_sym_m0.txt ABSOLUTE
    ll_hw_update                             0x000114dd   Thumb Code     0  bb_rom_sym_m0.txt ABSOLUTE
    ll_hw_update_rtlp_mode                   0x00011539   Thumb Code     0  bb_rom_sym_m0.txt ABSOLUTE
    ll_hw_update_trlp_mode                   0x00011579   Thumb Code     0  bb_rom_sym_m0.txt ABSOLUTE
    ll_hw_write_tfifo                        0x000115c1   Thumb Code     0  bb_rom_sym_m0.txt ABSOLUTE
    ll_isAddrInWhiteList                     0x00011649   Thumb Code     0  bb_rom_sym_m0.txt ABSOLUTE
    ll_isFirstAdvChn                         0x000116a9   Thumb Code     0  bb_rom_sym_m0.txt ABSOLUTE
    ll_isIrkAllZero                          0x000116c7   Thumb Code     0  bb_rom_sym_m0.txt ABSOLUTE
    ll_isLegacyAdv                           0x000116dd   Thumb Code     0  bb_rom_sym_m0.txt ABSOLUTE
    ll_parseExtHeader                        0x000116ed   Thumb Code     0  bb_rom_sym_m0.txt ABSOLUTE
    ll_prd_adv_schedule_next_event           0x000117a9   Thumb Code     0  bb_rom_sym_m0.txt ABSOLUTE
    ll_prd_scan_schedule_next_event          0x000117cd   Thumb Code     0  bb_rom_sym_m0.txt ABSOLUTE
    ll_processBasicIRQ                       0x000117e9   Thumb Code     0  bb_rom_sym_m0.txt ABSOLUTE
    ll_processExtAdvIRQ                      0x00013401   Thumb Code     0  bb_rom_sym_m0.txt ABSOLUTE
    ll_processExtInitIRQ                     0x00013405   Thumb Code     0  bb_rom_sym_m0.txt ABSOLUTE
    ll_processExtScanIRQ                     0x00013409   Thumb Code     0  bb_rom_sym_m0.txt ABSOLUTE
    ll_processMissMasterEvt                  0x0001340d   Thumb Code     0  bb_rom_sym_m0.txt ABSOLUTE
    ll_processMissSlaveEvt                   0x000134ed   Thumb Code     0  bb_rom_sym_m0.txt ABSOLUTE
    ll_processPrdAdvIRQ                      0x000135f5   Thumb Code     0  bb_rom_sym_m0.txt ABSOLUTE
    ll_processPrdScanIRQ                     0x000135f9   Thumb Code     0  bb_rom_sym_m0.txt ABSOLUTE
    ll_readLocalIRK                          0x000135fd   Thumb Code     0  bb_rom_sym_m0.txt ABSOLUTE
    ll_read_rxfifo                           0x000136c5   Thumb Code     0  bb_rom_sym_m0.txt ABSOLUTE
    ll_schedule_next_event                   0x00013761   Thumb Code     0  bb_rom_sym_m0.txt ABSOLUTE
    ll_scheduler                             0x00013771   Thumb Code     0  bb_rom_sym_m0.txt ABSOLUTE
    ll_updateAuxAdvTimeSlot                  0x00013a11   Thumb Code     0  bb_rom_sym_m0.txt ABSOLUTE
    ll_updateExtAdvRemainderTime             0x00013a39   Thumb Code     0  bb_rom_sym_m0.txt ABSOLUTE
    log_clr_putc                             0x00013ab9   Thumb Code     0  bb_rom_sym_m0.txt ABSOLUTE
    log_debug_level                          0x00013ac5   Thumb Code     0  bb_rom_sym_m0.txt ABSOLUTE
    log_get_debug_level                      0x00013ad9   Thumb Code     0  bb_rom_sym_m0.txt ABSOLUTE
    log_printf                               0x00013ae5   Thumb Code     0  bb_rom_sym_m0.txt ABSOLUTE
    log_set_putc                             0x00013b05   Thumb Code     0  bb_rom_sym_m0.txt ABSOLUTE
    log_vsprintf                             0x00013b11   Thumb Code     0  bb_rom_sym_m0.txt ABSOLUTE
    move_to_master_function                  0x00013f09   Thumb Code     0  bb_rom_sym_m0.txt ABSOLUTE
    move_to_slave_function                   0x0001406d   Thumb Code     0  bb_rom_sym_m0.txt ABSOLUTE
    osalAddTimer                             0x00014439   Thumb Code     0  bb_rom_sym_m0.txt ABSOLUTE
    osalDeleteTimer                          0x000144a9   Thumb Code     0  bb_rom_sym_m0.txt ABSOLUTE
    osalFindTimer                            0x000144b5   Thumb Code     0  bb_rom_sym_m0.txt ABSOLUTE
    osalTimeUpdate                           0x000144d5   Thumb Code     0  bb_rom_sym_m0.txt ABSOLUTE
    osalTimeUpdate1                          0x00014541   Thumb Code     0  bb_rom_sym_m0.txt ABSOLUTE
    osalTimerInit                            0x0001457d   Thumb Code     0  bb_rom_sym_m0.txt ABSOLUTE
    osalTimerUpdate                          0x00014589   Thumb Code     0  bb_rom_sym_m0.txt ABSOLUTE
    osal_CbTimerInit                         0x00014621   Thumb Code     0  bb_rom_sym_m0.txt ABSOLUTE
    osal_CbTimerProcessEvent                 0x00014641   Thumb Code     0  bb_rom_sym_m0.txt ABSOLUTE
    osal_CbTimerStart                        0x000146a9   Thumb Code     0  bb_rom_sym_m0.txt ABSOLUTE
    osal_CbTimerStop                         0x00014711   Thumb Code     0  bb_rom_sym_m0.txt ABSOLUTE
    osal_CbTimerUpdate                       0x00014751   Thumb Code     0  bb_rom_sym_m0.txt ABSOLUTE
    osal_ConvertUTCSecs                      0x000147a1   Thumb Code     0  bb_rom_sym_m0.txt ABSOLUTE
    osal_ConvertUTCTime                      0x00014841   Thumb Code     0  bb_rom_sym_m0.txt ABSOLUTE
    osal_GetSystemClock                      0x00014949   Thumb Code     0  bb_rom_sym_m0.txt ABSOLUTE
    osal_bm_adjust_header                    0x00014955   Thumb Code     0  bb_rom_sym_m0.txt ABSOLUTE
    osal_bm_adjust_tail                      0x0001497d   Thumb Code     0  bb_rom_sym_m0.txt ABSOLUTE
    osal_bm_alloc                            0x000149a9   Thumb Code     0  bb_rom_sym_m0.txt ABSOLUTE
    osal_bm_free                             0x000149d9   Thumb Code     0  bb_rom_sym_m0.txt ABSOLUTE
    osal_buffer_uint24                       0x00014a21   Thumb Code     0  bb_rom_sym_m0.txt ABSOLUTE
    osal_buffer_uint32                       0x00014a2f   Thumb Code     0  bb_rom_sym_m0.txt ABSOLUTE
    osal_build_uint16                        0x00014a41   Thumb Code     0  bb_rom_sym_m0.txt ABSOLUTE
    osal_build_uint32                        0x00014a4d   Thumb Code     0  bb_rom_sym_m0.txt ABSOLUTE
    osal_clear_event                         0x00014a89   Thumb Code     0  bb_rom_sym_m0.txt ABSOLUTE
    osal_getClock                            0x00014abd   Thumb Code     0  bb_rom_sym_m0.txt ABSOLUTE
    osal_get_timeoutEx                       0x00014ac9   Thumb Code     0  bb_rom_sym_m0.txt ABSOLUTE
    osal_init_system                         0x00014aed   Thumb Code     0  bb_rom_sym_m0.txt ABSOLUTE
    osal_isbufset                            0x00014b1d   Thumb Code     0  bb_rom_sym_m0.txt ABSOLUTE
    osal_mem_alloc                           0x00014b3d   Thumb Code     0  bb_rom_sym_m0.txt ABSOLUTE
    osal_mem_free                            0x00014c01   Thumb Code     0  bb_rom_sym_m0.txt ABSOLUTE
    osal_mem_init                            0x00014c25   Thumb Code     0  bb_rom_sym_m0.txt ABSOLUTE
    osal_mem_kick                            0x00014c8d   Thumb Code     0  bb_rom_sym_m0.txt ABSOLUTE
    osal_mem_set_heap                        0x00014cb5   Thumb Code     0  bb_rom_sym_m0.txt ABSOLUTE
    osal_memcmp                              0x00014ccd   Thumb Code     0  bb_rom_sym_m0.txt ABSOLUTE
    osal_memcpy                              0x00014ce9   Thumb Code     0  bb_rom_sym_m0.txt ABSOLUTE
    osal_memdup                              0x00014cf9   Thumb Code     0  bb_rom_sym_m0.txt ABSOLUTE
    osal_memset                              0x00014d15   Thumb Code     0  bb_rom_sym_m0.txt ABSOLUTE
    osal_msg_allocate                        0x00014d1d   Thumb Code     0  bb_rom_sym_m0.txt ABSOLUTE
    osal_msg_deallocate                      0x00014d43   Thumb Code     0  bb_rom_sym_m0.txt ABSOLUTE
    osal_msg_dequeue                         0x00014d65   Thumb Code     0  bb_rom_sym_m0.txt ABSOLUTE
    osal_msg_enqueue                         0x00014d91   Thumb Code     0  bb_rom_sym_m0.txt ABSOLUTE
    osal_msg_enqueue_max                     0x00014dc3   Thumb Code     0  bb_rom_sym_m0.txt ABSOLUTE
    osal_msg_extract                         0x00014e6d   Thumb Code     0  bb_rom_sym_m0.txt ABSOLUTE
    osal_msg_find                            0x00014e9d   Thumb Code     0  bb_rom_sym_m0.txt ABSOLUTE
    osal_msg_push                            0x00014ed1   Thumb Code     0  bb_rom_sym_m0.txt ABSOLUTE
    osal_msg_push_front                      0x00014eeb   Thumb Code     0  bb_rom_sym_m0.txt ABSOLUTE
    osal_msg_receive                         0x00014ef5   Thumb Code     0  bb_rom_sym_m0.txt ABSOLUTE
    osal_msg_send                            0x00014f59   Thumb Code     0  bb_rom_sym_m0.txt ABSOLUTE
    osal_next_timeout                        0x00014f7d   Thumb Code     0  bb_rom_sym_m0.txt ABSOLUTE
    osal_pwrmgr_device                       0x00014fa5   Thumb Code     0  bb_rom_sym_m0.txt ABSOLUTE
    osal_pwrmgr_init                         0x00014fb1   Thumb Code     0  bb_rom_sym_m0.txt ABSOLUTE
    osal_pwrmgr_powerconserve                0x00014fc1   Thumb Code     0  bb_rom_sym_m0.txt ABSOLUTE
    osal_pwrmgr_task_state                   0x000150f9   Thumb Code     0  bb_rom_sym_m0.txt ABSOLUTE
    osal_rand                                0x00015129   Thumb Code     0  bb_rom_sym_m0.txt ABSOLUTE
    osal_revmemcpy                           0x00015145   Thumb Code     0  bb_rom_sym_m0.txt ABSOLUTE
    osal_run_system                          0x00015159   Thumb Code     0  bb_rom_sym_m0.txt ABSOLUTE
    osal_self                                0x000151f5   Thumb Code     0  bb_rom_sym_m0.txt ABSOLUTE
    osal_setClock                            0x00015201   Thumb Code     0  bb_rom_sym_m0.txt ABSOLUTE
    osal_set_event                           0x0001520d   Thumb Code     0  bb_rom_sym_m0.txt ABSOLUTE
    osal_start_reload_timer                  0x00015259   Thumb Code     0  bb_rom_sym_m0.txt ABSOLUTE
    osal_start_system                        0x00015285   Thumb Code     0  bb_rom_sym_m0.txt ABSOLUTE
    osal_start_timerEx                       0x0001528b   Thumb Code     0  bb_rom_sym_m0.txt ABSOLUTE
    osal_stop_timerEx                        0x000152b3   Thumb Code     0  bb_rom_sym_m0.txt ABSOLUTE
    osal_strlen                              0x000152dd   Thumb Code     0  bb_rom_sym_m0.txt ABSOLUTE
    osal_timer_num_active                    0x000152e5   Thumb Code     0  bb_rom_sym_m0.txt ABSOLUTE
    phy_sec_app_key                          0x00015315   Thumb Code     0  bb_rom_sym_m0.txt ABSOLUTE
    phy_sec_decrypt                          0x0001531d   Thumb Code     0  bb_rom_sym_m0.txt ABSOLUTE
    phy_sec_efuse_lock                       0x0001532d   Thumb Code     0  bb_rom_sym_m0.txt ABSOLUTE
    phy_sec_encrypt                          0x00015339   Thumb Code     0  bb_rom_sym_m0.txt ABSOLUTE
    phy_sec_init                             0x00015349   Thumb Code     0  bb_rom_sym_m0.txt ABSOLUTE
    phy_sec_key_valid                        0x0001540d   Thumb Code     0  bb_rom_sym_m0.txt ABSOLUTE
    prog_process_data                        0x00015b19   Thumb Code     0  bb_rom_sym_m0.txt ABSOLUTE
    prog_uart_command                        0x00015c51   Thumb Code     0  bb_rom_sym_m0.txt ABSOLUTE
    prog_uart_fct_command                    0x00015c71   Thumb Code     0  bb_rom_sym_m0.txt ABSOLUTE
    prog_uart_handle                         0x00015c8d   Thumb Code     0  bb_rom_sym_m0.txt ABSOLUTE
    read_LL_remainder_time                   0x00015cbd   Thumb Code     0  bb_rom_sym_m0.txt ABSOLUTE
    read_current_fine_time                   0x00015cc9   Thumb Code     0  bb_rom_sym_m0.txt ABSOLUTE
    read_ll_adv_remainder_time               0x00015cf1   Thumb Code     0  bb_rom_sym_m0.txt ABSOLUTE
    reset_conn_buf                           0x00015cfd   Thumb Code     0  bb_rom_sym_m0.txt ABSOLUTE
    rom_board_init                           0x00016a09   Thumb Code     0  bb_rom_sym_m0.txt ABSOLUTE
    rtc_clear                                0x00016ab5   Thumb Code     0  bb_rom_sym_m0.txt ABSOLUTE
    rtc_config_prescale                      0x00016ad1   Thumb Code     0  bb_rom_sym_m0.txt ABSOLUTE
    rtc_get_counter                          0x00016b15   Thumb Code     0  bb_rom_sym_m0.txt ABSOLUTE
    rtc_start                                0x00016b25   Thumb Code     0  bb_rom_sym_m0.txt ABSOLUTE
    rtc_stop                                 0x00016b35   Thumb Code     0  bb_rom_sym_m0.txt ABSOLUTE
    setSleepMode                             0x00016b45   Thumb Code     0  bb_rom_sym_m0.txt ABSOLUTE
    set_access_address                       0x00016b51   Thumb Code     0  bb_rom_sym_m0.txt ABSOLUTE
    set_channel                              0x00016b5d   Thumb Code     0  bb_rom_sym_m0.txt ABSOLUTE
    set_crc_seed                             0x00016b9d   Thumb Code     0  bb_rom_sym_m0.txt ABSOLUTE
    set_gpio_pull_down_ate                   0x00016bb5   Thumb Code     0  bb_rom_sym_m0.txt ABSOLUTE
    set_gpio_pull_up_ate                     0x00016bcb   Thumb Code     0  bb_rom_sym_m0.txt ABSOLUTE
    set_int                                  0x00016be1   Thumb Code     0  bb_rom_sym_m0.txt ABSOLUTE
    set_max_length                           0x00016bed   Thumb Code     0  bb_rom_sym_m0.txt ABSOLUTE
    set_sleep_flag                           0x00016c01   Thumb Code     0  bb_rom_sym_m0.txt ABSOLUTE
    set_timer                                0x00016c2d   Thumb Code     0  bb_rom_sym_m0.txt ABSOLUTE
    set_whiten_seed                          0x00016cc9   Thumb Code     0  bb_rom_sym_m0.txt ABSOLUTE
    spif_cmd                                 0x00016d49   Thumb Code     0  bb_rom_sym_m0.txt ABSOLUTE
    spif_config                              0x00016dc5   Thumb Code     0  bb_rom_sym_m0.txt ABSOLUTE
    spif_erase_all                           0x00016ea1   Thumb Code     0  bb_rom_sym_m0.txt ABSOLUTE
    spif_erase_block64                       0x00016ed1   Thumb Code     0  bb_rom_sym_m0.txt ABSOLUTE
    spif_erase_chip                          0x00016f55   Thumb Code     0  bb_rom_sym_m0.txt ABSOLUTE
    spif_erase_sector                        0x00016fa9   Thumb Code     0  bb_rom_sym_m0.txt ABSOLUTE
    spif_flash_size                          0x00017029   Thumb Code     0  bb_rom_sym_m0.txt ABSOLUTE
    spif_flash_status_reg_0                  0x0001703d   Thumb Code     0  bb_rom_sym_m0.txt ABSOLUTE
    spif_flash_status_reg_1                  0x00017047   Thumb Code     0  bb_rom_sym_m0.txt ABSOLUTE
    spif_init                                0x00017051   Thumb Code     0  bb_rom_sym_m0.txt ABSOLUTE
    spif_rddata                              0x0001713d   Thumb Code     0  bb_rom_sym_m0.txt ABSOLUTE
    spif_read                                0x00017165   Thumb Code     0  bb_rom_sym_m0.txt ABSOLUTE
    spif_read_dma                            0x0001717d   Thumb Code     0  bb_rom_sym_m0.txt ABSOLUTE
    spif_release_deep_sleep                  0x000172cd   Thumb Code     0  bb_rom_sym_m0.txt ABSOLUTE
    spif_set_deep_sleep                      0x00017349   Thumb Code     0  bb_rom_sym_m0.txt ABSOLUTE
    spif_wrdata                              0x0001736d   Thumb Code     0  bb_rom_sym_m0.txt ABSOLUTE
    spif_write                               0x00017395   Thumb Code     0  bb_rom_sym_m0.txt ABSOLUTE
    spif_write_dma                           0x0001744d   Thumb Code     0  bb_rom_sym_m0.txt ABSOLUTE
    spif_write_protect                       0x000174f9   Thumb Code     0  bb_rom_sym_m0.txt ABSOLUTE
    sram_ret_patch                           0x00017591   Thumb Code     0  bb_rom_sym_m0.txt ABSOLUTE
    update_rx_read_ptr                       0x00017609   Thumb Code     0  bb_rom_sym_m0.txt ABSOLUTE
    update_rx_write_ptr                      0x00017635   Thumb Code     0  bb_rom_sym_m0.txt ABSOLUTE
    update_tx_read_ptr                       0x00017659   Thumb Code     0  bb_rom_sym_m0.txt ABSOLUTE
    update_tx_write_ptr                      0x00017685   Thumb Code     0  bb_rom_sym_m0.txt ABSOLUTE
    wakeupProcess                            0x000176a9   Thumb Code     0  bb_rom_sym_m0.txt ABSOLUTE
    wakeupProcess0                           0x000176c5   Thumb Code     0  bb_rom_sym_m0.txt ABSOLUTE
    wakeup_init                              0x000178a5   Thumb Code     0  bb_rom_sym_m0.txt ABSOLUTE
    wakeup_init0                             0x000178bd   Thumb Code     0  bb_rom_sym_m0.txt ABSOLUTE
    zigbee_crc16_gen                         0x0001798d   Thumb Code     0  bb_rom_sym_m0.txt ABSOLUTE
    supportedCmdsTable                       0x00017c00   Data           0  bb_rom_sym_m0.txt ABSOLUTE
    hciCmdTable                              0x00017c44   Data           0  bb_rom_sym_m0.txt ABSOLUTE
    SCA                                      0x00017c4c   Data           0  bb_rom_sym_m0.txt ABSOLUTE
    jump_table_base                          0x1fff0000   Data        1024  jump_table.o(jump_table_mem_area)
    global_config                            0x1fff0400   Data        1024  jump_table.o(global_config_area)
    hclk_per_us                              0x1fff0818   Data           0  bb_rom_sym_m0.txt ABSOLUTE
    hclk_per_us_shift                        0x1fff081c   Data           0  bb_rom_sym_m0.txt ABSOLUTE
    s_prog_time_save                         0x1fff0828   Data           0  bb_rom_sym_m0.txt ABSOLUTE
    s_prog_timeout                           0x1fff082c   Data           0  bb_rom_sym_m0.txt ABSOLUTE
    DFL_ENTRY_BASE                           0x1fff0830   Data           0  bb_rom_sym_m0.txt ABSOLUTE
    receive_timeout_flag                     0x1fff0850   Data           0  bb_rom_sym_m0.txt ABSOLUTE
    osal_sys_tick                            0x1fff0860   Data           0  bb_rom_sym_m0.txt ABSOLUTE
    g_timer4_irq_pending_time                0x1fff0864   Data           0  bb_rom_sym_m0.txt ABSOLUTE
    g_hclk                                   0x1fff0874   Data           0  bb_rom_sym_m0.txt ABSOLUTE
    m_in_critical_region                     0x1fff0878   Data           0  bb_rom_sym_m0.txt ABSOLUTE
    s_rom_debug_level                        0x1fff0888   Data           0  bb_rom_sym_m0.txt ABSOLUTE
    s_spif_ctx                               0x1fff0894   Data           0  bb_rom_sym_m0.txt ABSOLUTE
    osal_qHead                               0x1fff08b8   Data           0  bb_rom_sym_m0.txt ABSOLUTE
    baseTaskID                               0x1fff08c0   Data           0  bb_rom_sym_m0.txt ABSOLUTE
    OSAL_timeSeconds                         0x1fff08cc   Data           0  bb_rom_sym_m0.txt ABSOLUTE
    ll_remain_time                           0x1fff08e4   Data           0  bb_rom_sym_m0.txt ABSOLUTE
    pwrmgr_attribute                         0x1fff08e8   Data           0  bb_rom_sym_m0.txt ABSOLUTE
    timerHead                                0x1fff08f0   Data           0  bb_rom_sym_m0.txt ABSOLUTE
    hciPTMenabled                            0x1fff08f8   Data           0  bb_rom_sym_m0.txt ABSOLUTE
    ctrlToHostEnable                         0x1fff08f9   Data           0  bb_rom_sym_m0.txt ABSOLUTE
    numHostBufs                              0x1fff08fa   Data           0  bb_rom_sym_m0.txt ABSOLUTE
    hciCtrlCmdToken                          0x1fff08fc   Data           0  bb_rom_sym_m0.txt ABSOLUTE
    bleEvtMask                               0x1fff0900   Data           0  bb_rom_sym_m0.txt ABSOLUTE
    pHciEvtMask                              0x1fff0904   Data           0  bb_rom_sym_m0.txt ABSOLUTE
    hciTaskID                                0x1fff090c   Data           0  bb_rom_sym_m0.txt ABSOLUTE
    hciTestTaskID                            0x1fff090d   Data           0  bb_rom_sym_m0.txt ABSOLUTE
    hciGapTaskID                             0x1fff090e   Data           0  bb_rom_sym_m0.txt ABSOLUTE
    hciL2capTaskID                           0x1fff090f   Data           0  bb_rom_sym_m0.txt ABSOLUTE
    hciSmpTaskID                             0x1fff0910   Data           0  bb_rom_sym_m0.txt ABSOLUTE
    hciExtTaskID                             0x1fff0911   Data           0  bb_rom_sym_m0.txt ABSOLUTE
    g_maxConnNum                             0x1fff0914   Data           0  bb_rom_sym_m0.txt ABSOLUTE
    g_maxPktPerEventTx                       0x1fff0915   Data           0  bb_rom_sym_m0.txt ABSOLUTE
    g_maxPktPerEventRx                       0x1fff0916   Data           0  bb_rom_sym_m0.txt ABSOLUTE
    g_blePktVersion                          0x1fff0917   Data           0  bb_rom_sym_m0.txt ABSOLUTE
    g_llRlEnable                             0x1fff0918   Data           0  bb_rom_sym_m0.txt ABSOLUTE
    g_llScanMode                             0x1fff0919   Data           0  bb_rom_sym_m0.txt ABSOLUTE
    g_llAdvMode                              0x1fff091a   Data           0  bb_rom_sym_m0.txt ABSOLUTE
    LL_TaskID                                0x1fff091b   Data           0  bb_rom_sym_m0.txt ABSOLUTE
    llState                                  0x1fff091c   Data           0  bb_rom_sym_m0.txt ABSOLUTE
    numComplPkts                             0x1fff091d   Data           0  bb_rom_sym_m0.txt ABSOLUTE
    numComplPktsLimit                        0x1fff091e   Data           0  bb_rom_sym_m0.txt ABSOLUTE
    fastTxRespTime                           0x1fff091f   Data           0  bb_rom_sym_m0.txt ABSOLUTE
    g_llWlDeviceNum                          0x1fff0920   Data           0  bb_rom_sym_m0.txt ABSOLUTE
    g_llRlDeviceNum                          0x1fff0921   Data           0  bb_rom_sym_m0.txt ABSOLUTE
    rxFifoFlowCtrl                           0x1fff0922   Data           0  bb_rom_sym_m0.txt ABSOLUTE
    llSecondaryState                         0x1fff0923   Data           0  bb_rom_sym_m0.txt ABSOLUTE
    g_extAdvNumber                           0x1fff0924   Data           0  bb_rom_sym_m0.txt ABSOLUTE
    g_perioAdvNumber                         0x1fff0925   Data           0  bb_rom_sym_m0.txt ABSOLUTE
    g_schExtAdvNum                           0x1fff0926   Data           0  bb_rom_sym_m0.txt ABSOLUTE
    g_currentExtAdv                          0x1fff0927   Data           0  bb_rom_sym_m0.txt ABSOLUTE
    g_schExtAdvNum_periodic                  0x1fff0928   Data           0  bb_rom_sym_m0.txt ABSOLUTE
    g_currentExtAdv_periodic                 0x1fff0929   Data           0  bb_rom_sym_m0.txt ABSOLUTE
    g_llRlTimeout                            0x1fff092c   Data           0  bb_rom_sym_m0.txt ABSOLUTE
    g_advSetMaximumLen                       0x1fff0930   Data           0  bb_rom_sym_m0.txt ABSOLUTE
    conn_param                               0x1fff0934   Data           0  bb_rom_sym_m0.txt ABSOLUTE
    g_pExtendedAdvInfo                       0x1fff0938   Data           0  bb_rom_sym_m0.txt ABSOLUTE
    g_pPeriodicAdvInfo                       0x1fff093c   Data           0  bb_rom_sym_m0.txt ABSOLUTE
    g_pLLcteISample                          0x1fff0940   Data           0  bb_rom_sym_m0.txt ABSOLUTE
    g_pLLcteQSample                          0x1fff0944   Data           0  bb_rom_sym_m0.txt ABSOLUTE
    g_llHdcDirAdvTime                        0x1fff0948   Data           0  bb_rom_sym_m0.txt ABSOLUTE
    g_pAdvSchInfo                            0x1fff094c   Data           0  bb_rom_sym_m0.txt ABSOLUTE
    g_advPerSlotTick                         0x1fff0950   Data           0  bb_rom_sym_m0.txt ABSOLUTE
    g_advSlotPeriodic                        0x1fff0954   Data           0  bb_rom_sym_m0.txt ABSOLUTE
    g_pAdvSchInfo_periodic                   0x1fff0958   Data           0  bb_rom_sym_m0.txt ABSOLUTE
    g_timerExpiryTick                        0x1fff095c   Data           0  bb_rom_sym_m0.txt ABSOLUTE
    chanMapUpdate                            0x1fff0960   Data           0  bb_rom_sym_m0.txt ABSOLUTE
    ownPublicAddr                            0x1fff0965   Data           0  bb_rom_sym_m0.txt ABSOLUTE
    ownRandomAddr                            0x1fff096b   Data           0  bb_rom_sym_m0.txt ABSOLUTE
    verInfo                                  0x1fff0972   Data           0  bb_rom_sym_m0.txt ABSOLUTE
    peerInfo                                 0x1fff0978   Data           0  bb_rom_sym_m0.txt ABSOLUTE
    g_currentAdvTimer                        0x1fff0980   Data           0  bb_rom_sym_m0.txt ABSOLUTE
    g_currentTimerTask                       0x1fff0984   Data           0  bb_rom_sym_m0.txt ABSOLUTE
    g_adv_taskID                             0x1fff0988   Data           0  bb_rom_sym_m0.txt ABSOLUTE
    g_conn_taskID                            0x1fff0989   Data           0  bb_rom_sym_m0.txt ABSOLUTE
    g_smartWindowRTOCnt                      0x1fff098a   Data           0  bb_rom_sym_m0.txt ABSOLUTE
    isPeerRpaStore                           0x1fff098b   Data           0  bb_rom_sym_m0.txt ABSOLUTE
    g_same_rf_channel_flag                   0x1fff098c   Data           0  bb_rom_sym_m0.txt ABSOLUTE
    g_currentPeerAddrType                    0x1fff098d   Data           0  bb_rom_sym_m0.txt ABSOLUTE
    g_currentLocalAddrType                   0x1fff098e   Data           0  bb_rom_sym_m0.txt ABSOLUTE
    storeRpaListIndex                        0x1fff098f   Data           0  bb_rom_sym_m0.txt ABSOLUTE
    llTaskState                              0x1fff0990   Data           0  bb_rom_sym_m0.txt ABSOLUTE
    g_adv_taskEvent                          0x1fff0992   Data           0  bb_rom_sym_m0.txt ABSOLUTE
    g_conn_taskEvent                         0x1fff0994   Data           0  bb_rom_sym_m0.txt ABSOLUTE
    llWaitingIrq                             0x1fff0998   Data           0  bb_rom_sym_m0.txt ABSOLUTE
    ISR_entry_time                           0x1fff099c   Data           0  bb_rom_sym_m0.txt ABSOLUTE
    slave_conn_event_recv_delay              0x1fff09a0   Data           0  bb_rom_sym_m0.txt ABSOLUTE
    g_smartWindowLater                       0x1fff09a4   Data           0  bb_rom_sym_m0.txt ABSOLUTE
    g_smartWindowActiveCnt                   0x1fff09a8   Data           0  bb_rom_sym_m0.txt ABSOLUTE
    g_smartWindowPreAnchPoint                0x1fff09ac   Data           0  bb_rom_sym_m0.txt ABSOLUTE
    g_getPn23_cnt                            0x1fff09b0   Data           0  bb_rom_sym_m0.txt ABSOLUTE
    g_getPn23_seed                           0x1fff09b4   Data           0  bb_rom_sym_m0.txt ABSOLUTE
    llScanTime                               0x1fff09b8   Data           0  bb_rom_sym_m0.txt ABSOLUTE
    p_perStatsByChan                         0x1fff09bc   Data           0  bb_rom_sym_m0.txt ABSOLUTE
    LL_PLUS_AdvDataFilterCBack               0x1fff09c0   Data           0  bb_rom_sym_m0.txt ABSOLUTE
    LL_PLUS_ScanRequestFilterCBack           0x1fff09c4   Data           0  bb_rom_sym_m0.txt ABSOLUTE
    g_new_master_delta                       0x1fff09c8   Data           0  bb_rom_sym_m0.txt ABSOLUTE
    llScanT1                                 0x1fff09cc   Data           0  bb_rom_sym_m0.txt ABSOLUTE
    llCurrentScanChn                         0x1fff09d0   Data           0  bb_rom_sym_m0.txt ABSOLUTE
    g_currentLocalRpa                        0x1fff09d4   Data           0  bb_rom_sym_m0.txt ABSOLUTE
    g_currentPeerRpa                         0x1fff09da   Data           0  bb_rom_sym_m0.txt ABSOLUTE
    currentPeerRpa                           0x1fff09e0   Data           0  bb_rom_sym_m0.txt ABSOLUTE
    g_dle_taskID                             0x1fff09e6   Data           0  bb_rom_sym_m0.txt ABSOLUTE
    g_dle_taskEvent                          0x1fff09e8   Data           0  bb_rom_sym_m0.txt ABSOLUTE
    g_phyChg_taskID                          0x1fff09ea   Data           0  bb_rom_sym_m0.txt ABSOLUTE
    g_phyChg_taskEvent                       0x1fff09ec   Data           0  bb_rom_sym_m0.txt ABSOLUTE
    g_smartWindowSize                        0x1fff09f0   Data           0  bb_rom_sym_m0.txt ABSOLUTE
    g_smartWindowSizeNew                     0x1fff09f4   Data           0  bb_rom_sym_m0.txt ABSOLUTE
    g_smartWindowActive                      0x1fff09f8   Data           0  bb_rom_sym_m0.txt ABSOLUTE
    g_interAuxPduDuration                    0x1fff09fc   Data           0  bb_rom_sym_m0.txt ABSOLUTE
    connUpdateTimer                          0x1fff0a04   Data           0  bb_rom_sym_m0.txt ABSOLUTE
    sleep_flag                               0x1fff0a0c   Data           0  bb_rom_sym_m0.txt ABSOLUTE
    g_wakeup_rtc_tick                        0x1fff0a10   Data           0  bb_rom_sym_m0.txt ABSOLUTE
    g_counter_traking_avg                    0x1fff0a14   Data           0  bb_rom_sym_m0.txt ABSOLUTE
    g_TIM2_IRQ_TIM3_CurrCount                0x1fff0a18   Data           0  bb_rom_sym_m0.txt ABSOLUTE
    g_TIM2_IRQ_to_Sleep_DeltTick             0x1fff0a1c   Data           0  bb_rom_sym_m0.txt ABSOLUTE
    g_TIM2_IRQ_PendingTick                   0x1fff0a20   Data           0  bb_rom_sym_m0.txt ABSOLUTE
    g_osal_tick_trim                         0x1fff0a24   Data           0  bb_rom_sym_m0.txt ABSOLUTE
    g_osalTickTrim_mod                       0x1fff0a28   Data           0  bb_rom_sym_m0.txt ABSOLUTE
    rtc_mod_value                            0x1fff0a2c   Data           0  bb_rom_sym_m0.txt ABSOLUTE
    g_counter_traking_cnt                    0x1fff0a30   Data           0  bb_rom_sym_m0.txt ABSOLUTE
    sleep_tick                               0x1fff0a34   Data           0  bb_rom_sym_m0.txt ABSOLUTE
    counter_tracking                         0x1fff0a38   Data           0  bb_rom_sym_m0.txt ABSOLUTE
    forever_write                            0x1fff0a3c   Data           0  bb_rom_sym_m0.txt ABSOLUTE
    g_TIM2_wakeup_delay                      0x1fff0a40   Data           0  bb_rom_sym_m0.txt ABSOLUTE
    g_rfPhyTpCal0                            0x1fff0a44   Data           0  bb_rom_sym_m0.txt ABSOLUTE
    g_rfPhyTpCal1                            0x1fff0a45   Data           0  bb_rom_sym_m0.txt ABSOLUTE
    g_rfPhyTpCal0_2Mbps                      0x1fff0a46   Data           0  bb_rom_sym_m0.txt ABSOLUTE
    g_rfPhyTpCal1_2Mbps                      0x1fff0a47   Data           0  bb_rom_sym_m0.txt ABSOLUTE
    g_rfPhyTxPower                           0x1fff0a48   Data           0  bb_rom_sym_m0.txt ABSOLUTE
    g_rfPhyPktFmt                            0x1fff0a49   Data           0  bb_rom_sym_m0.txt ABSOLUTE
    g_system_clk                             0x1fff0a4a   Data           0  bb_rom_sym_m0.txt ABSOLUTE
    g_rfPhyClkSel                            0x1fff0a4b   Data           0  bb_rom_sym_m0.txt ABSOLUTE
    g_rxAdcClkSel                            0x1fff0a4c   Data           0  bb_rom_sym_m0.txt ABSOLUTE
    g_dtmModeType                            0x1fff0a4d   Data           0  bb_rom_sym_m0.txt ABSOLUTE
    g_dtmLength                              0x1fff0a4e   Data           0  bb_rom_sym_m0.txt ABSOLUTE
    g_dtmExtLen                              0x1fff0a4f   Data           0  bb_rom_sym_m0.txt ABSOLUTE
    g_dtmPKT                                 0x1fff0a50   Data           0  bb_rom_sym_m0.txt ABSOLUTE
    g_dtmTxPower                             0x1fff0a51   Data           0  bb_rom_sym_m0.txt ABSOLUTE
    g_dtmRssi                                0x1fff0a52   Data           0  bb_rom_sym_m0.txt ABSOLUTE
    g_dtmCarrSens                            0x1fff0a53   Data           0  bb_rom_sym_m0.txt ABSOLUTE
    g_dtmPktIntv                             0x1fff0a54   Data           0  bb_rom_sym_m0.txt ABSOLUTE
    g_dtmPktCount                            0x1fff0a56   Data           0  bb_rom_sym_m0.txt ABSOLUTE
    g_dtmRxCrcNum                            0x1fff0a58   Data           0  bb_rom_sym_m0.txt ABSOLUTE
    g_dtmRxTONum                             0x1fff0a5a   Data           0  bb_rom_sym_m0.txt ABSOLUTE
    g_dtmRsp                                 0x1fff0a5c   Data           0  bb_rom_sym_m0.txt ABSOLUTE
    g_dtmFoff                                0x1fff0a5e   Data           0  bb_rom_sym_m0.txt ABSOLUTE
    g_rfPhyRxDcIQ                            0x1fff0a60   Data           0  bb_rom_sym_m0.txt ABSOLUTE
    g_dtmTick                                0x1fff0a64   Data           0  bb_rom_sym_m0.txt ABSOLUTE
    g_rfPhyFreqOffSet                        0x1fff0a68   Data           0  bb_rom_sym_m0.txt ABSOLUTE
    g_rfPhyDtmCmd                            0x1fff0a69   Data           0  bb_rom_sym_m0.txt ABSOLUTE
    g_rfPhyDtmEvt                            0x1fff0a6b   Data           0  bb_rom_sym_m0.txt ABSOLUTE
    g_dtmCmd                                 0x1fff0a6d   Data           0  bb_rom_sym_m0.txt ABSOLUTE
    g_dtmFreq                                0x1fff0a6e   Data           0  bb_rom_sym_m0.txt ABSOLUTE
    g_dtmCtrl                                0x1fff0a6f   Data           0  bb_rom_sym_m0.txt ABSOLUTE
    g_dtmPara                                0x1fff0a70   Data           0  bb_rom_sym_m0.txt ABSOLUTE
    g_dtmEvt                                 0x1fff0a71   Data           0  bb_rom_sym_m0.txt ABSOLUTE
    g_dtmStatus                              0x1fff0a72   Data           0  bb_rom_sym_m0.txt ABSOLUTE
    g_dtmTpCalEnable                         0x1fff0a73   Data           0  bb_rom_sym_m0.txt ABSOLUTE
    g_dtmPerAutoIntv                         0x1fff0a74   Data           0  bb_rom_sym_m0.txt ABSOLUTE
    g_dtmAccessCode                          0x1fff0a78   Data           0  bb_rom_sym_m0.txt ABSOLUTE
    g_system_reset_cause                     0x1fff0a80   Data           0  bb_rom_sym_m0.txt ABSOLUTE
    cbTimers                                 0x1fff0afc   Data           0  bb_rom_sym_m0.txt ABSOLUTE
    g_llSleepContext                         0x1fff0b74   Data           0  bb_rom_sym_m0.txt ABSOLUTE
    syncInfo                                 0x1fff0b84   Data           0  bb_rom_sym_m0.txt ABSOLUTE
    scanSyncInfo                             0x1fff0b96   Data           0  bb_rom_sym_m0.txt ABSOLUTE
    adv_param                                0x1fff0ba6   Data           0  bb_rom_sym_m0.txt ABSOLUTE
    scanInfo                                 0x1fff0bbc   Data           0  bb_rom_sym_m0.txt ABSOLUTE
    initInfo                                 0x1fff0bd4   Data           0  bb_rom_sym_m0.txt ABSOLUTE
    extScanInfo                              0x1fff0be8   Data           0  bb_rom_sym_m0.txt ABSOLUTE
    extInitInfo                              0x1fff0c10   Data           0  bb_rom_sym_m0.txt ABSOLUTE
    g_llPeriodAdvSyncInfo                    0x1fff0c50   Data           0  bb_rom_sym_m0.txt ABSOLUTE
    g_ll_conn_ctx                            0x1fff0d30   Data           0  bb_rom_sym_m0.txt ABSOLUTE
    deviceFeatureSet                         0x1fff0e48   Data           0  bb_rom_sym_m0.txt ABSOLUTE
    g_llWhitelist                            0x1fff0e51   Data           0  bb_rom_sym_m0.txt ABSOLUTE
    g_llResolvinglist                        0x1fff0e89   Data           0  bb_rom_sym_m0.txt ABSOLUTE
    g_pmCounters                             0x1fff0ffc   Data           0  bb_rom_sym_m0.txt ABSOLUTE
    g_llPduLen                               0x1fff1084   Data           0  bb_rom_sym_m0.txt ABSOLUTE
    rfCounters                               0x1fff10e0   Data           0  bb_rom_sym_m0.txt ABSOLUTE
    ext_adv_hdr                              0x1fff10ec   Data           0  bb_rom_sym_m0.txt ABSOLUTE
    dataPkt                                  0x1fff1118   Data           0  bb_rom_sym_m0.txt ABSOLUTE
    cachedTRNGdata                           0x1fff1138   Data           0  bb_rom_sym_m0.txt ABSOLUTE
    whiten_seed                              0x1fff1144   Data           0  bb_rom_sym_m0.txt ABSOLUTE
    g_tx_adv_buf                             0x1fff116c   Data           0  bb_rom_sym_m0.txt ABSOLUTE
    g_tx_ext_adv_buf                         0x1fff1278   Data           0  bb_rom_sym_m0.txt ABSOLUTE
    tx_scanRsp_desc                          0x1fff1384   Data           0  bb_rom_sym_m0.txt ABSOLUTE
    g_rx_adv_buf                             0x1fff1490   Data           0  bb_rom_sym_m0.txt ABSOLUTE
    __Vectors                                0x1fff1838   Data           4  startup_armcm0.o(RESET)
    __Vectors_End                            0x1fff18f8   Data           0  startup_armcm0.o(RESET)
    __main                                   0x1fff18f9   Thumb Code     0  entry.o(.ARM.Collect$$$$00000000)
    _main_stk                                0x1fff18f9   Thumb Code     0  entry2.o(.ARM.Collect$$$$00000001)
    _main_scatterload                        0x1fff18fd   Thumb Code     0  entry5.o(.ARM.Collect$$$$00000004)
    __main_after_scatterload                 0x1fff1901   Thumb Code     0  entry5.o(.ARM.Collect$$$$00000004)
    _main_clock                              0x1fff1901   Thumb Code     0  entry7b.o(.ARM.Collect$$$$00000008)
    _main_cpp_init                           0x1fff1901   Thumb Code     0  entry8b.o(.ARM.Collect$$$$0000000A)
    _main_init                               0x1fff1901   Thumb Code     0  entry9a.o(.ARM.Collect$$$$0000000B)
    __rt_final_cpp                           0x1fff1909   Thumb Code     0  entry10a.o(.ARM.Collect$$$$0000000D)
    __rt_final_exit                          0x1fff1909   Thumb Code     0  entry11a.o(.ARM.Collect$$$$0000000F)
    hard_fault                               0x1fff190d   Thumb Code    40  jump_table.o(.emb_text)
    Reset_Handler                            0x1fff193d   Thumb Code     8  startup_armcm0.o(.text)
    SVC_Handler                              0x1fff1949   Thumb Code     2  startup_armcm0.o(.text)
    SysTick_Handler                          0x1fff194d   Thumb Code     2  startup_armcm0.o(.text)
    AACI_IRQHandler                          0x1fff194f   Thumb Code     0  startup_armcm0.o(.text)
    CAN_IRQHandler                           0x1fff194f   Thumb Code     0  startup_armcm0.o(.text)
    CHLCD_IRQHandler                         0x1fff194f   Thumb Code     0  startup_armcm0.o(.text)
    CLCD_IRQHandler                          0x1fff194f   Thumb Code     0  startup_armcm0.o(.text)
    CPU_CLCD_IRQHandler                      0x1fff194f   Thumb Code     0  startup_armcm0.o(.text)
    ENET_IRQHandler                          0x1fff194f   Thumb Code     0  startup_armcm0.o(.text)
    FLEXRAY_IRQHandler                       0x1fff194f   Thumb Code     0  startup_armcm0.o(.text)
    I2C_IRQHandler                           0x1fff194f   Thumb Code     0  startup_armcm0.o(.text)
    LIN_IRQHandler                           0x1fff194f   Thumb Code     0  startup_armcm0.o(.text)
    MCIA_IRQHandler                          0x1fff194f   Thumb Code     0  startup_armcm0.o(.text)
    MCIB_IRQHandler                          0x1fff194f   Thumb Code     0  startup_armcm0.o(.text)
    RTC_IRQHandler                           0x1fff194f   Thumb Code     0  startup_armcm0.o(.text)
    SPI_IRQHandler                           0x1fff194f   Thumb Code     0  startup_armcm0.o(.text)
    TIM0_IRQHandler                          0x1fff194f   Thumb Code     0  startup_armcm0.o(.text)
    TIM2_IRQHandler                          0x1fff194f   Thumb Code     0  startup_armcm0.o(.text)
    UART0_IRQHandler                         0x1fff194f   Thumb Code     0  startup_armcm0.o(.text)
    UART1_IRQHandler                         0x1fff194f   Thumb Code     0  startup_armcm0.o(.text)
    UART2_IRQHandler                         0x1fff194f   Thumb Code     0  startup_armcm0.o(.text)
    UART3_IRQHandler                         0x1fff194f   Thumb Code     0  startup_armcm0.o(.text)
    UART4_IRQHandler                         0x1fff194f   Thumb Code     0  startup_armcm0.o(.text)
    USBDC_IRQHandler                         0x1fff194f   Thumb Code     0  startup_armcm0.o(.text)
    USBHC_IRQHandler                         0x1fff194f   Thumb Code     0  startup_armcm0.o(.text)
    WDT_IRQHandler                           0x1fff194f   Thumb Code     0  startup_armcm0.o(.text)
    __aeabi_fadd                             0x1fff1959   Thumb Code   162  fadd.o(.text)
    __aeabi_fsub                             0x1fff19fb   Thumb Code     8  fadd.o(.text)
    __aeabi_frsub                            0x1fff1a03   Thumb Code     8  fadd.o(.text)
    __aeabi_fmul                             0x1fff1a0b   Thumb Code   122  fmul.o(.text)
    __ARM_scalbnf                            0x1fff1a85   Thumb Code    24  fscalb.o(.text)
    scalbnf                                  0x1fff1a85   Thumb Code     0  fscalb.o(.text)
    __aeabi_dmul                             0x1fff1a9d   Thumb Code   202  dmul.o(.text)
    __aeabi_ui2f                             0x1fff1b6d   Thumb Code    14  ffltui.o(.text)
    __aeabi_f2iz                             0x1fff1b7b   Thumb Code    50  ffixi.o(.text)
    __aeabi_f2d                              0x1fff1bad   Thumb Code    40  f2d.o(.text)
    __aeabi_d2f                              0x1fff1bd5   Thumb Code    56  d2f.o(.text)
    __I$use$fp                               0x1fff1c0d   Thumb Code     0  iusefp.o(.text)
    _float_round                             0x1fff1c0d   Thumb Code    16  fepilogue.o(.text)
    _float_epilogue                          0x1fff1c1d   Thumb Code   114  fepilogue.o(.text)
    _double_round                            0x1fff1c8f   Thumb Code    26  depilogue.o(.text)
    _double_epilogue                         0x1fff1ca9   Thumb Code   164  depilogue.o(.text)
    __scatterload                            0x1fff1d4d   Thumb Code    28  init.o(.text)
    __scatterload_rt2                        0x1fff1d4d   Thumb Code     0  init.o(.text)
    __aeabi_llsl                             0x1fff1d71   Thumb Code    32  llshl.o(.text)
    _ll_shift_l                              0x1fff1d71   Thumb Code     0  llshl.o(.text)
    __aeabi_llsr                             0x1fff1d91   Thumb Code    34  llushr.o(.text)
    _ll_ushift_r                             0x1fff1d91   Thumb Code     0  llushr.o(.text)
    __decompress                             0x1fff1db3   Thumb Code     0  __dczerorl2.o(.text)
    __decompress1                            0x1fff1db3   Thumb Code    86  __dczerorl2.o(.text)
    Long Thumb to Thumb Veneer to enableSleep 0x1fff1e09   Thumb Code    12  anon$$obj.o(Veneer$$Code)
    Long Thumb to Thumb Veneer to setSleepMode 0x1fff1e15   Thumb Code    12  anon$$obj.o(Veneer$$Code)
    Long Thumb to Thumb Veneer to WaitRTCCount 0x1fff1e21   Thumb Code    12  anon$$obj.o(Veneer$$Code)
    Long Thumb to Thumb Veneer to LL_ENC_AES128_Encrypt 0x1fff1e2d   Thumb Code    12  anon$$obj.o(Veneer$$Code)
    Long Thumb to Thumb Veneer to osal_memcpy 0x1fff1e39   Thumb Code    12  anon$$obj.o(Veneer$$Code)
    Long Thumb to Thumb Veneer to read_current_fine_time 0x1fff1e45   Thumb Code    12  anon$$obj.o(Veneer$$Code)
    Long Thumb to Thumb Veneer to LL_ENC_AES128_Encrypt0 0x1fff1e51   Thumb Code    12  anon$$obj.o(Veneer$$Code)
    Long Thumb to Thumb Veneer to LL_ENC_LoadKey 0x1fff1e5d   Thumb Code    12  anon$$obj.o(Veneer$$Code)
    Long Thumb to Thumb Veneer to LL_ENC_GenerateNonce 0x1fff1e69   Thumb Code    12  anon$$obj.o(Veneer$$Code)
    Long Thumb to Thumb Veneer to __aeabi_uread4 0x1fff1e75   Thumb Code    12  anon$$obj.o(Veneer$$Code)
    Long Thumb to Thumb Veneer to ll_debug_output 0x1fff1e81   Thumb Code    12  anon$$obj.o(Veneer$$Code)
    Long Thumb to Thumb Veneer to ll_hw_get_irq_status 0x1fff1e8d   Thumb Code    12  anon$$obj.o(Veneer$$Code)
    Long Thumb to Thumb Veneer to ll_hw_get_tr_mode 0x1fff1e99   Thumb Code    12  anon$$obj.o(Veneer$$Code)
    Long Thumb to Thumb Veneer to ll_hw_clr_irq 0x1fff1ea5   Thumb Code    12  anon$$obj.o(Veneer$$Code)
    Long Thumb to Thumb Veneer to ll_processExtAdvIRQ 0x1fff1eb1   Thumb Code    12  anon$$obj.o(Veneer$$Code)
    Long Thumb to Thumb Veneer to ll_processExtScanIRQ 0x1fff1ebd   Thumb Code    12  anon$$obj.o(Veneer$$Code)
    Long Thumb to Thumb Veneer to ll_processExtInitIRQ 0x1fff1ec9   Thumb Code    12  anon$$obj.o(Veneer$$Code)
    Long Thumb to Thumb Veneer to ll_processPrdAdvIRQ 0x1fff1ed5   Thumb Code    12  anon$$obj.o(Veneer$$Code)
    Long Thumb to Thumb Veneer to ll_processPrdScanIRQ 0x1fff1ee1   Thumb Code    12  anon$$obj.o(Veneer$$Code)
    Long Thumb to Thumb Veneer to ll_processBasicIRQ 0x1fff1eed   Thumb Code    12  anon$$obj.o(Veneer$$Code)
    Long Thumb to Thumb Veneer to ll_schedule_next_event 0x1fff1ef9   Thumb Code    12  anon$$obj.o(Veneer$$Code)
    Long Thumb to Thumb Veneer to llSecAdvAllow 0x1fff1f05   Thumb Code    12  anon$$obj.o(Veneer$$Code)
    Long Thumb to Thumb Veneer to llSetupSecAdvEvt 0x1fff1f11   Thumb Code    12  anon$$obj.o(Veneer$$Code)
    Long Thumb to Thumb Veneer to ll_hw_set_rx_timeout 0x1fff1f1d   Thumb Code    12  anon$$obj.o(Veneer$$Code)
    Long Thumb to Thumb Veneer to llSetupSecScan 0x1fff1f29   Thumb Code    12  anon$$obj.o(Veneer$$Code)
    Long Thumb to Thumb Veneer to llSetupSecInit 0x1fff1f35   Thumb Code    12  anon$$obj.o(Veneer$$Code)
    Long Thumb to Thumb Veneer to LL_SetDataLengh0 0x1fff1f41   Thumb Code    12  anon$$obj.o(Veneer$$Code)
    Long Thumb to Thumb Veneer to __aeabi_uidivmod 0x1fff1f4d   Thumb Code    12  anon$$obj.o(Veneer$$Code)
    Long Thumb to Thumb Veneer to efuse_read 0x1fff1f59   Thumb Code    12  anon$$obj.o(Veneer$$Code)
    Long Thumb to Thumb Veneer to log_printf 0x1fff1f65   Thumb Code    12  anon$$obj.o(Veneer$$Code)
    Long Thumb to Thumb Veneer to osal_msg_receive 0x1fff1f71   Thumb Code    12  anon$$obj.o(Veneer$$Code)
    Long Thumb to Thumb Veneer to osal_msg_deallocate 0x1fff1f7d   Thumb Code    12  anon$$obj.o(Veneer$$Code)
    Long Thumb to Thumb Veneer to __ARM_common_switch8 0x1fff1f89   Thumb Code    12  anon$$obj.o(Veneer$$Code)
    Long Thumb to Thumb Veneer to osal_init_system 0x1fff1f95   Thumb Code    12  anon$$obj.o(Veneer$$Code)
    Long Thumb to Thumb Veneer to osal_pwrmgr_device 0x1fff1fa1   Thumb Code    12  anon$$obj.o(Veneer$$Code)
    Long Thumb to Thumb Veneer to osal_start_system 0x1fff1fad   Thumb Code    12  anon$$obj.o(Veneer$$Code)
    Long Thumb to Thumb Veneer to __aeabi_memclr4 0x1fff1fb9   Thumb Code    12  anon$$obj.o(Veneer$$Code)
    Long Thumb to Thumb Veneer to osal_memcmp 0x1fff1fc5   Thumb Code    12  anon$$obj.o(Veneer$$Code)
    Long Thumb to Thumb Veneer to drv_disable_irq 0x1fff1fd1   Thumb Code    12  anon$$obj.o(Veneer$$Code)
    Long Thumb to Thumb Veneer to drv_enable_irq 0x1fff1fdd   Thumb Code    12  anon$$obj.o(Veneer$$Code)
    Long Thumb to Thumb Veneer to __aeabi_memcpy4 0x1fff1fe9   Thumb Code    12  anon$$obj.o(Veneer$$Code)
    Long Thumb to Thumb Veneer to disableSleep 0x1fff1ff5   Thumb Code    12  anon$$obj.o(Veneer$$Code)
    Long Thumb to Thumb Veneer to osal_mem_set_heap 0x1fff2001   Thumb Code    12  anon$$obj.o(Veneer$$Code)
    Long Thumb to Thumb Veneer to LL_InitConnectContext 0x1fff200d   Thumb Code    12  anon$$obj.o(Veneer$$Code)
    Long Thumb to Thumb Veneer to spif_config 0x1fff2019   Thumb Code    12  anon$$obj.o(Veneer$$Code)
    Long Thumb to Thumb Veneer to llProcessTxData0 0x1fff2025   Thumb Code    12  anon$$obj.o(Veneer$$Code)
    Long Thumb to Thumb Veneer to ll_hw_write_tfifo 0x1fff2031   Thumb Code    12  anon$$obj.o(Veneer$$Code)
    Long Thumb to Thumb Veneer to ll_hw_get_tfifo_wrptr 0x1fff203d   Thumb Code    12  anon$$obj.o(Veneer$$Code)
    Long Thumb to Thumb Veneer to getTxBufferSize 0x1fff2049   Thumb Code    12  anon$$obj.o(Veneer$$Code)
    Long Thumb to Thumb Veneer to get_tx_read_ptr 0x1fff2055   Thumb Code    12  anon$$obj.o(Veneer$$Code)
    Long Thumb to Thumb Veneer to update_tx_read_ptr 0x1fff2061   Thumb Code    12  anon$$obj.o(Veneer$$Code)
    Long Thumb to Thumb Veneer to llEnqueueCtrlPkt 0x1fff206d   Thumb Code    12  anon$$obj.o(Veneer$$Code)
    Long Thumb to Thumb Veneer to set_max_length 0x1fff2079   Thumb Code    12  anon$$obj.o(Veneer$$Code)
    Long Thumb to Thumb Veneer to drv_irq_init 0x1fff2085   Thumb Code    12  anon$$obj.o(Veneer$$Code)
    Long Thumb to Thumb Veneer to clk_init   0x1fff2091   Thumb Code    12  anon$$obj.o(Veneer$$Code)
    Long Thumb to Thumb Veneer to osal_mem_alloc 0x1fff209d   Thumb Code    12  anon$$obj.o(Veneer$$Code)
    Long Thumb to Thumb Veneer to osal_memset 0x1fff20a9   Thumb Code    12  anon$$obj.o(Veneer$$Code)
    Long Thumb to Thumb Veneer to LL_Init    0x1fff20b5   Thumb Code    12  anon$$obj.o(Veneer$$Code)
    Long Thumb to Thumb Veneer to ll_hw_set_crc_fmt 0x1fff20c1   Thumb Code    12  anon$$obj.o(Veneer$$Code)
    Long Thumb to Thumb Veneer to ll_hw_tx2rx_timing_config 0x1fff20cd   Thumb Code    12  anon$$obj.o(Veneer$$Code)
    Long Thumb to Thumb Veneer to __aeabi_memcpy 0x1fff20d9   Thumb Code    12  anon$$obj.o(Veneer$$Code)
    Long Thumb to Thumb Veneer to clk_get_pclk 0x1fff20e5   Thumb Code    12  anon$$obj.o(Veneer$$Code)
    Long Thumb to Thumb Veneer to rtc_get_counter 0x1fff20f1   Thumb Code    12  anon$$obj.o(Veneer$$Code)
    Long Thumb to Thumb Veneer to set_timer  0x1fff20fd   Thumb Code    12  anon$$obj.o(Veneer$$Code)
    Long Thumb to Thumb Veneer to ll_hw_set_empty_head 0x1fff2109   Thumb Code    12  anon$$obj.o(Veneer$$Code)
    Long Thumb to Thumb Veneer to ll_hw_set_rx_timeout_1st 0x1fff2115   Thumb Code    12  anon$$obj.o(Veneer$$Code)
    Long Thumb to Thumb Veneer to ll_hw_set_loop_timeout 0x1fff2121   Thumb Code    12  anon$$obj.o(Veneer$$Code)
    Long Thumb to Thumb Veneer to ll_hw_set_timing 0x1fff212d   Thumb Code    12  anon$$obj.o(Veneer$$Code)
    Long Thumb to Thumb Veneer to ll_hw_ign_rfifo 0x1fff2139   Thumb Code    12  anon$$obj.o(Veneer$$Code)
    hal_UART0_IRQHandler                     0x1fff2145   Thumb Code    62  uart.o(_section_sram_code_)
    init_config                              0x1fff2189   Thumb Code   542  patch.o(_section_xip_code_)
    TRNG_INIT                                0x1fff23ef   Thumb Code    34  patch.o(_section_xip_code_)
    TRNG_Rand                                0x1fff2411   Thumb Code   152  patch.o(_section_xip_code_)
    InsertSort                               0x1fff253d   Thumb Code    54  adc_demo.o(i.InsertSort)
    LL_ENC_AES128_Encrypt1                   0x1fff2573   Thumb Code    26  patch.o(i.LL_ENC_AES128_Encrypt1)
    LL_ENC_Decrypt1                          0x1fff258d   Thumb Code   364  patch.o(i.LL_ENC_Decrypt1)
    LL_ENC_Encrypt1                          0x1fff2705   Thumb Code   342  patch.o(i.LL_ENC_Encrypt1)
    LL_IRQHandler1                           0x1fff2865   Thumb Code   298  patch.o(i.LL_IRQHandler1)
    LL_SetDataLengh1                         0x1fff29b1   Thumb Code    40  patch.o(i.LL_SetDataLengh1)
    SystemInit                               0x1fff2b09   Thumb Code     8  system_armcm0.o(i.SystemInit)
    WaitMs                                   0x1fff2b19   Thumb Code    18  clock.o(i.WaitMs)
    WaitUs                                   0x1fff2b2d   Thumb Code    36  clock.o(i.WaitUs)
    __ARM_clz                                0x1fff2b59   Thumb Code    46  depilogue.o(i.__ARM_clz)
    __scatterload_copy                       0x1fff2b87   Thumb Code    14  handlers.o(i.__scatterload_copy)
    __scatterload_null                       0x1fff2b95   Thumb Code     2  handlers.o(i.__scatterload_null)
    __scatterload_zeroinit                   0x1fff2b97   Thumb Code    14  handlers.o(i.__scatterload_zeroinit)
    _efuse_chip_version_check                0x1fff2ba5   Thumb Code    26  phy_sec_ext.o(i._efuse_chip_version_check)
    _hard_fault                              0x1fff2bc5   Thumb Code   166  jump_table.o(i._hard_fault)
    _rom_sec_boot_init                       0x1fff2dad   Thumb Code    18  phy_sec_ext.o(i._rom_sec_boot_init)
    adcMeasureCh                             0x1fff2dd5   Thumb Code   116  adc_demo.o(i.adcMeasureCh)
    adc_Init                                 0x1fff2ea1   Thumb Code   104  adc_demo.o(i.adc_Init)
    adc_ProcessEvent                         0x1fff2f15   Thumb Code    54  adc_demo.o(i.adc_ProcessEvent)
    adc_init_r                               0x1fff2f51   Thumb Code   424  adc.o(i.adc_init_r)
    adc_stop_r                               0x1fff30fd   Thumb Code     8  adc.o(i.adc_stop_r)
    app_main                                 0x1fff3121   Thumb Code    20  adc_main.o(i.app_main)
    dbg_printf                               0x1fff3329   Thumb Code    22  my_printf.o(i.dbg_printf)
    dbg_printf_init                          0x1fff3345   Thumb Code    16  my_printf.o(i.dbg_printf_init)
    finidv                                   0x1fff3359   Thumb Code   126  phy_sec_ext.o(i.finidv)
    hal_ADC_IRQHandler                       0x1fff33e5   Thumb Code   180  adc.o(i.hal_ADC_IRQHandler)
    hal_GPIO_IRQHandler                      0x1fff34a9   Thumb Code    20  gpio.o(i.hal_GPIO_IRQHandler)
    hal_TIMER5_IRQHandler                    0x1fff34c1   Thumb Code    28  timer.o(i.hal_TIMER5_IRQHandler)
    hal_TIMER6_IRQHandler                    0x1fff34e5   Thumb Code    28  timer.o(i.hal_TIMER6_IRQHandler)
    hal_UART1_IRQHandler                     0x1fff3509   Thumb Code    62  uart.o(i.hal_UART1_IRQHandler)
    hal_adc_init                             0x1fff354d   Thumb Code    24  adc.o(i.hal_adc_init)
    hal_adc_stop                             0x1fff356d   Thumb Code   144  adc.o(i.hal_adc_stop)
    hal_clk_gate_disable                     0x1fff3661   Thumb Code    52  clock.o(i.hal_clk_gate_disable)
    hal_clk_gate_enable                      0x1fff3695   Thumb Code    52  clock.o(i.hal_clk_gate_enable)
    hal_clk_reset                            0x1fff36c9   Thumb Code   122  clock.o(i.hal_clk_reset)
    hal_flash_read                           0x1fff3745   Thumb Code    86  flash.o(i.hal_flash_read)
    hal_gpio_cfg_analog_io                   0x1fff37a1   Thumb Code    44  gpio.o(i.hal_gpio_cfg_analog_io)
    hal_gpio_fmux                            0x1fff37d1   Thumb Code    22  gpio.o(i.hal_gpio_fmux)
    hal_gpio_fmux_set                        0x1fff37ed   Thumb Code    50  gpio.o(i.hal_gpio_fmux_set)
    hal_gpio_init                            0x1fff3825   Thumb Code    72  gpio.o(i.hal_gpio_init)
    hal_gpio_pin2pin3_control                0x1fff38c5   Thumb Code    24  gpio.o(i.hal_gpio_pin2pin3_control)
    hal_gpio_pin_init                        0x1fff38e1   Thumb Code    88  gpio.o(i.hal_gpio_pin_init)
    hal_gpio_pull_set                        0x1fff3941   Thumb Code    60  gpio.o(i.hal_gpio_pull_set)
    hal_gpio_read                            0x1fff3985   Thumb Code    30  gpio.o(i.hal_gpio_read)
    hal_gpio_wakeup_set                      0x1fff3b21   Thumb Code   104  gpio.o(i.hal_gpio_wakeup_set)
    hal_gpio_write                           0x1fff3b99   Thumb Code    30  gpio.o(i.hal_gpio_write)
    hal_gpioin_enable                        0x1fff3bbd   Thumb Code    94  gpio.o(i.hal_gpioin_enable)
    hal_pwm_init                             0x1fff3d19   Thumb Code    94  pwm.o(i.hal_pwm_init)
    hal_pwm_open_channel                     0x1fff3d7d   Thumb Code    38  pwm.o(i.hal_pwm_open_channel)
    hal_pwm_set_count_val                    0x1fff3dad   Thumb Code    52  pwm.o(i.hal_pwm_set_count_val)
    hal_pwm_start                            0x1fff3de5   Thumb Code    38  pwm.o(i.hal_pwm_start)
    hal_pwm_stop                             0x1fff3e15   Thumb Code    46  pwm.o(i.hal_pwm_stop)
    hal_pwrmgr_LowCurrentLdo_enable          0x1fff3e4d   Thumb Code    34  pwrmgr.o(i.hal_pwrmgr_LowCurrentLdo_enable)
    hal_pwrmgr_RAM_retention                 0x1fff3e79   Thumb Code    20  pwrmgr.o(i.hal_pwrmgr_RAM_retention)
    hal_pwrmgr_RAM_retention_set             0x1fff3e91   Thumb Code    24  pwrmgr.o(i.hal_pwrmgr_RAM_retention_set)
    hal_pwrmgr_init                          0x1fff3eb1   Thumb Code    40  pwrmgr.o(i.hal_pwrmgr_init)
    hal_pwrmgr_lock                          0x1fff3ee1   Thumb Code    80  pwrmgr.o(i.hal_pwrmgr_lock)
    hal_pwrmgr_register                      0x1fff3f39   Thumb Code    56  pwrmgr.o(i.hal_pwrmgr_register)
    hal_pwrmgr_sleep_process                 0x1fff3f75   Thumb Code    42  pwrmgr.o(i.hal_pwrmgr_sleep_process)
    hal_pwrmgr_unlock                        0x1fff3fa5   Thumb Code    94  pwrmgr.o(i.hal_pwrmgr_unlock)
    hal_pwrmgr_wakeup_process                0x1fff400d   Thumb Code   102  pwrmgr.o(i.hal_pwrmgr_wakeup_process)
    hal_rom_boot_init                        0x1fff4109   Thumb Code     8  patch.o(i.hal_rom_boot_init)
    hal_rtc_clock_config                     0x1fff4111   Thumb Code   118  clock.o(i.hal_rtc_clock_config)
    hal_spif_cache_init                      0x1fff4195   Thumb Code    26  flash.o(i.hal_spif_cache_init)
    hal_timer_init                           0x1fff41b9   Thumb Code    30  timer.o(i.hal_timer_init)
    hal_timer_set                            0x1fff41e5   Thumb Code    88  timer.o(i.hal_timer_set)
    hal_timer_sleep_handler                  0x1fff4269   Thumb Code    14  timer.o(i.hal_timer_sleep_handler)
    hal_timer_stop                           0x1fff427d   Thumb Code    64  timer.o(i.hal_timer_stop)
    hal_uart_init                            0x1fff42e9   Thumb Code    88  uart.o(i.hal_uart_init)
    hal_uart_send_buff                       0x1fff434d   Thumb Code    26  uart.o(i.hal_uart_send_buff)
    l2capPocessFragmentTxData                0x1fff44cd   Thumb Code     2  patch.o(i.l2capPocessFragmentTxData)
    llProcessTxData1                         0x1fff44cf   Thumb Code    12  patch.o(i.llProcessTxData1)
    ll_generateTxBuffer1                     0x1fff44dd   Thumb Code   410  patch.o(i.ll_generateTxBuffer1)
    ll_hw_go1                                0x1fff4689   Thumb Code   384  patch.o(i.ll_hw_go1)
    ll_processBasicIRQ_SRX                   0x1fff4871   Thumb Code    20  patch.o(i.ll_processBasicIRQ_SRX)
    ll_processBasicIRQ_secondaryAdvTRX       0x1fff4889   Thumb Code    20  patch.o(i.ll_processBasicIRQ_secondaryAdvTRX)
    main                                     0x1fff4b09   Thumb Code   136  main.o(i.main)
    my_hal_adc_value_cal                     0x1fff4c2d   Thumb Code    70  adc_demo.o(i.my_hal_adc_value_cal)
    osalInitTasks                            0x1fff4de5   Thumb Code    38  osal_adc.o(i.osalInitTasks)
    rc32k_calibration                        0x1fff4e11   Thumb Code    98  rf_phy_driver.o(i.rc32k_calibration)
    rf_calibrate1                            0x1fff4e79   Thumb Code    30  rf_phy_driver.o(i.rf_calibrate1)
    rf_phy_ana_cfg                           0x1fff4ea1   Thumb Code   228  rf_phy_driver.o(i.rf_phy_ana_cfg)
    rf_phy_bb_cfg                            0x1fff4fb9   Thumb Code   300  rf_phy_driver.o(i.rf_phy_bb_cfg)
    rf_phy_change_cfg0                       0x1fff5159   Thumb Code   118  rf_phy_driver.o(i.rf_phy_change_cfg0)
    rf_phy_ini                               0x1fff51ed   Thumb Code    42  rf_phy_driver.o(i.rf_phy_ini)
    rf_phy_set_txPower                       0x1fff5229   Thumb Code   108  rf_phy_driver.o(i.rf_phy_set_txPower)
    rf_rxDcoc_cfg                            0x1fff529d   Thumb Code   236  rf_phy_driver.o(i.rf_rxDcoc_cfg)
    rf_tpCal_gen_cap_arrary                  0x1fff53bd   Thumb Code    60  rf_phy_driver.o(i.rf_tpCal_gen_cap_arrary)
    rf_tp_cal                                0x1fff5409   Thumb Code   232  rf_phy_driver.o(i.rf_tp_cal)
    time_cb                                  0x1fff5541   Thumb Code    32  adc_demo.o(i.time_cb)
    wakeup_init1                             0x1fff586d   Thumb Code   196  patch.o(i.wakeup_init1)
    adc_base_addr                            0x1fff597c   Data          24  adc_demo.o(.constdata)
    tasksArr                                 0x1fff5994   Data           8  osal_adc.o(.constdata)
    tasksCnt                                 0x1fff599c   Data           1  osal_adc.o(.constdata)
    c_gpio_index                             0x1fff599d   Data          23  gpio.o(.constdata)
    c_gpio_pull                              0x1fff59b4   Data          69  gpio.o(.constdata)
    retention_reg                            0x1fff59f9   Data          46  gpio.o(.constdata)
    Region$$Table$$Base                      0x1fff5afc   Number         0  anon$$obj.o(Region$$Table)
    Region$$Table$$Limit                     0x1fff5b2c   Number         0  anon$$obj.o(Region$$Table)
    g_clk32K_config                          0x1fff5b2c   Data           1  main.o(.data)
    tasksEvents                              0x1fff5b38   Data           4  osal_adc.o(.data)
    s_pinmap                                 0x1fff5b42   Data           9  adc.o(.data)
    s_config_swClk1                          0x1fff5b6c   Data           4  pwrmgr.o(.data)
    s_gpio_wakeup_src_group1                 0x1fff5b74   Data           4  pwrmgr.o(.data)
    s_gpio_wakeup_src_group2                 0x1fff5b78   Data           4  pwrmgr.o(.data)
    g_chipMAddr                              0x1fff5b7c   Data           7  flash.o(.data)
    trap_c_callback                          0x1fff5b8c   Data           4  jump_table.o(.data)
    SystemCoreClock                          0x1fff5b90   Data           4  system_armcm0.o(.data)
    CreateConn_Flag                          0x1fff5b94   Data           1  patch.o(.data)
    pGlobal_config                           0x1fff5b98   Data           4  patch.o(.data)
    g_xtal16M_tmp                            0x1fff5b9c   Data           4  patch.o(.data)
    g_xtal96M_temp                           0x1fff5ba0   Data           4  patch.o(.data)
    DLL_enable_num                           0x1fff5ba4   Data           4  patch.o(.data)
    tracking_cnt                             0x1fff5ba8   Data           4  patch.o(.data)
    g_dtmManualConfig                        0x1fff5bac   Data           1  rf_phy_driver.o(.data)
    g_rc32kCalRes                            0x1fff5bad   Data           1  rf_phy_driver.o(.data)
    s_company_id                             0x1fff5bb4   Data           4  phy_sec_ext.o(.data)
    g_ota_sec_key_valid                      0x1fff5bb8   Data           1  phy_sec_ext.o(.data)
    pwroff_register_number                   0x1fff5bba   Data           1  pwrmgr.o(_section_standby_code_)
    s_pwroff_cfg                             0x1fff5bbc   Data          12  pwrmgr.o(_section_standby_code_)
    g_pConnectionBuffer                      0x1fff5bc8   Data        3484  main.o(.bss)
    pConnContext                             0x1fff6964   Data         644  main.o(.bss)
    g_largeHeap                              0x1fff6be8   Data        4096  main.o(.bss)
    adc_buf                                  0x1fff7be8   Data         128  adc_demo.o(.bss)
    g_ota_sec_key                            0x1fff7e94   Data          16  phy_sec_ext.o(.bss)
    __initial_sp                             0x1fff82a8   Data           0  startup_armcm0.o(STACK)



==============================================================================

Memory Map of the image

  Image Entry point : 0x1fff18f9

  Load Region LR_IROM1 (Base: 0x1fff1838, Size: 0x00004390, Max: 0x0000e7c8, ABSOLUTE)

    Execution Region ER_IROM1 (Base: 0x1fff1838, Size: 0x00006a70, Max: 0x0000e7c8, ABSOLUTE)

    Base Addr    Size         Type   Attr      Idx    E Section Name        Object

    0x1fff1838   0x000000c0   Data   RO         1301    RESET               startup_armcm0.o
    0x1fff18f8   0x00000000   Code   RO         1584  * .ARM.Collect$$$$00000000  mc_p.l(entry.o)
    0x1fff18f8   0x00000004   Code   RO         1613    .ARM.Collect$$$$00000001  mc_p.l(entry2.o)
    0x1fff18fc   0x00000004   Code   RO         1616    .ARM.Collect$$$$00000004  mc_p.l(entry5.o)
    0x1fff1900   0x00000000   Code   RO         1618    .ARM.Collect$$$$00000008  mc_p.l(entry7b.o)
    0x1fff1900   0x00000000   Code   RO         1620    .ARM.Collect$$$$0000000A  mc_p.l(entry8b.o)
    0x1fff1900   0x00000008   Code   RO         1621    .ARM.Collect$$$$0000000B  mc_p.l(entry9a.o)
    0x1fff1908   0x00000000   Code   RO         1623    .ARM.Collect$$$$0000000D  mc_p.l(entry10a.o)
    0x1fff1908   0x00000000   Code   RO         1625    .ARM.Collect$$$$0000000F  mc_p.l(entry11a.o)
    0x1fff1908   0x00000004   Code   RO         1614    .ARM.Collect$$$$00002712  mc_p.l(entry2.o)
    0x1fff190c   0x00000030   Code   RO         1272    .emb_text           jump_table.o
    0x1fff193c   0x0000001c   Code   RO         1302    .text               startup_armcm0.o
    0x1fff1958   0x000000b2   Code   RO         1587    .text               mf_p.l(fadd.o)
    0x1fff1a0a   0x0000007a   Code   RO         1589    .text               mf_p.l(fmul.o)
    0x1fff1a84   0x00000018   Code   RO         1593    .text               mf_p.l(fscalb.o)
    0x1fff1a9c   0x000000d0   Code   RO         1595    .text               mf_p.l(dmul.o)
    0x1fff1b6c   0x0000000e   Code   RO         1603    .text               mf_p.l(ffltui.o)
    0x1fff1b7a   0x00000032   Code   RO         1607    .text               mf_p.l(ffixi.o)
    0x1fff1bac   0x00000028   Code   RO         1609    .text               mf_p.l(f2d.o)
    0x1fff1bd4   0x00000038   Code   RO         1611    .text               mf_p.l(d2f.o)
    0x1fff1c0c   0x00000000   Code   RO         1627    .text               mc_p.l(iusefp.o)
    0x1fff1c0c   0x00000082   Code   RO         1628    .text               mf_p.l(fepilogue.o)
    0x1fff1c8e   0x000000be   Code   RO         1630    .text               mf_p.l(depilogue.o)
    0x1fff1d4c   0x00000024   Code   RO         1634    .text               mc_p.l(init.o)
    0x1fff1d70   0x00000020   Code   RO         1636    .text               mc_p.l(llshl.o)
    0x1fff1d90   0x00000022   Code   RO         1638    .text               mc_p.l(llushr.o)
    0x1fff1db2   0x00000056   Code   RO         1648    .text               mc_p.l(__dczerorl2.o)
    0x1fff1e08   0x0000000c   Ven    RO         1650    Veneer$$Code        anon$$obj.o
    0x1fff1e14   0x0000000c   Ven    RO         1651    Veneer$$Code        anon$$obj.o
    0x1fff1e20   0x0000000c   Ven    RO         1652    Veneer$$Code        anon$$obj.o
    0x1fff1e2c   0x0000000c   Ven    RO         1653    Veneer$$Code        anon$$obj.o
    0x1fff1e38   0x0000000c   Ven    RO         1654    Veneer$$Code        anon$$obj.o
    0x1fff1e44   0x0000000c   Ven    RO         1655    Veneer$$Code        anon$$obj.o
    0x1fff1e50   0x0000000c   Ven    RO         1656    Veneer$$Code        anon$$obj.o
    0x1fff1e5c   0x0000000c   Ven    RO         1657    Veneer$$Code        anon$$obj.o
    0x1fff1e68   0x0000000c   Ven    RO         1658    Veneer$$Code        anon$$obj.o
    0x1fff1e74   0x0000000c   Ven    RO         1659    Veneer$$Code        anon$$obj.o
    0x1fff1e80   0x0000000c   Ven    RO         1660    Veneer$$Code        anon$$obj.o
    0x1fff1e8c   0x0000000c   Ven    RO         1661    Veneer$$Code        anon$$obj.o
    0x1fff1e98   0x0000000c   Ven    RO         1662    Veneer$$Code        anon$$obj.o
    0x1fff1ea4   0x0000000c   Ven    RO         1663    Veneer$$Code        anon$$obj.o
    0x1fff1eb0   0x0000000c   Ven    RO         1664    Veneer$$Code        anon$$obj.o
    0x1fff1ebc   0x0000000c   Ven    RO         1665    Veneer$$Code        anon$$obj.o
    0x1fff1ec8   0x0000000c   Ven    RO         1666    Veneer$$Code        anon$$obj.o
    0x1fff1ed4   0x0000000c   Ven    RO         1667    Veneer$$Code        anon$$obj.o
    0x1fff1ee0   0x0000000c   Ven    RO         1668    Veneer$$Code        anon$$obj.o
    0x1fff1eec   0x0000000c   Ven    RO         1669    Veneer$$Code        anon$$obj.o
    0x1fff1ef8   0x0000000c   Ven    RO         1670    Veneer$$Code        anon$$obj.o
    0x1fff1f04   0x0000000c   Ven    RO         1671    Veneer$$Code        anon$$obj.o
    0x1fff1f10   0x0000000c   Ven    RO         1672    Veneer$$Code        anon$$obj.o
    0x1fff1f1c   0x0000000c   Ven    RO         1673    Veneer$$Code        anon$$obj.o
    0x1fff1f28   0x0000000c   Ven    RO         1674    Veneer$$Code        anon$$obj.o
    0x1fff1f34   0x0000000c   Ven    RO         1675    Veneer$$Code        anon$$obj.o
    0x1fff1f40   0x0000000c   Ven    RO         1676    Veneer$$Code        anon$$obj.o
    0x1fff1f4c   0x0000000c   Ven    RO         1677    Veneer$$Code        anon$$obj.o
    0x1fff1f58   0x0000000c   Ven    RO         1678    Veneer$$Code        anon$$obj.o
    0x1fff1f64   0x0000000c   Ven    RO         1679    Veneer$$Code        anon$$obj.o
    0x1fff1f70   0x0000000c   Ven    RO         1680    Veneer$$Code        anon$$obj.o
    0x1fff1f7c   0x0000000c   Ven    RO         1681    Veneer$$Code        anon$$obj.o
    0x1fff1f88   0x0000000c   Ven    RO         1682    Veneer$$Code        anon$$obj.o
    0x1fff1f94   0x0000000c   Ven    RO         1683    Veneer$$Code        anon$$obj.o
    0x1fff1fa0   0x0000000c   Ven    RO         1684    Veneer$$Code        anon$$obj.o
    0x1fff1fac   0x0000000c   Ven    RO         1685    Veneer$$Code        anon$$obj.o
    0x1fff1fb8   0x0000000c   Ven    RO         1686    Veneer$$Code        anon$$obj.o
    0x1fff1fc4   0x0000000c   Ven    RO         1687    Veneer$$Code        anon$$obj.o
    0x1fff1fd0   0x0000000c   Ven    RO         1688    Veneer$$Code        anon$$obj.o
    0x1fff1fdc   0x0000000c   Ven    RO         1689    Veneer$$Code        anon$$obj.o
    0x1fff1fe8   0x0000000c   Ven    RO         1690    Veneer$$Code        anon$$obj.o
    0x1fff1ff4   0x0000000c   Ven    RO         1691    Veneer$$Code        anon$$obj.o
    0x1fff2000   0x0000000c   Ven    RO         1692    Veneer$$Code        anon$$obj.o
    0x1fff200c   0x0000000c   Ven    RO         1693    Veneer$$Code        anon$$obj.o
    0x1fff2018   0x0000000c   Ven    RO         1694    Veneer$$Code        anon$$obj.o
    0x1fff2024   0x0000000c   Ven    RO         1695    Veneer$$Code        anon$$obj.o
    0x1fff2030   0x0000000c   Ven    RO         1696    Veneer$$Code        anon$$obj.o
    0x1fff203c   0x0000000c   Ven    RO         1697    Veneer$$Code        anon$$obj.o
    0x1fff2048   0x0000000c   Ven    RO         1698    Veneer$$Code        anon$$obj.o
    0x1fff2054   0x0000000c   Ven    RO         1699    Veneer$$Code        anon$$obj.o
    0x1fff2060   0x0000000c   Ven    RO         1700    Veneer$$Code        anon$$obj.o
    0x1fff206c   0x0000000c   Ven    RO         1701    Veneer$$Code        anon$$obj.o
    0x1fff2078   0x0000000c   Ven    RO         1702    Veneer$$Code        anon$$obj.o
    0x1fff2084   0x0000000c   Ven    RO         1703    Veneer$$Code        anon$$obj.o
    0x1fff2090   0x0000000c   Ven    RO         1704    Veneer$$Code        anon$$obj.o
    0x1fff209c   0x0000000c   Ven    RO         1705    Veneer$$Code        anon$$obj.o
    0x1fff20a8   0x0000000c   Ven    RO         1706    Veneer$$Code        anon$$obj.o
    0x1fff20b4   0x0000000c   Ven    RO         1707    Veneer$$Code        anon$$obj.o
    0x1fff20c0   0x0000000c   Ven    RO         1708    Veneer$$Code        anon$$obj.o
    0x1fff20cc   0x0000000c   Ven    RO         1709    Veneer$$Code        anon$$obj.o
    0x1fff20d8   0x0000000c   Ven    RO         1710    Veneer$$Code        anon$$obj.o
    0x1fff20e4   0x0000000c   Ven    RO         1711    Veneer$$Code        anon$$obj.o
    0x1fff20f0   0x0000000c   Ven    RO         1712    Veneer$$Code        anon$$obj.o
    0x1fff20fc   0x0000000c   Ven    RO         1713    Veneer$$Code        anon$$obj.o
    0x1fff2108   0x0000000c   Ven    RO         1714    Veneer$$Code        anon$$obj.o
    0x1fff2114   0x0000000c   Ven    RO         1715    Veneer$$Code        anon$$obj.o
    0x1fff2120   0x0000000c   Ven    RO         1716    Veneer$$Code        anon$$obj.o
    0x1fff212c   0x0000000c   Ven    RO         1717    Veneer$$Code        anon$$obj.o
    0x1fff2138   0x0000000c   Ven    RO         1718    Veneer$$Code        anon$$obj.o
    0x1fff2144   0x00000044   Code   RO          946    _section_sram_code_  uart.o
    0x1fff2188   0x000003b4   Code   RO         1346    _section_xip_code_  rf.lib(patch.o)
    0x1fff253c   0x00000036   Code   RO          171    i.InsertSort        adc_demo.o
    0x1fff2572   0x0000001a   Code   RO         1353    i.LL_ENC_AES128_Encrypt1  rf.lib(patch.o)
    0x1fff258c   0x00000178   Code   RO         1354    i.LL_ENC_Decrypt1   rf.lib(patch.o)
    0x1fff2704   0x00000160   Code   RO         1355    i.LL_ENC_Encrypt1   rf.lib(patch.o)
    0x1fff2864   0x0000014c   Code   RO         1358    i.LL_IRQHandler1    rf.lib(patch.o)
    0x1fff29b0   0x00000030   Code   RO         1365    i.LL_SetDataLengh1  rf.lib(patch.o)
    0x1fff29e0   0x00000018   Code   RO         1370    i.NVIC_EnableIRQ    rf.lib(patch.o)
    0x1fff29f8   0x00000044   Code   RO            3    i.NVIC_SetPriority  main.o
    0x1fff2a3c   0x00000044   Code   RO          432    i.NVIC_SetPriority  timer.o
    0x1fff2a80   0x00000044   Code   RO          701    i.NVIC_SetPriority  gpio.o
    0x1fff2ac4   0x00000044   Code   RO         1052    i.NVIC_SetPriority  pwrmgr.o
    0x1fff2b08   0x00000010   Code   RO         1309    i.SystemInit        system_armcm0.o
    0x1fff2b18   0x00000012   Code   RO          616    i.WaitMs            clock.o
    0x1fff2b2a   0x00000002   PAD
    0x1fff2b2c   0x0000002c   Code   RO          617    i.WaitUs            clock.o
    0x1fff2b58   0x0000002e   Code   RO         1632    i.__ARM_clz         mf_p.l(depilogue.o)
    0x1fff2b86   0x0000000e   Code   RO         1642    i.__scatterload_copy  mc_p.l(handlers.o)
    0x1fff2b94   0x00000002   Code   RO         1643    i.__scatterload_null  mc_p.l(handlers.o)
    0x1fff2b96   0x0000000e   Code   RO         1644    i.__scatterload_zeroinit  mc_p.l(handlers.o)
    0x1fff2ba4   0x00000020   Code   RO         1529    i._efuse_chip_version_check  rf.lib(phy_sec_ext.o)
    0x1fff2bc4   0x000001e8   Code   RO         1273    i._hard_fault       jump_table.o
    0x1fff2dac   0x00000018   Code   RO         1530    i._rom_sec_boot_init  rf.lib(phy_sec_ext.o)
    0x1fff2dc4   0x0000000e   Code   RO          887    i._uart_putc        my_printf.o
    0x1fff2dd2   0x00000002   PAD
    0x1fff2dd4   0x00000080   Code   RO          172    i.adcMeasureCh      adc_demo.o
    0x1fff2e54   0x0000004c   Code   RO          173    i.adcMeasureTask    adc_demo.o
    0x1fff2ea0   0x00000074   Code   RO          174    i.adc_Init          adc_demo.o
    0x1fff2f14   0x0000003c   Code   RO          175    i.adc_ProcessEvent  adc_demo.o
    0x1fff2f50   0x000001ac   Code   RO          300    i.adc_init_r        adc.o
    0x1fff30fc   0x0000000c   Code   RO          301    i.adc_stop_r        adc.o
    0x1fff3108   0x00000018   Code   RO          302    i.adc_wakeup_hdl    adc.o
    0x1fff3120   0x00000014   Code   RO          242    i.app_main          adc_main.o
    0x1fff3134   0x000000d4   Code   RO         1371    i.check_16MXtal_by_rcTracking  rf.lib(patch.o)
    0x1fff3208   0x00000110   Code   RO         1372    i.check_96MXtal_by_rcTracking  rf.lib(patch.o)
    0x1fff3318   0x00000010   Code   RO          303    i.clear_adcc_cfg    adc.o
    0x1fff3328   0x0000001c   Code   RO          888    i.dbg_printf        my_printf.o
    0x1fff3344   0x00000014   Code   RO          889    i.dbg_printf_init   my_printf.o
    0x1fff3358   0x0000008c   Code   RO         1531    i.finidv            rf.lib(phy_sec_ext.o)
    0x1fff33e4   0x000000c4   Code   RO          304    i.hal_ADC_IRQHandler  adc.o
    0x1fff34a8   0x00000018   Code   RO          702    i.hal_GPIO_IRQHandler  gpio.o
    0x1fff34c0   0x00000024   Code   RO          433    i.hal_TIMER5_IRQHandler  timer.o
    0x1fff34e4   0x00000024   Code   RO          434    i.hal_TIMER6_IRQHandler  timer.o
    0x1fff3508   0x00000044   Code   RO          947    i.hal_UART1_IRQHandler  uart.o
    0x1fff354c   0x00000020   Code   RO          307    i.hal_adc_init      adc.o
    0x1fff356c   0x000000ac   Code   RO          309    i.hal_adc_stop      adc.o
    0x1fff3618   0x00000048   Code   RO         1175    i.hal_cache_tag_flush  flash.o
    0x1fff3660   0x00000034   Code   RO          618    i.hal_clk_gate_disable  clock.o
    0x1fff3694   0x00000034   Code   RO          619    i.hal_clk_gate_enable  clock.o
    0x1fff36c8   0x0000007a   Code   RO          622    i.hal_clk_reset     clock.o
    0x1fff3742   0x00000002   PAD
    0x1fff3744   0x0000005c   Code   RO         1179    i.hal_flash_read    flash.o
    0x1fff37a0   0x00000030   Code   RO          703    i.hal_gpio_cfg_analog_io  gpio.o
    0x1fff37d0   0x0000001c   Code   RO          707    i.hal_gpio_fmux     gpio.o
    0x1fff37ec   0x00000038   Code   RO          708    i.hal_gpio_fmux_set  gpio.o
    0x1fff3824   0x00000060   Code   RO          709    i.hal_gpio_init     gpio.o
    0x1fff3884   0x00000040   Code   RO          710    i.hal_gpio_interrupt_enable  gpio.o
    0x1fff38c4   0x0000001c   Code   RO          711    i.hal_gpio_pin2pin3_control  gpio.o
    0x1fff38e0   0x00000060   Code   RO          712    i.hal_gpio_pin_init  gpio.o
    0x1fff3940   0x00000044   Code   RO          713    i.hal_gpio_pull_set  gpio.o
    0x1fff3984   0x00000024   Code   RO          714    i.hal_gpio_read     gpio.o
    0x1fff39a8   0x0000005c   Code   RO          715    i.hal_gpio_retention_enable  gpio.o
    0x1fff3a04   0x00000048   Code   RO          716    i.hal_gpio_sleep_handler  gpio.o
    0x1fff3a4c   0x00000044   Code   RO          717    i.hal_gpio_wakeup_control  gpio.o
    0x1fff3a90   0x00000090   Code   RO          718    i.hal_gpio_wakeup_handler  gpio.o
    0x1fff3b20   0x00000078   Code   RO          719    i.hal_gpio_wakeup_set  gpio.o
    0x1fff3b98   0x00000024   Code   RO          720    i.hal_gpio_write    gpio.o
    0x1fff3bbc   0x00000064   Code   RO          722    i.hal_gpioin_enable  gpio.o
    0x1fff3c20   0x00000068   Code   RO          723    i.hal_gpioin_event  gpio.o
    0x1fff3c88   0x00000024   Code   RO          724    i.hal_gpioin_event_pin  gpio.o
    0x1fff3cac   0x0000006c   Code   RO            4    i.hal_low_power_io_init  main.o
    0x1fff3d18   0x00000064   Code   RO          527    i.hal_pwm_init      pwm.o
    0x1fff3d7c   0x00000030   Code   RO          530    i.hal_pwm_open_channel  pwm.o
    0x1fff3dac   0x00000038   Code   RO          531    i.hal_pwm_set_count_val  pwm.o
    0x1fff3de4   0x00000030   Code   RO          532    i.hal_pwm_start     pwm.o
    0x1fff3e14   0x00000038   Code   RO          533    i.hal_pwm_stop      pwm.o
    0x1fff3e4c   0x0000002c   Code   RO         1054    i.hal_pwrmgr_LowCurrentLdo_enable  pwrmgr.o
    0x1fff3e78   0x00000018   Code   RO         1055    i.hal_pwrmgr_RAM_retention  pwrmgr.o
    0x1fff3e90   0x00000020   Code   RO         1057    i.hal_pwrmgr_RAM_retention_set  pwrmgr.o
    0x1fff3eb0   0x00000030   Code   RO         1059    i.hal_pwrmgr_init   pwrmgr.o
    0x1fff3ee0   0x00000058   Code   RO         1061    i.hal_pwrmgr_lock   pwrmgr.o
    0x1fff3f38   0x0000003c   Code   RO         1063    i.hal_pwrmgr_register  pwrmgr.o
    0x1fff3f74   0x00000030   Code   RO         1064    i.hal_pwrmgr_sleep_process  pwrmgr.o
    0x1fff3fa4   0x00000068   Code   RO         1065    i.hal_pwrmgr_unlock  pwrmgr.o
    0x1fff400c   0x00000074   Code   RO         1067    i.hal_pwrmgr_wakeup_process  pwrmgr.o
    0x1fff4080   0x00000088   Code   RO            5    i.hal_rfphy_init    main.o
    0x1fff4108   0x00000008   Code   RO         1374    i.hal_rom_boot_init  rf.lib(patch.o)
    0x1fff4110   0x00000084   Code   RO          624    i.hal_rtc_clock_config  clock.o
    0x1fff4194   0x00000024   Code   RO         1182    i.hal_spif_cache_init  flash.o
    0x1fff41b8   0x0000002c   Code   RO          436    i.hal_timer_init    timer.o
    0x1fff41e4   0x0000006c   Code   RO          438    i.hal_timer_set     timer.o
    0x1fff4250   0x00000016   Code   RO          439    i.hal_timer_set_loadtimer  timer.o
    0x1fff4266   0x00000002   PAD
    0x1fff4268   0x00000014   Code   RO          440    i.hal_timer_sleep_handler  timer.o
    0x1fff427c   0x0000004c   Code   RO          441    i.hal_timer_stop    timer.o
    0x1fff42c8   0x0000000a   Code   RO          442    i.hal_timer_stop_counter  timer.o
    0x1fff42d2   0x00000002   PAD
    0x1fff42d4   0x00000014   Code   RO          443    i.hal_timer_wakeup_handler  timer.o
    0x1fff42e8   0x00000064   Code   RO          950    i.hal_uart_init     uart.o
    0x1fff434c   0x00000020   Code   RO          951    i.hal_uart_send_buff  uart.o
    0x1fff436c   0x00000070   Code   RO         1183    i.hw_spif_cache_config  flash.o
    0x1fff43dc   0x00000058   Code   RO          954    i.irq_rx_handler    uart.o
    0x1fff4434   0x00000098   Code   RO          955    i.irq_tx_empty_handler  uart.o
    0x1fff44cc   0x00000002   Code   RO         1375    i.l2capPocessFragmentTxData  rf.lib(patch.o)
    0x1fff44ce   0x0000000c   Code   RO         1380    i.llProcessTxData1  rf.lib(patch.o)
    0x1fff44da   0x00000002   PAD
    0x1fff44dc   0x000001ac   Code   RO         1384    i.ll_generateTxBuffer1  rf.lib(patch.o)
    0x1fff4688   0x000001e8   Code   RO         1385    i.ll_hw_go1         rf.lib(patch.o)
    0x1fff4870   0x00000018   Code   RO         1389    i.ll_processBasicIRQ_SRX  rf.lib(patch.o)
    0x1fff4888   0x00000018   Code   RO         1391    i.ll_processBasicIRQ_secondaryAdvTRX  rf.lib(patch.o)
    0x1fff48a0   0x00000268   Code   RO          890    i.log_vsprintf      my_printf.o
    0x1fff4b08   0x00000124   Code   RO            6    i.main              main.o
    0x1fff4c2c   0x00000050   Code   RO          176    i.my_hal_adc_value_cal  adc_demo.o
    0x1fff4c7c   0x00000168   Code   RO          892    i.number            my_printf.o
    0x1fff4de4   0x0000002c   Code   RO          272    i.osalInitTasks     osal_adc.o
    0x1fff4e10   0x00000068   Code   RO         1465    i.rc32k_calibration  rf.lib(rf_phy_driver.o)
    0x1fff4e78   0x00000028   Code   RO         1466    i.rf_calibrate1     rf.lib(rf_phy_driver.o)
    0x1fff4ea0   0x00000118   Code   RO         1467    i.rf_phy_ana_cfg    rf.lib(rf_phy_driver.o)
    0x1fff4fb8   0x000001a0   Code   RO         1468    i.rf_phy_bb_cfg     rf.lib(rf_phy_driver.o)
    0x1fff5158   0x00000094   Code   RO         1469    i.rf_phy_change_cfg0  rf.lib(rf_phy_driver.o)
    0x1fff51ec   0x0000003c   Code   RO         1485    i.rf_phy_ini        rf.lib(rf_phy_driver.o)
    0x1fff5228   0x00000074   Code   RO         1486    i.rf_phy_set_txPower  rf.lib(rf_phy_driver.o)
    0x1fff529c   0x00000120   Code   RO         1487    i.rf_rxDcoc_cfg     rf.lib(rf_phy_driver.o)
    0x1fff53bc   0x0000004c   Code   RO         1490    i.rf_tpCal_gen_cap_arrary  rf.lib(rf_phy_driver.o)
    0x1fff5408   0x00000118   Code   RO         1491    i.rf_tp_cal         rf.lib(rf_phy_driver.o)
    0x1fff5520   0x00000020   Code   RO          893    i.skip_atoi         my_printf.o
    0x1fff5540   0x00000024   Code   RO          177    i.time_cb           adc_demo.o
    0x1fff5564   0x0000006c   Code   RO          956    i.txmit_buf_polling  uart.o
    0x1fff55d0   0x000000bc   Code   RO          957    i.txmit_buf_use_tx_buf  uart.o
    0x1fff568c   0x00000078   Code   RO          958    i.uart_hw_deinit    uart.o
    0x1fff5704   0x00000154   Code   RO          959    i.uart_hw_init      uart.o
    0x1fff5858   0x0000000a   Code   RO          960    i.uart_wakeup_process_0  uart.o
    0x1fff5862   0x0000000a   Code   RO          961    i.uart_wakeup_process_1  uart.o
    0x1fff586c   0x000000f4   Code   RO         1398    i.wakeup_init1      rf.lib(patch.o)
    0x1fff5960   0x0000001c   Data   RO            8    .constdata          main.o
    0x1fff597c   0x00000018   Data   RO          181    .constdata          adc_demo.o
    0x1fff5994   0x00000008   Data   RO          273    .constdata          osal_adc.o
    0x1fff599c   0x00000001   Data   RO          274    .constdata          osal_adc.o
    0x1fff599d   0x0000008a   Data   RO          731    .constdata          gpio.o
    0x1fff5a27   0x00000001   PAD
    0x1fff5a28   0x00000010   Data   RO          894    .constdata          my_printf.o
    0x1fff5a38   0x0000000c   Data   RO          963    .constdata          uart.o
    0x1fff5a44   0x00000054   Data   RO            9    .conststring        main.o
    0x1fff5a98   0x0000004d   Data   RO          895    .conststring        my_printf.o
    0x1fff5ae5   0x00000003   PAD
    0x1fff5ae8   0x00000011   Data   RO         1535    .conststring        rf.lib(phy_sec_ext.o)
    0x1fff5af9   0x00000003   PAD
    0x1fff5afc   0x00000030   Data   RO         1640    Region$$Table       anon$$obj.o
    0x1fff5b2c   0x00000001   Data   RW           10    .data               main.o
    0x1fff5b2d   0x00000003   PAD
    0x1fff5b30   0x00000008   Data   RW          182    .data               adc_demo.o
    0x1fff5b38   0x00000004   Data   RW          275    .data               osal_adc.o
    0x1fff5b3c   0x0000000f   Data   RW          314    .data               adc.o
    0x1fff5b4b   0x00000001   PAD
    0x1fff5b4c   0x00000004   Data   RW          445    .data               timer.o
    0x1fff5b50   0x0000000a   Data   RW          535    .data               pwm.o
    0x1fff5b5a   0x00000002   PAD
    0x1fff5b5c   0x00000008   Data   RW          896    .data               my_printf.o
    0x1fff5b64   0x00000018   Data   RW         1069    .data               pwrmgr.o
    0x1fff5b7c   0x00000010   Data   RW         1185    .data               flash.o
    0x1fff5b8c   0x00000004   Data   RW         1274    .data               jump_table.o
    0x1fff5b90   0x00000004   Data   RW         1310    .data               system_armcm0.o
    0x1fff5b94   0x00000018   Data   RW         1402    .data               rf.lib(patch.o)
    0x1fff5bac   0x00000008   Data   RW         1493    .data               rf.lib(rf_phy_driver.o)
    0x1fff5bb4   0x00000004   Data   RW         1536    .data               rf.lib(phy_sec_ext.o)
    0x1fff5bb8   0x00000001   Data   RW         1537    .data               rf.lib(phy_sec_ext.o)
    0x1fff5bb9   0x00000001   PAD
    0x1fff5bba   0x0000000e   Data   RW         1070    _section_standby_code_  pwrmgr.o
    0x1fff5bc8   0x00002020   Zero   RW            7    .bss                main.o
    0x1fff7be8   0x00000080   Zero   RW          179    .bss                adc_demo.o
    0x1fff7c68   0x00000028   Zero   RW          312    .bss                adc.o
    0x1fff7c90   0x0000012c   Zero   RW          730    .bss                gpio.o
    0x1fff7dbc   0x00000040   Zero   RW          962    .bss                uart.o
    0x1fff7dfc   0x00000078   Zero   RW         1068    .bss                pwrmgr.o
    0x1fff7e74   0x00000020   Zero   RW         1399    .bss                rf.lib(patch.o)
    0x1fff7e94   0x00000010   Zero   RW         1533    .bss                rf.lib(phy_sec_ext.o)
    0x1fff7ea4   0x00000004   PAD
    0x1fff7ea8   0x00000400   Zero   RW         1299    STACK               startup_armcm0.o



  Load Region LR_IROM2 (Base: 0x1fff0000, Size: 0x00000800, Max: 0x00000800, ABSOLUTE, COMPRESSED[0x0000040c])

    Execution Region JUMP_TABLE (Base: 0x1fff0000, Size: 0x00000400, Max: 0x00000400, ABSOLUTE)

    Base Addr    Size         Type   Attr      Idx    E Section Name        Object

    0x1fff0000   0x00000400   Data   RO         1276    jump_table_mem_area  jump_table.o


    Execution Region GOLBAL_CONFIG (Base: 0x1fff0400, Size: 0x00000400, Max: 0x00000400, ABSOLUTE, COMPRESSED[0x0000000c])

    Base Addr    Size         Type   Attr      Idx    E Section Name        Object

    0x1fff0400   0x00000400   Data   RW         1275    global_config_area  jump_table.o


==============================================================================

Image component sizes


      Code (inc. data)   RO Data    RW Data    ZI Data      Debug   Object Name

       880         76          0         15         40      14155   adc.o
       550         66         24          8        128       8104   adc_demo.o
        20          0          0          0          0        491   adc_main.o
       420         22          0          0          0       3502   clock.o
       312         42          0         16          0      10081   flash.o
      1384        154        138          0        300      19803   gpio.o
       536        332       1024       1028          0       2094   jump_table.o
       604        204        112          1       8224      65750   main.o
      1070         22         93          8          0       6303   my_printf.o
        44          6          9          4          0       2120   osal_adc.o
       308         40          0         10          0       3449   pwm.o
       632         80          0         38        120       7997   pwrmgr.o
        28          8        192          0       1024        652   startup_armcm0.o
        16          8          0          4          0        751   system_armcm0.o
       440         82          0          4          0      11877   timer.o
      1284        140         12          0         64       9599   uart.o

    ----------------------------------------------------------------------
      9366       1558       1656       1142       9900     166728   Object Totals
       828        276         48          0          0          0   (incl. Generated)
        10          0          4          6          0          0   (incl. Padding)

    ----------------------------------------------------------------------

      Code (inc. data)   RO Data    RW Data    ZI Data      Debug   Library Member Name

        86          0          0          0          0          0   __dczerorl2.o
         0          0          0          0          0          0   entry.o
         0          0          0          0          0          0   entry10a.o
         0          0          0          0          0          0   entry11a.o
         8          4          0          0          0          0   entry2.o
         4          0          0          0          0          0   entry5.o
         0          0          0          0          0          0   entry7b.o
         0          0          0          0          0          0   entry8b.o
         8          4          0          0          0          0   entry9a.o
        30          0          0          0          0          0   handlers.o
        36          8          0          0          0         68   init.o
         0          0          0          0          0          0   iusefp.o
        32          0          0          0          0         68   llshl.o
        34          0          0          0          0         68   llushr.o
        56          0          0          0          0         68   d2f.o
       236          0          0          0          0        216   depilogue.o
       208          6          0          0          0         88   dmul.o
        40          0          0          0          0         60   f2d.o
       178          0          0          0          0        108   fadd.o
       130          0          0          0          0        144   fepilogue.o
        50          0          0          0          0         60   ffixi.o
        14          0          0          0          0         68   ffltui.o
       122          0          0          0          0         72   fmul.o
        24          0          0          0          0         60   fscalb.o
      3820        450          0         24         32       1328   patch.o
       196         26         17          5         16        216   phy_sec_ext.o
      1808        372          0          8          0        732   rf_phy_driver.o

    ----------------------------------------------------------------------
      7122        870         20         38         52       3424   Library Totals
         2          0          3          1          4          0   (incl. Padding)

    ----------------------------------------------------------------------

      Code (inc. data)   RO Data    RW Data    ZI Data      Debug   Library Name

       238         16          0          0          0        204   mc_p.l
      1058          6          0          0          0        944   mf_p.l
      5824        848         17         37         48       2276   rf.lib

    ----------------------------------------------------------------------
      7122        870         20         38         52       3424   Library Totals

    ----------------------------------------------------------------------

==============================================================================


      Code (inc. data)   RO Data    RW Data    ZI Data      Debug   

     16488       2428       1676       1180       9952     164340   Grand Totals
     16488       2428       1676        168       9952     164340   ELF Image Totals (compressed)
     16488       2428       1676        168          0          0   ROM Totals

==============================================================================

    Total RO  Size (Code + RO Data)                18164 (  17.74kB)
    Total RW  Size (RW Data + ZI Data)             11132 (  10.87kB)
    Total ROM Size (Code + RO Data + RW Data)      18332 (  17.90kB)

==============================================================================

