<html>
<body>
<pre>
<h1>µVision Build Log</h1>
<h2>Tool Versions:</h2>
IDE-Version: ¦ÌVision V5.25.3.0
Copyright (C) 2018 ARM Ltd and ARM Germany GmbH. All rights reserved.
License Information: 1111 Administrator, 1111, LIC=BUURY-ID0PF-634MB-2QTC8-5SI49-1HYG4
 
Tool Versions:
Toolchain:       MDK-ARM Plus  Version: 5.27.1.0
Toolchain Path:  D:\Keil_v5\ARM\ARMCC\Bin
C Compiler:      Armcc.exe V5.06 update 6 (build 750)
Assembler:       Armasm.exe V5.06 update 6 (build 750)
Linker/Locator:  ArmLink.exe V5.06 update 6 (build 750)
Library Manager: ArmAr.exe V5.06 update 6 (build 750)
Hex Converter:   FromElf.exe V5.06 update 6 (build 750)
CPU DLL:         SARMCM3.DLL V5.27.1.0
Dialog DLL:      DARMCM1.DLL V1.19.2.0
Target DLL:      UL2CM3.DLL V1.162.15.0
Dialog DLL:      TARMCM1.DLL V1.14.1.0
 
<h2>Project:</h2>
E:\Project\ËÎ¹úÎ°\BLE\example\ble_peripheral\simpleBlePeripheral\simpleBlePeripheral.uvprojx
Project File Date:  07/05/2022

<h2>Output:</h2>
*** Using Compiler 'V5.06 update 6 (build 750)', folder: 'D:\Keil_v5\ARM\ARMCC\Bin'
Rebuild target 'Target 1'
compiling clock.c...
compiling timer.c...
compiling my_printf.c...
compiling pwrmgr.c...
compiling main.c...
compiling gpio.c...
compiling uart.c...
compiling watchdog.c...
compiling adc.c...
compiling fs.c...
compiling dma.c...
compiling pwm.c...
compiling osal_snv.c...
compiling flash.c...
compiling gap.c...
compiling gattservapp.c...
compiling central.c...
compiling peripheral.c...
compiling ota_app_service.c...
compiling sbpProfile_ota.c...
compiling gapgattserver.c...
compiling SimpleBLEPeripheral_Main.c...
compiling gapbondmgr.c...
compiling all_gpio_init.c...
compiling simpleBLEPeripheral.c...
compiling OSAL_SimpleBLEPeripheral.c...
compiling peripheral_handler.c...
compiling jump_table.c...
compiling set_adc_result.c...
assembling startup_ARMCM0.s...
compiling time_rtc_fun.c...
compiling set_iic_definition.c...
compiling set_gpio_pwm.c...
compiling other_function.c...
compiling transaction_processing_function.c...
compiling system_ARMCM0.c...
linking...
Program Size: Code=53580 RO-data=1808 RW-data=2288 ZI-data=11064  
FromELF: creating hex file...
After Build - User command #1: fromelf.exe .\Objects\simpleBlePeripheral.axf --i32combined --output .\bin\simpleBlePeripheral.hex
After Build - User command #2: fromelf -c -a -d -e -v -o simpleBlePeripheral.asm ./Objects/simpleBlePeripheral.axf
".\Objects\simpleBlePeripheral.axf" - 0 Error(s), 0 Warning(s).

<h2>Software Packages used:</h2>

Package Vendor: ARM
                http://www.keil.com/pack/ARM.CMSIS.5.5.1.pack
                ARM.CMSIS.5.5.1
                CMSIS (Cortex Microcontroller Software Interface Standard)
   * Component: CORE Version: 5.2.0
   * Component: Startup Version: 1.1.0

<h2>Collection of Component include folders:</h2>
  .\RTE\_Target_1
  D:\Keil_v5\Arm\Packs\ARM\CMSIS\5.5.1\CMSIS\Core\Include
  D:\Keil_v5\Arm\Packs\ARM\CMSIS\5.5.1\Device\ARM\ARMCM0\Include

<h2>Collection of Component Files used:</h2>

   * Component: ARM::CMSIS:CORE:5.2.0

   * Component: ARM::Device:Startup:1.1.0
      Source file:   Device\ARM\ARMCM0\Source\system_ARMCM0.c
      Source file:   Device\ARM\ARMCM0\Source\ARM\startup_ARMCM0.s
      Include file:  Device\ARM\ARMCM0\Include\ARMCM0.h
Build Time Elapsed:  00:00:10
</pre>
</body>
</html>
