Component: ARM Compiler 5.06 update 6 (build 750) Tool: armlink [4d35ed]

==============================================================================

Section Cross References

    main.o(i.ble_mem_init_config) refers to main.o(.bss) for g_largeHeap
    main.o(i.hal_init) refers to main.o(i.hal_low_power_io_init) for hal_low_power_io_init
    main.o(i.hal_init) refers to clock.o(i.hal_rtc_clock_config) for hal_rtc_clock_config
    main.o(i.hal_init) refers to pwrmgr.o(i.hal_pwrmgr_init) for hal_pwrmgr_init
    main.o(i.hal_init) refers to flash.o(i.hal_spif_cache_init) for hal_spif_cache_init
    main.o(i.hal_init) refers to my_printf.o(i.dbg_printf_init) for dbg_printf_init
    main.o(i.hal_init) refers to gpio.o(i.hal_gpio_init) for hal_gpio_init
    main.o(i.hal_init) refers to main.o(.data) for g_clk32K_config
    main.o(i.hal_init) refers to main.o(.constdata) for .constdata
    main.o(i.hal_low_power_io_init) refers to gpio.o(i.hal_gpio_pull_set) for hal_gpio_pull_set
    main.o(i.hal_low_power_io_init) refers to pwrmgr.o(i.hal_pwrmgr_RAM_retention) for hal_pwrmgr_RAM_retention
    main.o(i.hal_low_power_io_init) refers to pwrmgr.o(i.hal_pwrmgr_RAM_retention_set) for hal_pwrmgr_RAM_retention_set
    main.o(i.hal_low_power_io_init) refers to pwrmgr.o(i.hal_pwrmgr_LowCurrentLdo_enable) for hal_pwrmgr_LowCurrentLdo_enable
    main.o(i.hal_low_power_io_init) refers to main.o(.constdata) for .constdata
    main.o(i.hal_rfphy_init) refers to patch.o(i.hal_rom_boot_init) for hal_rom_boot_init
    main.o(i.hal_rfphy_init) refers to main.o(i.__NVIC_SetPriority) for __NVIC_SetPriority
    main.o(i.hal_rfphy_init) refers to main.o(i.ble_mem_init_config) for ble_mem_init_config
    main.o(i.main) refers to patch.o(_section_xip_code_) for init_config
    main.o(i.main) refers to main.o(i.hal_rfphy_init) for hal_rfphy_init
    main.o(i.main) refers to main.o(i.hal_init) for hal_init
    main.o(i.main) refers to my_printf.o(i.dbg_printf) for dbg_printf
    main.o(i.main) refers to gpio_main.o(i.app_main) for app_main
    main.o(i.main) refers to main.o(.data) for g_clk32K_config
    main.o(i.main) refers to main.o(.conststring) for .conststring
    jump_table.o(.emb_text) refers to jump_table.o(i._hard_fault) for _hard_fault
    jump_table.o(i._hard_fault) refers to jump_table.o(.data) for trap_c_callback
    jump_table.o(jump_table_mem_area) refers to osal_gpio.o(i.osalInitTasks) for osalInitTasks
    jump_table.o(jump_table_mem_area) refers to osal_gpio.o(.constdata) for tasksArr
    jump_table.o(jump_table_mem_area) refers to osal_gpio.o(.data) for tasksEvents
    jump_table.o(jump_table_mem_area) refers (Weak) to pwrmgr.o(i.hal_pwrmgr_sleep_process) for hal_pwrmgr_sleep_process
    jump_table.o(jump_table_mem_area) refers (Weak) to pwrmgr.o(i.hal_pwrmgr_wakeup_process) for hal_pwrmgr_wakeup_process
    jump_table.o(jump_table_mem_area) refers to rf_phy_driver.o(i.rf_phy_ini) for rf_phy_ini
    jump_table.o(jump_table_mem_area) refers to jump_table.o(.emb_text) for hard_fault
    jump_table.o(jump_table_mem_area) refers (Weak) to uart.o(_section_sram_code_) for hal_UART0_IRQHandler
    gpio_demo.o(i.GPIO_Wakeup_Init) refers to gpio.o(i.hal_gpio_init) for hal_gpio_init
    gpio_demo.o(i.GPIO_Wakeup_Init) refers to my_printf.o(i.dbg_printf) for dbg_printf
    gpio_demo.o(i.GPIO_Wakeup_Init) refers to gpio.o(i.hal_gpioin_register) for hal_gpioin_register
    gpio_demo.o(i.GPIO_Wakeup_Init) refers to gpio.o(i.hal_gpio_read) for hal_gpio_read
    gpio_demo.o(i.GPIO_Wakeup_Init) refers to gpio_demo.o(.data) for gpio_wakeup_TaskID
    gpio_demo.o(i.GPIO_Wakeup_ProcessEvent) refers to gpio_demo.o(.data) for gpio_wakeup_TaskID
    gpio_demo.o(i.Key_Demo_Init) refers to my_printf.o(i.dbg_printf) for dbg_printf
    gpio_demo.o(i.Key_Demo_Init) refers to gpio.o(i.hal_gpio_init) for hal_gpio_init
    gpio_demo.o(i.Key_Demo_Init) refers to gpio.o(i.hal_gpioretention_register) for hal_gpioretention_register
    gpio_demo.o(i.Key_Demo_Init) refers to gpio.o(i.hal_gpio_write) for hal_gpio_write
    gpio_demo.o(i.Key_Demo_Init) refers to pwrmgr.o(i.hal_pwrmgr_register) for hal_pwrmgr_register
    gpio_demo.o(i.Key_Demo_Init) refers to gpio.o(i.hal_gpio_cfg_analog_io) for hal_gpio_cfg_analog_io
    gpio_demo.o(i.Key_Demo_Init) refers to gpio_demo.o(i.uart_port_reconfig) for uart_port_reconfig
    gpio_demo.o(i.Key_Demo_Init) refers to key.o(i.key_init) for key_init
    gpio_demo.o(i.Key_Demo_Init) refers to gpio_demo.o(.data) for key_TaskID
    gpio_demo.o(i.Key_Demo_Init) refers to key.o(.bss) for key_state
    gpio_demo.o(i.Key_Demo_Init) refers to gpio_demo.o(i.P16_wakeup_handler) for P16_wakeup_handler
    gpio_demo.o(i.Key_Demo_Init) refers to gpio_demo.o(i.P17_wakeup_handler) for P17_wakeup_handler
    gpio_demo.o(i.Key_Demo_Init) refers to gpio_demo.o(i.key_press_evt) for key_press_evt
    gpio_demo.o(i.Key_ProcessEvent) refers to key.o(i.gpio_key_timer_handler) for gpio_key_timer_handler
[...]
    ll_hw_set_ant_switch_timing              0x00011115   Thumb Code     0  bb_rom_sym_m0.txt ABSOLUTE
    ll_hw_set_crc_fmt                        0x0001112d   Thumb Code     0  bb_rom_sym_m0.txt ABSOLUTE
    ll_hw_set_cte_rxSupp                     0x0001113d   Thumb Code     0  bb_rom_sym_m0.txt ABSOLUTE
    ll_hw_set_cte_txSupp                     0x00011155   Thumb Code     0  bb_rom_sym_m0.txt ABSOLUTE
    ll_hw_set_empty_head                     0x00011169   Thumb Code     0  bb_rom_sym_m0.txt ABSOLUTE
    ll_hw_set_irq                            0x00011175   Thumb Code     0  bb_rom_sym_m0.txt ABSOLUTE
    ll_hw_set_loop_nack_num                  0x00011181   Thumb Code     0  bb_rom_sym_m0.txt ABSOLUTE
    ll_hw_set_loop_timeout                   0x0001118d   Thumb Code     0  bb_rom_sym_m0.txt ABSOLUTE
    ll_hw_set_pplus_pktfmt                   0x000111a1   Thumb Code     0  bb_rom_sym_m0.txt ABSOLUTE
    ll_hw_set_rtlp                           0x000111cd   Thumb Code     0  bb_rom_sym_m0.txt ABSOLUTE
    ll_hw_set_rtlp_1st                       0x0001121d   Thumb Code     0  bb_rom_sym_m0.txt ABSOLUTE
    ll_hw_set_rtx                            0x00011265   Thumb Code     0  bb_rom_sym_m0.txt ABSOLUTE
    ll_hw_set_rx_timeout                     0x00011279   Thumb Code     0  bb_rom_sym_m0.txt ABSOLUTE
    ll_hw_set_rx_timeout_1st                 0x00011285   Thumb Code     0  bb_rom_sym_m0.txt ABSOLUTE
    ll_hw_set_rx_tx_interval                 0x00011291   Thumb Code     0  bb_rom_sym_m0.txt ABSOLUTE
    ll_hw_set_srx                            0x000112a5   Thumb Code     0  bb_rom_sym_m0.txt ABSOLUTE
    ll_hw_set_stx                            0x000112b9   Thumb Code     0  bb_rom_sym_m0.txt ABSOLUTE
    ll_hw_set_tfifo_space                    0x000112cd   Thumb Code     0  bb_rom_sym_m0.txt ABSOLUTE
    ll_hw_set_timing                         0x000112e5   Thumb Code     0  bb_rom_sym_m0.txt ABSOLUTE
    ll_hw_set_trlp                           0x00011381   Thumb Code     0  bb_rom_sym_m0.txt ABSOLUTE
    ll_hw_set_trx                            0x000113c9   Thumb Code     0  bb_rom_sym_m0.txt ABSOLUTE
    ll_hw_set_trx_settle                     0x000113dd   Thumb Code     0  bb_rom_sym_m0.txt ABSOLUTE
    ll_hw_set_tx_rx_interval                 0x000113f1   Thumb Code     0  bb_rom_sym_m0.txt ABSOLUTE
    ll_hw_set_tx_rx_release                  0x00011405   Thumb Code     0  bb_rom_sym_m0.txt ABSOLUTE
    ll_hw_trigger                            0x00011421   Thumb Code     0  bb_rom_sym_m0.txt ABSOLUTE
    ll_hw_trx_settle_config                  0x00011445   Thumb Code     0  bb_rom_sym_m0.txt ABSOLUTE
    ll_hw_tx2rx_timing_config                0x00011489   Thumb Code     0  bb_rom_sym_m0.txt ABSOLUTE
    ll_hw_update                             0x000114dd   Thumb Code     0  bb_rom_sym_m0.txt ABSOLUTE
    ll_hw_update_rtlp_mode                   0x00011539   Thumb Code     0  bb_rom_sym_m0.txt ABSOLUTE
    ll_hw_update_trlp_mode                   0x00011579   Thumb Code     0  bb_rom_sym_m0.txt ABSOLUTE
    ll_hw_write_tfifo                        0x000115c1   Thumb Code     0  bb_rom_sym_m0.txt ABSOLUTE
    ll_isAddrInWhiteList                     0x00011649   Thumb Code     0  bb_rom_sym_m0.txt ABSOLUTE
    ll_isFirstAdvChn                         0x000116a9   Thumb Code     0  bb_rom_sym_m0.txt ABSOLUTE
    ll_isIrkAllZero                          0x000116c7   Thumb Code     0  bb_rom_sym_m0.txt ABSOLUTE
    ll_isLegacyAdv                           0x000116dd   Thumb Code     0  bb_rom_sym_m0.txt ABSOLUTE
    ll_parseExtHeader                        0x000116ed   Thumb Code     0  bb_rom_sym_m0.txt ABSOLUTE
    ll_prd_adv_schedule_next_event           0x000117a9   Thumb Code     0  bb_rom_sym_m0.txt ABSOLUTE
    ll_prd_scan_schedule_next_event          0x000117cd   Thumb Code     0  bb_rom_sym_m0.txt ABSOLUTE
    ll_processBasicIRQ                       0x000117e9   Thumb Code     0  bb_rom_sym_m0.txt ABSOLUTE
    ll_processExtAdvIRQ                      0x00013401   Thumb Code     0  bb_rom_sym_m0.txt ABSOLUTE
    ll_processExtInitIRQ                     0x00013405   Thumb Code     0  bb_rom_sym_m0.txt ABSOLUTE
    ll_processExtScanIRQ                     0x00013409   Thumb Code     0  bb_rom_sym_m0.txt ABSOLUTE
    ll_processMissMasterEvt                  0x0001340d   Thumb Code     0  bb_rom_sym_m0.txt ABSOLUTE
    ll_processMissSlaveEvt                   0x000134ed   Thumb Code     0  bb_rom_sym_m0.txt ABSOLUTE
    ll_processPrdAdvIRQ                      0x000135f5   Thumb Code     0  bb_rom_sym_m0.txt ABSOLUTE
    ll_processPrdScanIRQ                     0x000135f9   Thumb Code     0  bb_rom_sym_m0.txt ABSOLUTE
    ll_readLocalIRK                          0x000135fd   Thumb Code     0  bb_rom_sym_m0.txt ABSOLUTE
    ll_read_rxfifo                           0x000136c5   Thumb Code     0  bb_rom_sym_m0.txt ABSOLUTE
    ll_schedule_next_event                   0x00013761   Thumb Code     0  bb_rom_sym_m0.txt ABSOLUTE
    ll_scheduler                             0x00013771   Thumb Code     0  bb_rom_sym_m0.txt ABSOLUTE
    ll_updateAuxAdvTimeSlot                  0x00013a11   Thumb Code     0  bb_rom_sym_m0.txt ABSOLUTE
    ll_updateExtAdvRemainderTime             0x00013a39   Thumb Code     0  bb_rom_sym_m0.txt ABSOLUTE
    log_clr_putc                             0x00013ab9   Thumb Code     0  bb_rom_sym_m0.txt ABSOLUTE
    log_debug_level                          0x00013ac5   Thumb Code     0  bb_rom_sym_m0.txt ABSOLUTE
    log_get_debug_level                      0x00013ad9   Thumb Code     0  bb_rom_sym_m0.txt ABSOLUTE
    log_printf                               0x00013ae5   Thumb Code     0  bb_rom_sym_m0.txt ABSOLUTE
    log_set_putc                             0x00013b05   Thumb Code     0  bb_rom_sym_m0.txt ABSOLUTE
    log_vsprintf                             0x00013b11   Thumb Code     0  bb_rom_sym_m0.txt ABSOLUTE
    move_to_master_function                  0x00013f09   Thumb Code     0  bb_rom_sym_m0.txt ABSOLUTE
    move_to_slave_function                   0x0001406d   Thumb Code     0  bb_rom_sym_m0.txt ABSOLUTE
    osalAddTimer                             0x00014439   Thumb Code     0  bb_rom_sym_m0.txt ABSOLUTE
    osalDeleteTimer                          0x000144a9   Thumb Code     0  bb_rom_sym_m0.txt ABSOLUTE
    osalFindTimer                            0x000144b5   Thumb Code     0  bb_rom_sym_m0.txt ABSOLUTE
    osalTimeUpdate                           0x000144d5   Thumb Code     0  bb_rom_sym_m0.txt ABSOLUTE
    osalTimeUpdate1                          0x00014541   Thumb Code     0  bb_rom_sym_m0.txt ABSOLUTE
    osalTimerInit                            0x0001457d   Thumb Code     0  bb_rom_sym_m0.txt ABSOLUTE
    osalTimerUpdate                          0x00014589   Thumb Code     0  bb_rom_sym_m0.txt ABSOLUTE
    osal_CbTimerInit                         0x00014621   Thumb Code     0  bb_rom_sym_m0.txt ABSOLUTE
    osal_CbTimerProcessEvent                 0x00014641   Thumb Code     0  bb_rom_sym_m0.txt ABSOLUTE
    osal_CbTimerStart                        0x000146a9   Thumb Code     0  bb_rom_sym_m0.txt ABSOLUTE
    osal_CbTimerStop                         0x00014711   Thumb Code     0  bb_rom_sym_m0.txt ABSOLUTE
    osal_CbTimerUpdate                       0x00014751   Thumb Code     0  bb_rom_sym_m0.txt ABSOLUTE
    osal_ConvertUTCSecs                      0x000147a1   Thumb Code     0  bb_rom_sym_m0.txt ABSOLUTE
    osal_ConvertUTCTime                      0x00014841   Thumb Code     0  bb_rom_sym_m0.txt ABSOLUTE
    osal_GetSystemClock                      0x00014949   Thumb Code     0  bb_rom_sym_m0.txt ABSOLUTE
    osal_bm_adjust_header                    0x00014955   Thumb Code     0  bb_rom_sym_m0.txt ABSOLUTE
    osal_bm_adjust_tail                      0x0001497d   Thumb Code     0  bb_rom_sym_m0.txt ABSOLUTE
    osal_bm_alloc                            0x000149a9   Thumb Code     0  bb_rom_sym_m0.txt ABSOLUTE
    osal_bm_free                             0x000149d9   Thumb Code     0  bb_rom_sym_m0.txt ABSOLUTE
    osal_buffer_uint24                       0x00014a21   Thumb Code     0  bb_rom_sym_m0.txt ABSOLUTE
    osal_buffer_uint32                       0x00014a2f   Thumb Code     0  bb_rom_sym_m0.txt ABSOLUTE
    osal_build_uint16                        0x00014a41   Thumb Code     0  bb_rom_sym_m0.txt ABSOLUTE
    osal_build_uint32                        0x00014a4d   Thumb Code     0  bb_rom_sym_m0.txt ABSOLUTE
    osal_clear_event                         0x00014a89   Thumb Code     0  bb_rom_sym_m0.txt ABSOLUTE
    osal_getClock                            0x00014abd   Thumb Code     0  bb_rom_sym_m0.txt ABSOLUTE
    osal_get_timeoutEx                       0x00014ac9   Thumb Code     0  bb_rom_sym_m0.txt ABSOLUTE
    osal_init_system                         0x00014aed   Thumb Code     0  bb_rom_sym_m0.txt ABSOLUTE
    osal_isbufset                            0x00014b1d   Thumb Code     0  bb_rom_sym_m0.txt ABSOLUTE
    osal_mem_alloc                           0x00014b3d   Thumb Code     0  bb_rom_sym_m0.txt ABSOLUTE
    osal_mem_free                            0x00014c01   Thumb Code     0  bb_rom_sym_m0.txt ABSOLUTE
    osal_mem_init                            0x00014c25   Thumb Code     0  bb_rom_sym_m0.txt ABSOLUTE
    osal_mem_kick                            0x00014c8d   Thumb Code     0  bb_rom_sym_m0.txt ABSOLUTE
    osal_mem_set_heap                        0x00014cb5   Thumb Code     0  bb_rom_sym_m0.txt ABSOLUTE
    osal_memcmp                              0x00014ccd   Thumb Code     0  bb_rom_sym_m0.txt ABSOLUTE
    osal_memcpy                              0x00014ce9   Thumb Code     0  bb_rom_sym_m0.txt ABSOLUTE
    osal_memdup                              0x00014cf9   Thumb Code     0  bb_rom_sym_m0.txt ABSOLUTE
    osal_memset                              0x00014d15   Thumb Code     0  bb_rom_sym_m0.txt ABSOLUTE
    osal_msg_allocate                        0x00014d1d   Thumb Code     0  bb_rom_sym_m0.txt ABSOLUTE
    osal_msg_deallocate                      0x00014d43   Thumb Code     0  bb_rom_sym_m0.txt ABSOLUTE
    osal_msg_dequeue                         0x00014d65   Thumb Code     0  bb_rom_sym_m0.txt ABSOLUTE
    osal_msg_enqueue                         0x00014d91   Thumb Code     0  bb_rom_sym_m0.txt ABSOLUTE
    osal_msg_enqueue_max                     0x00014dc3   Thumb Code     0  bb_rom_sym_m0.txt ABSOLUTE
    osal_msg_extract                         0x00014e6d   Thumb Code     0  bb_rom_sym_m0.txt ABSOLUTE
    osal_msg_find                            0x00014e9d   Thumb Code     0  bb_rom_sym_m0.txt ABSOLUTE
    osal_msg_push                            0x00014ed1   Thumb Code     0  bb_rom_sym_m0.txt ABSOLUTE
    osal_msg_push_front                      0x00014eeb   Thumb Code     0  bb_rom_sym_m0.txt ABSOLUTE
    osal_msg_receive                         0x00014ef5   Thumb Code     0  bb_rom_sym_m0.txt ABSOLUTE
    osal_msg_send                            0x00014f59   Thumb Code     0  bb_rom_sym_m0.txt ABSOLUTE
    osal_next_timeout                        0x00014f7d   Thumb Code     0  bb_rom_sym_m0.txt ABSOLUTE
    osal_pwrmgr_device                       0x00014fa5   Thumb Code     0  bb_rom_sym_m0.txt ABSOLUTE
    osal_pwrmgr_init                         0x00014fb1   Thumb Code     0  bb_rom_sym_m0.txt ABSOLUTE
    osal_pwrmgr_powerconserve                0x00014fc1   Thumb Code     0  bb_rom_sym_m0.txt ABSOLUTE
    osal_pwrmgr_task_state                   0x000150f9   Thumb Code     0  bb_rom_sym_m0.txt ABSOLUTE
    osal_rand                                0x00015129   Thumb Code     0  bb_rom_sym_m0.txt ABSOLUTE
    osal_revmemcpy                           0x00015145   Thumb Code     0  bb_rom_sym_m0.txt ABSOLUTE
    osal_run_system                          0x00015159   Thumb Code     0  bb_rom_sym_m0.txt ABSOLUTE
    osal_self                                0x000151f5   Thumb Code     0  bb_rom_sym_m0.txt ABSOLUTE
    osal_setClock                            0x00015201   Thumb Code     0  bb_rom_sym_m0.txt ABSOLUTE
    osal_set_event                           0x0001520d   Thumb Code     0  bb_rom_sym_m0.txt ABSOLUTE
    osal_start_reload_timer                  0x00015259   Thumb Code     0  bb_rom_sym_m0.txt ABSOLUTE
    osal_start_system                        0x00015285   Thumb Code     0  bb_rom_sym_m0.txt ABSOLUTE
    osal_start_timerEx                       0x0001528b   Thumb Code     0  bb_rom_sym_m0.txt ABSOLUTE
    osal_stop_timerEx                        0x000152b3   Thumb Code     0  bb_rom_sym_m0.txt ABSOLUTE
    osal_strlen                              0x000152dd   Thumb Code     0  bb_rom_sym_m0.txt ABSOLUTE
    osal_timer_num_active                    0x000152e5   Thumb Code     0  bb_rom_sym_m0.txt ABSOLUTE
    phy_sec_app_key                          0x00015315   Thumb Code     0  bb_rom_sym_m0.txt ABSOLUTE
    phy_sec_decrypt                          0x0001531d   Thumb Code     0  bb_rom_sym_m0.txt ABSOLUTE
    phy_sec_efuse_lock                       0x0001532d   Thumb Code     0  bb_rom_sym_m0.txt ABSOLUTE
    phy_sec_encrypt                          0x00015339   Thumb Code     0  bb_rom_sym_m0.txt ABSOLUTE
    phy_sec_init                             0x00015349   Thumb Code     0  bb_rom_sym_m0.txt ABSOLUTE
    phy_sec_key_valid                        0x0001540d   Thumb Code     0  bb_rom_sym_m0.txt ABSOLUTE
    prog_process_data                        0x00015b19   Thumb Code     0  bb_rom_sym_m0.txt ABSOLUTE
    prog_uart_command                        0x00015c51   Thumb Code     0  bb_rom_sym_m0.txt ABSOLUTE
    prog_uart_fct_command                    0x00015c71   Thumb Code     0  bb_rom_sym_m0.txt ABSOLUTE
    prog_uart_handle                         0x00015c8d   Thumb Code     0  bb_rom_sym_m0.txt ABSOLUTE
    read_LL_remainder_time                   0x00015cbd   Thumb Code     0  bb_rom_sym_m0.txt ABSOLUTE
    read_current_fine_time                   0x00015cc9   Thumb Code     0  bb_rom_sym_m0.txt ABSOLUTE
    read_ll_adv_remainder_time               0x00015cf1   Thumb Code     0  bb_rom_sym_m0.txt ABSOLUTE
    reset_conn_buf                           0x00015cfd   Thumb Code     0  bb_rom_sym_m0.txt ABSOLUTE
    rom_board_init                           0x00016a09   Thumb Code     0  bb_rom_sym_m0.txt ABSOLUTE
    rtc_clear                                0x00016ab5   Thumb Code     0  bb_rom_sym_m0.txt ABSOLUTE
    rtc_config_prescale                      0x00016ad1   Thumb Code     0  bb_rom_sym_m0.txt ABSOLUTE
    rtc_get_counter                          0x00016b15   Thumb Code     0  bb_rom_sym_m0.txt ABSOLUTE
    rtc_start                                0x00016b25   Thumb Code     0  bb_rom_sym_m0.txt ABSOLUTE
    rtc_stop                                 0x00016b35   Thumb Code     0  bb_rom_sym_m0.txt ABSOLUTE
    setSleepMode                             0x00016b45   Thumb Code     0  bb_rom_sym_m0.txt ABSOLUTE
    set_access_address                       0x00016b51   Thumb Code     0  bb_rom_sym_m0.txt ABSOLUTE
    set_channel                              0x00016b5d   Thumb Code     0  bb_rom_sym_m0.txt ABSOLUTE
    set_crc_seed                             0x00016b9d   Thumb Code     0  bb_rom_sym_m0.txt ABSOLUTE
    set_gpio_pull_down_ate                   0x00016bb5   Thumb Code     0  bb_rom_sym_m0.txt ABSOLUTE
    set_gpio_pull_up_ate                     0x00016bcb   Thumb Code     0  bb_rom_sym_m0.txt ABSOLUTE
    set_int                                  0x00016be1   Thumb Code     0  bb_rom_sym_m0.txt ABSOLUTE
    set_max_length                           0x00016bed   Thumb Code     0  bb_rom_sym_m0.txt ABSOLUTE
    set_sleep_flag                           0x00016c01   Thumb Code     0  bb_rom_sym_m0.txt ABSOLUTE
    set_timer                                0x00016c2d   Thumb Code     0  bb_rom_sym_m0.txt ABSOLUTE
    set_whiten_seed                          0x00016cc9   Thumb Code     0  bb_rom_sym_m0.txt ABSOLUTE
    spif_cmd                                 0x00016d49   Thumb Code     0  bb_rom_sym_m0.txt ABSOLUTE
    spif_config                              0x00016dc5   Thumb Code     0  bb_rom_sym_m0.txt ABSOLUTE
    spif_erase_all                           0x00016ea1   Thumb Code     0  bb_rom_sym_m0.txt ABSOLUTE
    spif_erase_block64                       0x00016ed1   Thumb Code     0  bb_rom_sym_m0.txt ABSOLUTE
    spif_erase_chip                          0x00016f55   Thumb Code     0  bb_rom_sym_m0.txt ABSOLUTE
    spif_erase_sector                        0x00016fa9   Thumb Code     0  bb_rom_sym_m0.txt ABSOLUTE
    spif_flash_size                          0x00017029   Thumb Code     0  bb_rom_sym_m0.txt ABSOLUTE
    spif_flash_status_reg_0                  0x0001703d   Thumb Code     0  bb_rom_sym_m0.txt ABSOLUTE
    spif_flash_status_reg_1                  0x00017047   Thumb Code     0  bb_rom_sym_m0.txt ABSOLUTE
    spif_init                                0x00017051   Thumb Code     0  bb_rom_sym_m0.txt ABSOLUTE
    spif_rddata                              0x0001713d   Thumb Code     0  bb_rom_sym_m0.txt ABSOLUTE
    spif_read                                0x00017165   Thumb Code     0  bb_rom_sym_m0.txt ABSOLUTE
    spif_read_dma                            0x0001717d   Thumb Code     0  bb_rom_sym_m0.txt ABSOLUTE
    spif_release_deep_sleep                  0x000172cd   Thumb Code     0  bb_rom_sym_m0.txt ABSOLUTE
    spif_set_deep_sleep                      0x00017349   Thumb Code     0  bb_rom_sym_m0.txt ABSOLUTE
    spif_wrdata                              0x0001736d   Thumb Code     0  bb_rom_sym_m0.txt ABSOLUTE
    spif_write                               0x00017395   Thumb Code     0  bb_rom_sym_m0.txt ABSOLUTE
    spif_write_dma                           0x0001744d   Thumb Code     0  bb_rom_sym_m0.txt ABSOLUTE
    spif_write_protect                       0x000174f9   Thumb Code     0  bb_rom_sym_m0.txt ABSOLUTE
    sram_ret_patch                           0x00017591   Thumb Code     0  bb_rom_sym_m0.txt ABSOLUTE
    update_rx_read_ptr                       0x00017609   Thumb Code     0  bb_rom_sym_m0.txt ABSOLUTE
    update_rx_write_ptr                      0x00017635   Thumb Code     0  bb_rom_sym_m0.txt ABSOLUTE
    update_tx_read_ptr                       0x00017659   Thumb Code     0  bb_rom_sym_m0.txt ABSOLUTE
    update_tx_write_ptr                      0x00017685   Thumb Code     0  bb_rom_sym_m0.txt ABSOLUTE
    wakeupProcess                            0x000176a9   Thumb Code     0  bb_rom_sym_m0.txt ABSOLUTE
    wakeupProcess0                           0x000176c5   Thumb Code     0  bb_rom_sym_m0.txt ABSOLUTE
    wakeup_init                              0x000178a5   Thumb Code     0  bb_rom_sym_m0.txt ABSOLUTE
    wakeup_init0                             0x000178bd   Thumb Code     0  bb_rom_sym_m0.txt ABSOLUTE
    zigbee_crc16_gen                         0x0001798d   Thumb Code     0  bb_rom_sym_m0.txt ABSOLUTE
    supportedCmdsTable                       0x00017c00   Data           0  bb_rom_sym_m0.txt ABSOLUTE
    hciCmdTable                              0x00017c44   Data           0  bb_rom_sym_m0.txt ABSOLUTE
    SCA                                      0x00017c4c   Data           0  bb_rom_sym_m0.txt ABSOLUTE
    jump_table_base                          0x1fff0000   Data        1024  jump_table.o(jump_table_mem_area)
    global_config                            0x1fff0400   Data        1024  jump_table.o(global_config_area)
    hclk_per_us                              0x1fff0818   Data           0  bb_rom_sym_m0.txt ABSOLUTE
    hclk_per_us_shift                        0x1fff081c   Data           0  bb_rom_sym_m0.txt ABSOLUTE
    s_prog_time_save                         0x1fff0828   Data           0  bb_rom_sym_m0.txt ABSOLUTE
    s_prog_timeout                           0x1fff082c   Data           0  bb_rom_sym_m0.txt ABSOLUTE
    DFL_ENTRY_BASE                           0x1fff0830   Data           0  bb_rom_sym_m0.txt ABSOLUTE
    receive_timeout_flag                     0x1fff0850   Data           0  bb_rom_sym_m0.txt ABSOLUTE
    osal_sys_tick                            0x1fff0860   Data           0  bb_rom_sym_m0.txt ABSOLUTE
    g_timer4_irq_pending_time                0x1fff0864   Data           0  bb_rom_sym_m0.txt ABSOLUTE
    g_hclk                                   0x1fff0874   Data           0  bb_rom_sym_m0.txt ABSOLUTE
    m_in_critical_region                     0x1fff0878   Data           0  bb_rom_sym_m0.txt ABSOLUTE
    s_rom_debug_level                        0x1fff0888   Data           0  bb_rom_sym_m0.txt ABSOLUTE
    s_spif_ctx                               0x1fff0894   Data           0  bb_rom_sym_m0.txt ABSOLUTE
    osal_qHead                               0x1fff08b8   Data           0  bb_rom_sym_m0.txt ABSOLUTE
    baseTaskID                               0x1fff08c0   Data           0  bb_rom_sym_m0.txt ABSOLUTE
    OSAL_timeSeconds                         0x1fff08cc   Data           0  bb_rom_sym_m0.txt ABSOLUTE
    ll_remain_time                           0x1fff08e4   Data           0  bb_rom_sym_m0.txt ABSOLUTE
    pwrmgr_attribute                         0x1fff08e8   Data           0  bb_rom_sym_m0.txt ABSOLUTE
    timerHead                                0x1fff08f0   Data           0  bb_rom_sym_m0.txt ABSOLUTE
    hciPTMenabled                            0x1fff08f8   Data           0  bb_rom_sym_m0.txt ABSOLUTE
    ctrlToHostEnable                         0x1fff08f9   Data           0  bb_rom_sym_m0.txt ABSOLUTE
    numHostBufs                              0x1fff08fa   Data           0  bb_rom_sym_m0.txt ABSOLUTE
    hciCtrlCmdToken                          0x1fff08fc   Data           0  bb_rom_sym_m0.txt ABSOLUTE
    bleEvtMask                               0x1fff0900   Data           0  bb_rom_sym_m0.txt ABSOLUTE
    pHciEvtMask                              0x1fff0904   Data           0  bb_rom_sym_m0.txt ABSOLUTE
    hciTaskID                                0x1fff090c   Data           0  bb_rom_sym_m0.txt ABSOLUTE
    hciTestTaskID                            0x1fff090d   Data           0  bb_rom_sym_m0.txt ABSOLUTE
    hciGapTaskID                             0x1fff090e   Data           0  bb_rom_sym_m0.txt ABSOLUTE
    hciL2capTaskID                           0x1fff090f   Data           0  bb_rom_sym_m0.txt ABSOLUTE
    hciSmpTaskID                             0x1fff0910   Data           0  bb_rom_sym_m0.txt ABSOLUTE
    hciExtTaskID                             0x1fff0911   Data           0  bb_rom_sym_m0.txt ABSOLUTE
    g_maxConnNum                             0x1fff0914   Data           0  bb_rom_sym_m0.txt ABSOLUTE
    g_maxPktPerEventTx                       0x1fff0915   Data           0  bb_rom_sym_m0.txt ABSOLUTE
    g_maxPktPerEventRx                       0x1fff0916   Data           0  bb_rom_sym_m0.txt ABSOLUTE
    g_blePktVersion                          0x1fff0917   Data           0  bb_rom_sym_m0.txt ABSOLUTE
    g_llRlEnable                             0x1fff0918   Data           0  bb_rom_sym_m0.txt ABSOLUTE
    g_llScanMode                             0x1fff0919   Data           0  bb_rom_sym_m0.txt ABSOLUTE
    g_llAdvMode                              0x1fff091a   Data           0  bb_rom_sym_m0.txt ABSOLUTE
    LL_TaskID                                0x1fff091b   Data           0  bb_rom_sym_m0.txt ABSOLUTE
    llState                                  0x1fff091c   Data           0  bb_rom_sym_m0.txt ABSOLUTE
    numComplPkts                             0x1fff091d   Data           0  bb_rom_sym_m0.txt ABSOLUTE
    numComplPktsLimit                        0x1fff091e   Data           0  bb_rom_sym_m0.txt ABSOLUTE
    fastTxRespTime                           0x1fff091f   Data           0  bb_rom_sym_m0.txt ABSOLUTE
    g_llWlDeviceNum                          0x1fff0920   Data           0  bb_rom_sym_m0.txt ABSOLUTE
    g_llRlDeviceNum                          0x1fff0921   Data           0  bb_rom_sym_m0.txt ABSOLUTE
    rxFifoFlowCtrl                           0x1fff0922   Data           0  bb_rom_sym_m0.txt ABSOLUTE
    llSecondaryState                         0x1fff0923   Data           0  bb_rom_sym_m0.txt ABSOLUTE
    g_extAdvNumber                           0x1fff0924   Data           0  bb_rom_sym_m0.txt ABSOLUTE
    g_perioAdvNumber                         0x1fff0925   Data           0  bb_rom_sym_m0.txt ABSOLUTE
    g_schExtAdvNum                           0x1fff0926   Data           0  bb_rom_sym_m0.txt ABSOLUTE
    g_currentExtAdv                          0x1fff0927   Data           0  bb_rom_sym_m0.txt ABSOLUTE
    g_schExtAdvNum_periodic                  0x1fff0928   Data           0  bb_rom_sym_m0.txt ABSOLUTE
    g_currentExtAdv_periodic                 0x1fff0929   Data           0  bb_rom_sym_m0.txt ABSOLUTE
    g_llRlTimeout                            0x1fff092c   Data           0  bb_rom_sym_m0.txt ABSOLUTE
    g_advSetMaximumLen                       0x1fff0930   Data           0  bb_rom_sym_m0.txt ABSOLUTE
    conn_param                               0x1fff0934   Data           0  bb_rom_sym_m0.txt ABSOLUTE
    g_pExtendedAdvInfo                       0x1fff0938   Data           0  bb_rom_sym_m0.txt ABSOLUTE
    g_pPeriodicAdvInfo                       0x1fff093c   Data           0  bb_rom_sym_m0.txt ABSOLUTE
    g_pLLcteISample                          0x1fff0940   Data           0  bb_rom_sym_m0.txt ABSOLUTE
    g_pLLcteQSample                          0x1fff0944   Data           0  bb_rom_sym_m0.txt ABSOLUTE
    g_llHdcDirAdvTime                        0x1fff0948   Data           0  bb_rom_sym_m0.txt ABSOLUTE
    g_pAdvSchInfo                            0x1fff094c   Data           0  bb_rom_sym_m0.txt ABSOLUTE
    g_advPerSlotTick                         0x1fff0950   Data           0  bb_rom_sym_m0.txt ABSOLUTE
    g_advSlotPeriodic                        0x1fff0954   Data           0  bb_rom_sym_m0.txt ABSOLUTE
    g_pAdvSchInfo_periodic                   0x1fff0958   Data           0  bb_rom_sym_m0.txt ABSOLUTE
    g_timerExpiryTick                        0x1fff095c   Data           0  bb_rom_sym_m0.txt ABSOLUTE
    chanMapUpdate                            0x1fff0960   Data           0  bb_rom_sym_m0.txt ABSOLUTE
    ownPublicAddr                            0x1fff0965   Data           0  bb_rom_sym_m0.txt ABSOLUTE
    ownRandomAddr                            0x1fff096b   Data           0  bb_rom_sym_m0.txt ABSOLUTE
    verInfo                                  0x1fff0972   Data           0  bb_rom_sym_m0.txt ABSOLUTE
    peerInfo                                 0x1fff0978   Data           0  bb_rom_sym_m0.txt ABSOLUTE
    g_currentAdvTimer                        0x1fff0980   Data           0  bb_rom_sym_m0.txt ABSOLUTE
    g_currentTimerTask                       0x1fff0984   Data           0  bb_rom_sym_m0.txt ABSOLUTE
    g_adv_taskID                             0x1fff0988   Data           0  bb_rom_sym_m0.txt ABSOLUTE
    g_conn_taskID                            0x1fff0989   Data           0  bb_rom_sym_m0.txt ABSOLUTE
    g_smartWindowRTOCnt                      0x1fff098a   Data           0  bb_rom_sym_m0.txt ABSOLUTE
    isPeerRpaStore                           0x1fff098b   Data           0  bb_rom_sym_m0.txt ABSOLUTE
    g_same_rf_channel_flag                   0x1fff098c   Data           0  bb_rom_sym_m0.txt ABSOLUTE
    g_currentPeerAddrType                    0x1fff098d   Data           0  bb_rom_sym_m0.txt ABSOLUTE
    g_currentLocalAddrType                   0x1fff098e   Data           0  bb_rom_sym_m0.txt ABSOLUTE
    storeRpaListIndex                        0x1fff098f   Data           0  bb_rom_sym_m0.txt ABSOLUTE
    llTaskState                              0x1fff0990   Data           0  bb_rom_sym_m0.txt ABSOLUTE
    g_adv_taskEvent                          0x1fff0992   Data           0  bb_rom_sym_m0.txt ABSOLUTE
    g_conn_taskEvent                         0x1fff0994   Data           0  bb_rom_sym_m0.txt ABSOLUTE
    llWaitingIrq                             0x1fff0998   Data           0  bb_rom_sym_m0.txt ABSOLUTE
    ISR_entry_time                           0x1fff099c   Data           0  bb_rom_sym_m0.txt ABSOLUTE
    slave_conn_event_recv_delay              0x1fff09a0   Data           0  bb_rom_sym_m0.txt ABSOLUTE
    g_smartWindowLater                       0x1fff09a4   Data           0  bb_rom_sym_m0.txt ABSOLUTE
    g_smartWindowActiveCnt                   0x1fff09a8   Data           0  bb_rom_sym_m0.txt ABSOLUTE
    g_smartWindowPreAnchPoint                0x1fff09ac   Data           0  bb_rom_sym_m0.txt ABSOLUTE
    g_getPn23_cnt                            0x1fff09b0   Data           0  bb_rom_sym_m0.txt ABSOLUTE
    g_getPn23_seed                           0x1fff09b4   Data           0  bb_rom_sym_m0.txt ABSOLUTE
    llScanTime                               0x1fff09b8   Data           0  bb_rom_sym_m0.txt ABSOLUTE
    p_perStatsByChan                         0x1fff09bc   Data           0  bb_rom_sym_m0.txt ABSOLUTE
    LL_PLUS_AdvDataFilterCBack               0x1fff09c0   Data           0  bb_rom_sym_m0.txt ABSOLUTE
    LL_PLUS_ScanRequestFilterCBack           0x1fff09c4   Data           0  bb_rom_sym_m0.txt ABSOLUTE
    g_new_master_delta                       0x1fff09c8   Data           0  bb_rom_sym_m0.txt ABSOLUTE
    llScanT1                                 0x1fff09cc   Data           0  bb_rom_sym_m0.txt ABSOLUTE
    llCurrentScanChn                         0x1fff09d0   Data           0  bb_rom_sym_m0.txt ABSOLUTE
    g_currentLocalRpa                        0x1fff09d4   Data           0  bb_rom_sym_m0.txt ABSOLUTE
    g_currentPeerRpa                         0x1fff09da   Data           0  bb_rom_sym_m0.txt ABSOLUTE
    currentPeerRpa                           0x1fff09e0   Data           0  bb_rom_sym_m0.txt ABSOLUTE
    g_dle_taskID                             0x1fff09e6   Data           0  bb_rom_sym_m0.txt ABSOLUTE
    g_dle_taskEvent                          0x1fff09e8   Data           0  bb_rom_sym_m0.txt ABSOLUTE
    g_phyChg_taskID                          0x1fff09ea   Data           0  bb_rom_sym_m0.txt ABSOLUTE
    g_phyChg_taskEvent                       0x1fff09ec   Data           0  bb_rom_sym_m0.txt ABSOLUTE
    g_smartWindowSize                        0x1fff09f0   Data           0  bb_rom_sym_m0.txt ABSOLUTE
    g_smartWindowSizeNew                     0x1fff09f4   Data           0  bb_rom_sym_m0.txt ABSOLUTE
    g_smartWindowActive                      0x1fff09f8   Data           0  bb_rom_sym_m0.txt ABSOLUTE
    g_interAuxPduDuration                    0x1fff09fc   Data           0  bb_rom_sym_m0.txt ABSOLUTE
    connUpdateTimer                          0x1fff0a04   Data           0  bb_rom_sym_m0.txt ABSOLUTE
    sleep_flag                               0x1fff0a0c   Data           0  bb_rom_sym_m0.txt ABSOLUTE
    g_wakeup_rtc_tick                        0x1fff0a10   Data           0  bb_rom_sym_m0.txt ABSOLUTE
    g_counter_traking_avg                    0x1fff0a14   Data           0  bb_rom_sym_m0.txt ABSOLUTE
    g_TIM2_IRQ_TIM3_CurrCount                0x1fff0a18   Data           0  bb_rom_sym_m0.txt ABSOLUTE
    g_TIM2_IRQ_to_Sleep_DeltTick             0x1fff0a1c   Data           0  bb_rom_sym_m0.txt ABSOLUTE
    g_TIM2_IRQ_PendingTick                   0x1fff0a20   Data           0  bb_rom_sym_m0.txt ABSOLUTE
    g_osal_tick_trim                         0x1fff0a24   Data           0  bb_rom_sym_m0.txt ABSOLUTE
    g_osalTickTrim_mod                       0x1fff0a28   Data           0  bb_rom_sym_m0.txt ABSOLUTE
    rtc_mod_value                            0x1fff0a2c   Data           0  bb_rom_sym_m0.txt ABSOLUTE
    g_counter_traking_cnt                    0x1fff0a30   Data           0  bb_rom_sym_m0.txt ABSOLUTE
    sleep_tick                               0x1fff0a34   Data           0  bb_rom_sym_m0.txt ABSOLUTE
    counter_tracking                         0x1fff0a38   Data           0  bb_rom_sym_m0.txt ABSOLUTE
    forever_write                            0x1fff0a3c   Data           0  bb_rom_sym_m0.txt ABSOLUTE
    g_TIM2_wakeup_delay                      0x1fff0a40   Data           0  bb_rom_sym_m0.txt ABSOLUTE
    g_rfPhyTpCal0                            0x1fff0a44   Data           0  bb_rom_sym_m0.txt ABSOLUTE
    g_rfPhyTpCal1                            0x1fff0a45   Data           0  bb_rom_sym_m0.txt ABSOLUTE
    g_rfPhyTpCal0_2Mbps                      0x1fff0a46   Data           0  bb_rom_sym_m0.txt ABSOLUTE
    g_rfPhyTpCal1_2Mbps                      0x1fff0a47   Data           0  bb_rom_sym_m0.txt ABSOLUTE
    g_rfPhyTxPower                           0x1fff0a48   Data           0  bb_rom_sym_m0.txt ABSOLUTE
    g_rfPhyPktFmt                            0x1fff0a49   Data           0  bb_rom_sym_m0.txt ABSOLUTE
    g_system_clk                             0x1fff0a4a   Data           0  bb_rom_sym_m0.txt ABSOLUTE
    g_rfPhyClkSel                            0x1fff0a4b   Data           0  bb_rom_sym_m0.txt ABSOLUTE
    g_rxAdcClkSel                            0x1fff0a4c   Data           0  bb_rom_sym_m0.txt ABSOLUTE
    g_dtmModeType                            0x1fff0a4d   Data           0  bb_rom_sym_m0.txt ABSOLUTE
    g_dtmLength                              0x1fff0a4e   Data           0  bb_rom_sym_m0.txt ABSOLUTE
    g_dtmExtLen                              0x1fff0a4f   Data           0  bb_rom_sym_m0.txt ABSOLUTE
    g_dtmPKT                                 0x1fff0a50   Data           0  bb_rom_sym_m0.txt ABSOLUTE
    g_dtmTxPower                             0x1fff0a51   Data           0  bb_rom_sym_m0.txt ABSOLUTE
    g_dtmRssi                                0x1fff0a52   Data           0  bb_rom_sym_m0.txt ABSOLUTE
    g_dtmCarrSens                            0x1fff0a53   Data           0  bb_rom_sym_m0.txt ABSOLUTE
    g_dtmPktIntv                             0x1fff0a54   Data           0  bb_rom_sym_m0.txt ABSOLUTE
    g_dtmPktCount                            0x1fff0a56   Data           0  bb_rom_sym_m0.txt ABSOLUTE
    g_dtmRxCrcNum                            0x1fff0a58   Data           0  bb_rom_sym_m0.txt ABSOLUTE
    g_dtmRxTONum                             0x1fff0a5a   Data           0  bb_rom_sym_m0.txt ABSOLUTE
    g_dtmRsp                                 0x1fff0a5c   Data           0  bb_rom_sym_m0.txt ABSOLUTE
    g_dtmFoff                                0x1fff0a5e   Data           0  bb_rom_sym_m0.txt ABSOLUTE
    g_rfPhyRxDcIQ                            0x1fff0a60   Data           0  bb_rom_sym_m0.txt ABSOLUTE
    g_dtmTick                                0x1fff0a64   Data           0  bb_rom_sym_m0.txt ABSOLUTE
    g_rfPhyFreqOffSet                        0x1fff0a68   Data           0  bb_rom_sym_m0.txt ABSOLUTE
    g_rfPhyDtmCmd                            0x1fff0a69   Data           0  bb_rom_sym_m0.txt ABSOLUTE
    g_rfPhyDtmEvt                            0x1fff0a6b   Data           0  bb_rom_sym_m0.txt ABSOLUTE
    g_dtmCmd                                 0x1fff0a6d   Data           0  bb_rom_sym_m0.txt ABSOLUTE
    g_dtmFreq                                0x1fff0a6e   Data           0  bb_rom_sym_m0.txt ABSOLUTE
    g_dtmCtrl                                0x1fff0a6f   Data           0  bb_rom_sym_m0.txt ABSOLUTE
    g_dtmPara                                0x1fff0a70   Data           0  bb_rom_sym_m0.txt ABSOLUTE
    g_dtmEvt                                 0x1fff0a71   Data           0  bb_rom_sym_m0.txt ABSOLUTE
    g_dtmStatus                              0x1fff0a72   Data           0  bb_rom_sym_m0.txt ABSOLUTE
    g_dtmTpCalEnable                         0x1fff0a73   Data           0  bb_rom_sym_m0.txt ABSOLUTE
    g_dtmPerAutoIntv                         0x1fff0a74   Data           0  bb_rom_sym_m0.txt ABSOLUTE
    g_dtmAccessCode                          0x1fff0a78   Data           0  bb_rom_sym_m0.txt ABSOLUTE
    g_system_reset_cause                     0x1fff0a80   Data           0  bb_rom_sym_m0.txt ABSOLUTE
    cbTimers                                 0x1fff0afc   Data           0  bb_rom_sym_m0.txt ABSOLUTE
    g_llSleepContext                         0x1fff0b74   Data           0  bb_rom_sym_m0.txt ABSOLUTE
    syncInfo                                 0x1fff0b84   Data           0  bb_rom_sym_m0.txt ABSOLUTE
    scanSyncInfo                             0x1fff0b96   Data           0  bb_rom_sym_m0.txt ABSOLUTE
    adv_param                                0x1fff0ba6   Data           0  bb_rom_sym_m0.txt ABSOLUTE
    scanInfo                                 0x1fff0bbc   Data           0  bb_rom_sym_m0.txt ABSOLUTE
    initInfo                                 0x1fff0bd4   Data           0  bb_rom_sym_m0.txt ABSOLUTE
    extScanInfo                              0x1fff0be8   Data           0  bb_rom_sym_m0.txt ABSOLUTE
    extInitInfo                              0x1fff0c10   Data           0  bb_rom_sym_m0.txt ABSOLUTE
    g_llPeriodAdvSyncInfo                    0x1fff0c50   Data           0  bb_rom_sym_m0.txt ABSOLUTE
    g_ll_conn_ctx                            0x1fff0d30   Data           0  bb_rom_sym_m0.txt ABSOLUTE
    deviceFeatureSet                         0x1fff0e48   Data           0  bb_rom_sym_m0.txt ABSOLUTE
    g_llWhitelist                            0x1fff0e51   Data           0  bb_rom_sym_m0.txt ABSOLUTE
    g_llResolvinglist                        0x1fff0e89   Data           0  bb_rom_sym_m0.txt ABSOLUTE
    g_pmCounters                             0x1fff0ffc   Data           0  bb_rom_sym_m0.txt ABSOLUTE
    g_llPduLen                               0x1fff1084   Data           0  bb_rom_sym_m0.txt ABSOLUTE
    rfCounters                               0x1fff10e0   Data           0  bb_rom_sym_m0.txt ABSOLUTE
    ext_adv_hdr                              0x1fff10ec   Data           0  bb_rom_sym_m0.txt ABSOLUTE
    dataPkt                                  0x1fff1118   Data           0  bb_rom_sym_m0.txt ABSOLUTE
    cachedTRNGdata                           0x1fff1138   Data           0  bb_rom_sym_m0.txt ABSOLUTE
    whiten_seed                              0x1fff1144   Data           0  bb_rom_sym_m0.txt ABSOLUTE
    g_tx_adv_buf                             0x1fff116c   Data           0  bb_rom_sym_m0.txt ABSOLUTE
    g_tx_ext_adv_buf                         0x1fff1278   Data           0  bb_rom_sym_m0.txt ABSOLUTE
    tx_scanRsp_desc                          0x1fff1384   Data           0  bb_rom_sym_m0.txt ABSOLUTE
    g_rx_adv_buf                             0x1fff1490   Data           0  bb_rom_sym_m0.txt ABSOLUTE
    __Vectors                                0x1fff1838   Data           4  startup_armcm0.o(RESET)
    __Vectors_End                            0x1fff18f8   Data           0  startup_armcm0.o(RESET)
    __main                                   0x1fff18f9   Thumb Code     0  entry.o(.ARM.Collect$$$$00000000)
    _main_stk                                0x1fff18f9   Thumb Code     0  entry2.o(.ARM.Collect$$$$00000001)
    _main_scatterload                        0x1fff18fd   Thumb Code     0  entry5.o(.ARM.Collect$$$$00000004)
    __main_after_scatterload                 0x1fff1901   Thumb Code     0  entry5.o(.ARM.Collect$$$$00000004)
    _main_clock                              0x1fff1901   Thumb Code     0  entry7b.o(.ARM.Collect$$$$00000008)
    _main_cpp_init                           0x1fff1901   Thumb Code     0  entry8b.o(.ARM.Collect$$$$0000000A)
    _main_init                               0x1fff1901   Thumb Code     0  entry9a.o(.ARM.Collect$$$$0000000B)
    __rt_final_cpp                           0x1fff1909   Thumb Code     0  entry10a.o(.ARM.Collect$$$$0000000D)
    __rt_final_exit                          0x1fff1909   Thumb Code     0  entry11a.o(.ARM.Collect$$$$0000000F)
    hard_fault                               0x1fff190d   Thumb Code    40  jump_table.o(.emb_text)
    Reset_Handler                            0x1fff193d   Thumb Code     8  startup_armcm0.o(.text)
    SVC_Handler                              0x1fff1949   Thumb Code     2  startup_armcm0.o(.text)
    SysTick_Handler                          0x1fff194d   Thumb Code     2  startup_armcm0.o(.text)
    AACI_IRQHandler                          0x1fff194f   Thumb Code     0  startup_armcm0.o(.text)
    CAN_IRQHandler                           0x1fff194f   Thumb Code     0  startup_armcm0.o(.text)
    CHLCD_IRQHandler                         0x1fff194f   Thumb Code     0  startup_armcm0.o(.text)
    CLCD_IRQHandler                          0x1fff194f   Thumb Code     0  startup_armcm0.o(.text)
    CPU_CLCD_IRQHandler                      0x1fff194f   Thumb Code     0  startup_armcm0.o(.text)
    ENET_IRQHandler                          0x1fff194f   Thumb Code     0  startup_armcm0.o(.text)
    FLEXRAY_IRQHandler                       0x1fff194f   Thumb Code     0  startup_armcm0.o(.text)
    I2C_IRQHandler                           0x1fff194f   Thumb Code     0  startup_armcm0.o(.text)
    LIN_IRQHandler                           0x1fff194f   Thumb Code     0  startup_armcm0.o(.text)
    MCIA_IRQHandler                          0x1fff194f   Thumb Code     0  startup_armcm0.o(.text)
    MCIB_IRQHandler                          0x1fff194f   Thumb Code     0  startup_armcm0.o(.text)
    RTC_IRQHandler                           0x1fff194f   Thumb Code     0  startup_armcm0.o(.text)
    SPI_IRQHandler                           0x1fff194f   Thumb Code     0  startup_armcm0.o(.text)
    TIM0_IRQHandler                          0x1fff194f   Thumb Code     0  startup_armcm0.o(.text)
    TIM2_IRQHandler                          0x1fff194f   Thumb Code     0  startup_armcm0.o(.text)
    UART0_IRQHandler                         0x1fff194f   Thumb Code     0  startup_armcm0.o(.text)
    UART1_IRQHandler                         0x1fff194f   Thumb Code     0  startup_armcm0.o(.text)
    UART2_IRQHandler                         0x1fff194f   Thumb Code     0  startup_armcm0.o(.text)
    UART3_IRQHandler                         0x1fff194f   Thumb Code     0  startup_armcm0.o(.text)
    UART4_IRQHandler                         0x1fff194f   Thumb Code     0  startup_armcm0.o(.text)
    USBDC_IRQHandler                         0x1fff194f   Thumb Code     0  startup_armcm0.o(.text)
    USBHC_IRQHandler                         0x1fff194f   Thumb Code     0  startup_armcm0.o(.text)
    WDT_IRQHandler                           0x1fff194f   Thumb Code     0  startup_armcm0.o(.text)
    __scatterload                            0x1fff1959   Thumb Code    28  init.o(.text)
    __scatterload_rt2                        0x1fff1959   Thumb Code     0  init.o(.text)
    __decompress                             0x1fff197d   Thumb Code     0  __dczerorl2.o(.text)
    __decompress1                            0x1fff197d   Thumb Code    86  __dczerorl2.o(.text)
    Long Thumb to Thumb Veneer to enableSleep 0x1fff19d5   Thumb Code    12  anon$$obj.o(Veneer$$Code)
    Long Thumb to Thumb Veneer to setSleepMode 0x1fff19e1   Thumb Code    12  anon$$obj.o(Veneer$$Code)
    Long Thumb to Thumb Veneer to WaitRTCCount 0x1fff19ed   Thumb Code    12  anon$$obj.o(Veneer$$Code)
    Long Thumb to Thumb Veneer to LL_ENC_AES128_Encrypt 0x1fff19f9   Thumb Code    12  anon$$obj.o(Veneer$$Code)
    Long Thumb to Thumb Veneer to osal_memcpy 0x1fff1a05   Thumb Code    12  anon$$obj.o(Veneer$$Code)
    Long Thumb to Thumb Veneer to read_current_fine_time 0x1fff1a11   Thumb Code    12  anon$$obj.o(Veneer$$Code)
    Long Thumb to Thumb Veneer to osal_start_timerEx 0x1fff1a1d   Thumb Code    12  anon$$obj.o(Veneer$$Code)
    Long Thumb to Thumb Veneer to osal_start_reload_timer 0x1fff1a29   Thumb Code    12  anon$$obj.o(Veneer$$Code)
    Long Thumb to Thumb Veneer to LL_ENC_AES128_Encrypt0 0x1fff1a35   Thumb Code    12  anon$$obj.o(Veneer$$Code)
    Long Thumb to Thumb Veneer to LL_ENC_LoadKey 0x1fff1a41   Thumb Code    12  anon$$obj.o(Veneer$$Code)
    Long Thumb to Thumb Veneer to LL_ENC_GenerateNonce 0x1fff1a4d   Thumb Code    12  anon$$obj.o(Veneer$$Code)
    Long Thumb to Thumb Veneer to __aeabi_uread4 0x1fff1a59   Thumb Code    12  anon$$obj.o(Veneer$$Code)
    Long Thumb to Thumb Veneer to ll_debug_output 0x1fff1a65   Thumb Code    12  anon$$obj.o(Veneer$$Code)
    Long Thumb to Thumb Veneer to ll_hw_get_irq_status 0x1fff1a71   Thumb Code    12  anon$$obj.o(Veneer$$Code)
    Long Thumb to Thumb Veneer to ll_hw_get_tr_mode 0x1fff1a7d   Thumb Code    12  anon$$obj.o(Veneer$$Code)
    Long Thumb to Thumb Veneer to ll_hw_clr_irq 0x1fff1a89   Thumb Code    12  anon$$obj.o(Veneer$$Code)
    Long Thumb to Thumb Veneer to ll_processExtAdvIRQ 0x1fff1a95   Thumb Code    12  anon$$obj.o(Veneer$$Code)
    Long Thumb to Thumb Veneer to ll_processExtScanIRQ 0x1fff1aa1   Thumb Code    12  anon$$obj.o(Veneer$$Code)
    Long Thumb to Thumb Veneer to ll_processExtInitIRQ 0x1fff1aad   Thumb Code    12  anon$$obj.o(Veneer$$Code)
    Long Thumb to Thumb Veneer to ll_processPrdAdvIRQ 0x1fff1ab9   Thumb Code    12  anon$$obj.o(Veneer$$Code)
    Long Thumb to Thumb Veneer to ll_processPrdScanIRQ 0x1fff1ac5   Thumb Code    12  anon$$obj.o(Veneer$$Code)
    Long Thumb to Thumb Veneer to ll_processBasicIRQ 0x1fff1ad1   Thumb Code    12  anon$$obj.o(Veneer$$Code)
    Long Thumb to Thumb Veneer to ll_schedule_next_event 0x1fff1add   Thumb Code    12  anon$$obj.o(Veneer$$Code)
    Long Thumb to Thumb Veneer to llSecAdvAllow 0x1fff1ae9   Thumb Code    12  anon$$obj.o(Veneer$$Code)
    Long Thumb to Thumb Veneer to llSetupSecAdvEvt 0x1fff1af5   Thumb Code    12  anon$$obj.o(Veneer$$Code)
    Long Thumb to Thumb Veneer to ll_hw_set_rx_timeout 0x1fff1b01   Thumb Code    12  anon$$obj.o(Veneer$$Code)
    Long Thumb to Thumb Veneer to llSetupSecScan 0x1fff1b0d   Thumb Code    12  anon$$obj.o(Veneer$$Code)
    Long Thumb to Thumb Veneer to llSetupSecInit 0x1fff1b19   Thumb Code    12  anon$$obj.o(Veneer$$Code)
    Long Thumb to Thumb Veneer to LL_SetDataLengh0 0x1fff1b25   Thumb Code    12  anon$$obj.o(Veneer$$Code)
    Long Thumb to Thumb Veneer to efuse_read 0x1fff1b31   Thumb Code    12  anon$$obj.o(Veneer$$Code)
    Long Thumb to Thumb Veneer to log_printf 0x1fff1b3d   Thumb Code    12  anon$$obj.o(Veneer$$Code)
    Long Thumb to Thumb Veneer to osal_init_system 0x1fff1b49   Thumb Code    12  anon$$obj.o(Veneer$$Code)
    Long Thumb to Thumb Veneer to osal_pwrmgr_device 0x1fff1b55   Thumb Code    12  anon$$obj.o(Veneer$$Code)
    Long Thumb to Thumb Veneer to osal_start_system 0x1fff1b61   Thumb Code    12  anon$$obj.o(Veneer$$Code)
    Long Thumb to Thumb Veneer to osal_mem_set_heap 0x1fff1b6d   Thumb Code    12  anon$$obj.o(Veneer$$Code)
    Long Thumb to Thumb Veneer to LL_InitConnectContext 0x1fff1b79   Thumb Code    12  anon$$obj.o(Veneer$$Code)
    Long Thumb to Thumb Veneer to __aeabi_memclr4 0x1fff1b85   Thumb Code    12  anon$$obj.o(Veneer$$Code)
    Long Thumb to Thumb Veneer to osal_memcmp 0x1fff1b91   Thumb Code    12  anon$$obj.o(Veneer$$Code)
    Long Thumb to Thumb Veneer to drv_disable_irq 0x1fff1b9d   Thumb Code    12  anon$$obj.o(Veneer$$Code)
    Long Thumb to Thumb Veneer to drv_enable_irq 0x1fff1ba9   Thumb Code    12  anon$$obj.o(Veneer$$Code)
    Long Thumb to Thumb Veneer to clk_init   0x1fff1bb5   Thumb Code    12  anon$$obj.o(Veneer$$Code)
    Long Thumb to Thumb Veneer to __aeabi_memcpy4 0x1fff1bc1   Thumb Code    12  anon$$obj.o(Veneer$$Code)
    Long Thumb to Thumb Veneer to disableSleep 0x1fff1bcd   Thumb Code    12  anon$$obj.o(Veneer$$Code)
    Long Thumb to Thumb Veneer to spif_config 0x1fff1bd9   Thumb Code    12  anon$$obj.o(Veneer$$Code)
    Long Thumb to Thumb Veneer to getMcuPrecisionCount 0x1fff1be5   Thumb Code    12  anon$$obj.o(Veneer$$Code)
    Long Thumb to Thumb Veneer to osal_stop_timerEx 0x1fff1bf1   Thumb Code    12  anon$$obj.o(Veneer$$Code)
    Long Thumb to Thumb Veneer to llProcessTxData0 0x1fff1bfd   Thumb Code    12  anon$$obj.o(Veneer$$Code)
    Long Thumb to Thumb Veneer to ll_hw_write_tfifo 0x1fff1c09   Thumb Code    12  anon$$obj.o(Veneer$$Code)
    Long Thumb to Thumb Veneer to ll_hw_get_tfifo_wrptr 0x1fff1c15   Thumb Code    12  anon$$obj.o(Veneer$$Code)
    Long Thumb to Thumb Veneer to getTxBufferSize 0x1fff1c21   Thumb Code    12  anon$$obj.o(Veneer$$Code)
    Long Thumb to Thumb Veneer to get_tx_read_ptr 0x1fff1c2d   Thumb Code    12  anon$$obj.o(Veneer$$Code)
    Long Thumb to Thumb Veneer to update_tx_read_ptr 0x1fff1c39   Thumb Code    12  anon$$obj.o(Veneer$$Code)
    Long Thumb to Thumb Veneer to llEnqueueCtrlPkt 0x1fff1c45   Thumb Code    12  anon$$obj.o(Veneer$$Code)
    Long Thumb to Thumb Veneer to set_max_length 0x1fff1c51   Thumb Code    12  anon$$obj.o(Veneer$$Code)
    Long Thumb to Thumb Veneer to drv_irq_init 0x1fff1c5d   Thumb Code    12  anon$$obj.o(Veneer$$Code)
    Long Thumb to Thumb Veneer to __aeabi_uidivmod 0x1fff1c69   Thumb Code    12  anon$$obj.o(Veneer$$Code)
    Long Thumb to Thumb Veneer to osal_mem_alloc 0x1fff1c75   Thumb Code    12  anon$$obj.o(Veneer$$Code)
    Long Thumb to Thumb Veneer to osal_memset 0x1fff1c81   Thumb Code    12  anon$$obj.o(Veneer$$Code)
    Long Thumb to Thumb Veneer to LL_Init    0x1fff1c8d   Thumb Code    12  anon$$obj.o(Veneer$$Code)
    Long Thumb to Thumb Veneer to ll_hw_set_crc_fmt 0x1fff1c99   Thumb Code    12  anon$$obj.o(Veneer$$Code)
    Long Thumb to Thumb Veneer to ll_hw_tx2rx_timing_config 0x1fff1ca5   Thumb Code    12  anon$$obj.o(Veneer$$Code)
    Long Thumb to Thumb Veneer to __ARM_common_switch8 0x1fff1cb1   Thumb Code    12  anon$$obj.o(Veneer$$Code)
    Long Thumb to Thumb Veneer to __aeabi_memcpy 0x1fff1cbd   Thumb Code    12  anon$$obj.o(Veneer$$Code)
    Long Thumb to Thumb Veneer to clk_get_pclk 0x1fff1cc9   Thumb Code    12  anon$$obj.o(Veneer$$Code)
    Long Thumb to Thumb Veneer to rtc_get_counter 0x1fff1cd5   Thumb Code    12  anon$$obj.o(Veneer$$Code)
    Long Thumb to Thumb Veneer to set_timer  0x1fff1ce1   Thumb Code    12  anon$$obj.o(Veneer$$Code)
    Long Thumb to Thumb Veneer to ll_hw_set_empty_head 0x1fff1ced   Thumb Code    12  anon$$obj.o(Veneer$$Code)
    Long Thumb to Thumb Veneer to ll_hw_set_rx_timeout_1st 0x1fff1cf9   Thumb Code    12  anon$$obj.o(Veneer$$Code)
    Long Thumb to Thumb Veneer to ll_hw_set_loop_timeout 0x1fff1d05   Thumb Code    12  anon$$obj.o(Veneer$$Code)
    Long Thumb to Thumb Veneer to ll_hw_set_timing 0x1fff1d11   Thumb Code    12  anon$$obj.o(Veneer$$Code)
    Long Thumb to Thumb Veneer to ll_hw_ign_rfifo 0x1fff1d1d   Thumb Code    12  anon$$obj.o(Veneer$$Code)
    hal_UART0_IRQHandler                     0x1fff1d29   Thumb Code    78  uart.o(_section_sram_code_)
    init_config                              0x1fff1d7d   Thumb Code   542  patch.o(_section_xip_code_)
    TRNG_INIT                                0x1fff1fe3   Thumb Code    34  patch.o(_section_xip_code_)
    TRNG_Rand                                0x1fff2005   Thumb Code   152  patch.o(_section_xip_code_)
    Key_Demo_Init                            0x1fff2131   Thumb Code   228  gpio_demo.o(i.Key_Demo_Init)
    Key_ProcessEvent                         0x1fff2265   Thumb Code   198  gpio_demo.o(i.Key_ProcessEvent)
    LL_ENC_AES128_Encrypt1                   0x1fff2361   Thumb Code    26  patch.o(i.LL_ENC_AES128_Encrypt1)
    LL_ENC_Decrypt1                          0x1fff237d   Thumb Code   364  patch.o(i.LL_ENC_Decrypt1)
    LL_ENC_Encrypt1                          0x1fff24f5   Thumb Code   342  patch.o(i.LL_ENC_Encrypt1)
    LL_IRQHandler1                           0x1fff2655   Thumb Code   298  patch.o(i.LL_IRQHandler1)
    LL_SetDataLengh1                         0x1fff27a1   Thumb Code    40  patch.o(i.LL_SetDataLengh1)
    SystemInit                               0x1fff2801   Thumb Code     8  system_armcm0.o(i.SystemInit)
    __scatterload_copy                       0x1fff2a81   Thumb Code    14  handlers.o(i.__scatterload_copy)
    __scatterload_null                       0x1fff2a8f   Thumb Code     2  handlers.o(i.__scatterload_null)
    __scatterload_zeroinit                   0x1fff2a91   Thumb Code    14  handlers.o(i.__scatterload_zeroinit)
    _efuse_chip_version_check                0x1fff2aa1   Thumb Code    26  phy_sec_ext.o(i._efuse_chip_version_check)
    _hard_fault                              0x1fff2ac1   Thumb Code   174  jump_table.o(i._hard_fault)
    _rom_sec_boot_init                       0x1fff2cb1   Thumb Code    18  phy_sec_ext.o(i._rom_sec_boot_init)
    app_main                                 0x1fff2cf9   Thumb Code    20  gpio_main.o(i.app_main)
    dbg_printf                               0x1fff2f31   Thumb Code    30  my_printf.o(i.dbg_printf)
    dbg_printf_init                          0x1fff2f55   Thumb Code    30  my_printf.o(i.dbg_printf_init)
    finidv                                   0x1fff2fa9   Thumb Code   126  phy_sec_ext.o(i.finidv)
    gpio_key_timer_handler                   0x1fff3035   Thumb Code    46  key.o(i.gpio_key_timer_handler)
    hal_ADC_IRQHandler                       0x1fff3069   Thumb Code   248  adc.o(i.hal_ADC_IRQHandler)
    hal_GPIO_IRQHandler                      0x1fff3171   Thumb Code    24  gpio.o(i.hal_GPIO_IRQHandler)
    hal_UART1_IRQHandler                     0x1fff318d   Thumb Code    78  uart.o(i.hal_UART1_IRQHandler)
    hal_adc_stop                             0x1fff31e1   Thumb Code   182  adc.o(i.hal_adc_stop)
    hal_clk_gate_disable                     0x1fff334d   Thumb Code    80  clock.o(i.hal_clk_gate_disable)
    hal_clk_gate_enable                      0x1fff339d   Thumb Code    80  clock.o(i.hal_clk_gate_enable)
    hal_clk_reset                            0x1fff33ed   Thumb Code   216  clock.o(i.hal_clk_reset)
    hal_flash_read                           0x1fff34c5   Thumb Code   108  flash.o(i.hal_flash_read)
    hal_gpio_cfg_analog_io                   0x1fff3535   Thumb Code    68  gpio.o(i.hal_gpio_cfg_analog_io)
    hal_gpio_fmux                            0x1fff357d   Thumb Code    36  gpio.o(i.hal_gpio_fmux)
    hal_gpio_fmux_set                        0x1fff35a5   Thumb Code    98  gpio.o(i.hal_gpio_fmux_set)
    hal_gpio_init                            0x1fff360d   Thumb Code    72  gpio.o(i.hal_gpio_init)
    hal_gpio_pin2pin3_control                0x1fff370d   Thumb Code    42  gpio.o(i.hal_gpio_pin2pin3_control)
    hal_gpio_pin_init                        0x1fff373d   Thumb Code    98  gpio.o(i.hal_gpio_pin_init)
    hal_gpio_pull_set                        0x1fff37a9   Thumb Code   104  gpio.o(i.hal_gpio_pull_set)
    hal_gpio_read                            0x1fff3819   Thumb Code    38  gpio.o(i.hal_gpio_read)
    hal_gpio_wakeup_set                      0x1fff3a19   Thumb Code   152  gpio.o(i.hal_gpio_wakeup_set)
    hal_gpio_write                           0x1fff3ac1   Thumb Code    50  gpio.o(i.hal_gpio_write)
    hal_gpioin_disable                       0x1fff3af9   Thumb Code    42  gpio.o(i.hal_gpioin_disable)
    hal_gpioin_enable                        0x1fff3b29   Thumb Code   150  gpio.o(i.hal_gpioin_enable)
    hal_gpioin_register                      0x1fff3ca9   Thumb Code    62  gpio.o(i.hal_gpioin_register)
    hal_gpioretention_register               0x1fff3d29   Thumb Code    32  gpio.o(i.hal_gpioretention_register)
    hal_pwrmgr_LowCurrentLdo_enable          0x1fff3e09   Thumb Code    40  pwrmgr.o(i.hal_pwrmgr_LowCurrentLdo_enable)
    hal_pwrmgr_RAM_retention                 0x1fff3e39   Thumb Code    28  pwrmgr.o(i.hal_pwrmgr_RAM_retention)
    hal_pwrmgr_RAM_retention_set             0x1fff3e59   Thumb Code    26  pwrmgr.o(i.hal_pwrmgr_RAM_retention_set)
    hal_pwrmgr_init                          0x1fff3e7d   Thumb Code    48  pwrmgr.o(i.hal_pwrmgr_init)
    hal_pwrmgr_lock                          0x1fff3eb5   Thumb Code   100  pwrmgr.o(i.hal_pwrmgr_lock)
    hal_pwrmgr_register                      0x1fff3f21   Thumb Code    80  pwrmgr.o(i.hal_pwrmgr_register)
    hal_pwrmgr_sleep_process                 0x1fff3f75   Thumb Code    62  pwrmgr.o(i.hal_pwrmgr_sleep_process)
    hal_pwrmgr_unlock                        0x1fff3fb9   Thumb Code   122  pwrmgr.o(i.hal_pwrmgr_unlock)
    hal_pwrmgr_wakeup_process                0x1fff403d   Thumb Code   130  pwrmgr.o(i.hal_pwrmgr_wakeup_process)
    hal_rom_boot_init                        0x1fff4145   Thumb Code     8  patch.o(i.hal_rom_boot_init)
    hal_rtc_clock_config                     0x1fff414d   Thumb Code   156  clock.o(i.hal_rtc_clock_config)
    hal_spif_cache_init                      0x1fff41f5   Thumb Code    34  flash.o(i.hal_spif_cache_init)
    hal_uart_init                            0x1fff4221   Thumb Code   102  uart.o(i.hal_uart_init)
    hal_uart_send_buff                       0x1fff4295   Thumb Code    44  uart.o(i.hal_uart_send_buff)
    key_init                                 0x1fff44c9   Thumb Code    96  key.o(i.key_init)
    l2capPocessFragmentTxData                0x1fff4801   Thumb Code     2  patch.o(i.l2capPocessFragmentTxData)
    llProcessTxData1                         0x1fff4803   Thumb Code    12  patch.o(i.llProcessTxData1)
    ll_generateTxBuffer1                     0x1fff4811   Thumb Code   410  patch.o(i.ll_generateTxBuffer1)
    ll_hw_go1                                0x1fff49bd   Thumb Code   384  patch.o(i.ll_hw_go1)
    ll_processBasicIRQ_SRX                   0x1fff4ba5   Thumb Code    20  patch.o(i.ll_processBasicIRQ_SRX)
    ll_processBasicIRQ_secondaryAdvTRX       0x1fff4bbd   Thumb Code    20  patch.o(i.ll_processBasicIRQ_secondaryAdvTRX)
    main                                     0x1fff4f15   Thumb Code   102  main.o(i.main)
    negedge_callback_wakeup                  0x1fff5015   Thumb Code    34  gpio_demo.o(i.negedge_callback_wakeup)
    osalInitTasks                            0x1fff5231   Thumb Code    42  osal_gpio.o(i.osalInitTasks)
    posedge_callback_wakeup                  0x1fff52d5   Thumb Code    30  gpio_demo.o(i.posedge_callback_wakeup)
    rc32k_calibration                        0x1fff531d   Thumb Code    98  rf_phy_driver.o(i.rc32k_calibration)
    rf_calibrate1                            0x1fff5385   Thumb Code    30  rf_phy_driver.o(i.rf_calibrate1)
    rf_phy_ana_cfg                           0x1fff53ad   Thumb Code   228  rf_phy_driver.o(i.rf_phy_ana_cfg)
    rf_phy_bb_cfg                            0x1fff54c5   Thumb Code   300  rf_phy_driver.o(i.rf_phy_bb_cfg)
    rf_phy_change_cfg0                       0x1fff5665   Thumb Code   118  rf_phy_driver.o(i.rf_phy_change_cfg0)
    rf_phy_ini                               0x1fff56f9   Thumb Code    42  rf_phy_driver.o(i.rf_phy_ini)
    rf_phy_set_txPower                       0x1fff5735   Thumb Code   108  rf_phy_driver.o(i.rf_phy_set_txPower)
    rf_rxDcoc_cfg                            0x1fff57a9   Thumb Code   236  rf_phy_driver.o(i.rf_rxDcoc_cfg)
    rf_tpCal_gen_cap_arrary                  0x1fff58c9   Thumb Code    60  rf_phy_driver.o(i.rf_tpCal_gen_cap_arrary)
    rf_tp_cal                                0x1fff5915   Thumb Code   232  rf_phy_driver.o(i.rf_tp_cal)
    uart_port_reconfig                       0x1fff5dbd   Thumb Code    68  gpio_demo.o(i.uart_port_reconfig)
    wakeup_init1                             0x1fff5e2d   Thumb Code   196  patch.o(i.wakeup_init1)
    tasksArr                                 0x1fff5f50   Data           8  osal_gpio.o(.constdata)
    tasksCnt                                 0x1fff5f58   Data           1  osal_gpio.o(.constdata)
    c_gpio_index                             0x1fff5f59   Data          23  gpio.o(.constdata)
    c_gpio_pull                              0x1fff5f70   Data          69  gpio.o(.constdata)
    retention_reg                            0x1fff5fb5   Data          46  gpio.o(.constdata)
    Region$$Table$$Base                      0x1fff60b8   Number         0  anon$$obj.o(Region$$Table)
    Region$$Table$$Limit                     0x1fff60e8   Number         0  anon$$obj.o(Region$$Table)
    g_clk32K_config                          0x1fff60e8   Data           1  main.o(.data)
    g_spif_clk_config                        0x1fff60e9   Data           1  main.o(.data)
    trap_c_callback                          0x1fff60ec   Data           4  jump_table.o(.data)
    measureResult                            0x1fff60f4   Data           8  gpio_demo.o(.data)
    gpiodemo                                 0x1fff6108   Data          36  gpio_demo.o(.data)
    tasksEvents                              0x1fff6130   Data           4  osal_gpio.o(.data)
    s_config_swClk1                          0x1fff6148   Data           4  pwrmgr.o(.data)
    s_gpio_wakeup_src_group1                 0x1fff614c   Data           4  pwrmgr.o(.data)
    s_gpio_wakeup_src_group2                 0x1fff6150   Data           4  pwrmgr.o(.data)
    s_pinmap                                 0x1fff615a   Data           9  adc.o(.data)
    g_chipMAddr                              0x1fff616c   Data           7  flash.o(.data)
    SystemCoreClock                          0x1fff6174   Data           4  system_armcm0.o(.data)
    CreateConn_Flag                          0x1fff6178   Data           1  patch.o(.data)
    pGlobal_config                           0x1fff617c   Data           4  patch.o(.data)
    g_xtal16M_tmp                            0x1fff6180   Data           4  patch.o(.data)
    g_xtal96M_temp                           0x1fff6184   Data           4  patch.o(.data)
    DLL_enable_num                           0x1fff6188   Data           4  patch.o(.data)
    tracking_cnt                             0x1fff618c   Data           4  patch.o(.data)
    g_dtmManualConfig                        0x1fff6190   Data           1  rf_phy_driver.o(.data)
    g_rc32kCalRes                            0x1fff6191   Data           1  rf_phy_driver.o(.data)
    s_company_id                             0x1fff6198   Data           4  phy_sec_ext.o(.data)
    g_ota_sec_key_valid                      0x1fff619c   Data           1  phy_sec_ext.o(.data)
    s_pwroff_cfg                             0x1fff619e   Data          12  pwrmgr.o(_section_standby_code_)
    pwroff_register_number                   0x1fff61aa   Data           1  pwrmgr.o(_section_standby_code_)
    g_pConnectionBuffer                      0x1fff61ac   Data        3484  main.o(.bss)
    pConnContext                             0x1fff6f48   Data         644  main.o(.bss)
    g_largeHeap                              0x1fff71cc   Data        4096  main.o(.bss)
    key_state                                0x1fff83d8   Data          20  key.o(.bss)
    g_ota_sec_key                            0x1fff840c   Data          16  phy_sec_ext.o(.bss)
    __initial_sp                             0x1fff8820   Data           0  startup_armcm0.o(STACK)



==============================================================================

Memory Map of the image

  Image Entry point : 0x1fff18f9

  Load Region LR_IROM1 (Base: 0x1fff1838, Size: 0x00004974, Max: 0x0000e7c8, ABSOLUTE)

    Execution Region ER_IROM1 (Exec base: 0x1fff1838, Load base: 0x1fff1838, Size: 0x00006fe8, Max: 0x0000e7c8, ABSOLUTE)

    Exec Addr    Load Addr    Size         Type   Attr      Idx    E Section Name        Object

    0x1fff1838   0x1fff1838   0x000000c0   Data   RO         1299    RESET               startup_armcm0.o
    0x1fff18f8   0x1fff18f8   0x00000000   Code   RO         1585  * .ARM.Collect$$$$00000000  mc_p.l(entry.o)
    0x1fff18f8   0x1fff18f8   0x00000004   Code   RO         1608    .ARM.Collect$$$$00000001  mc_p.l(entry2.o)
    0x1fff18fc   0x1fff18fc   0x00000004   Code   RO         1611    .ARM.Collect$$$$00000004  mc_p.l(entry5.o)
    0x1fff1900   0x1fff1900   0x00000000   Code   RO         1613    .ARM.Collect$$$$00000008  mc_p.l(entry7b.o)
    0x1fff1900   0x1fff1900   0x00000000   Code   RO         1615    .ARM.Collect$$$$0000000A  mc_p.l(entry8b.o)
    0x1fff1900   0x1fff1900   0x00000008   Code   RO         1616    .ARM.Collect$$$$0000000B  mc_p.l(entry9a.o)
    0x1fff1908   0x1fff1908   0x00000000   Code   RO         1618    .ARM.Collect$$$$0000000D  mc_p.l(entry10a.o)
    0x1fff1908   0x1fff1908   0x00000000   Code   RO         1620    .ARM.Collect$$$$0000000F  mc_p.l(entry11a.o)
    0x1fff1908   0x1fff1908   0x00000004   Code   RO         1609    .ARM.Collect$$$$00002712  mc_p.l(entry2.o)
    0x1fff190c   0x1fff190c   0x00000030   Code   RO          179    .emb_text           jump_table.o
    0x1fff193c   0x1fff193c   0x0000001c   Code   RO         1300    .text               startup_armcm0.o
    0x1fff1958   0x1fff1958   0x00000024   Code   RO         1629    .text               mc_p.l(init.o)
    0x1fff197c   0x1fff197c   0x00000056   Code   RO         1642    .text               mc_p.l(__dczerorl2.o)
    0x1fff19d2   0x1fff19d2   0x00000002   PAD
    0x1fff19d4   0x1fff19d4   0x0000000c   Ven    RO         1644    Veneer$$Code        anon$$obj.o
    0x1fff19e0   0x1fff19e0   0x0000000c   Ven    RO         1645    Veneer$$Code        anon$$obj.o
    0x1fff19ec   0x1fff19ec   0x0000000c   Ven    RO         1646    Veneer$$Code        anon$$obj.o
    0x1fff19f8   0x1fff19f8   0x0000000c   Ven    RO         1647    Veneer$$Code        anon$$obj.o
    0x1fff1a04   0x1fff1a04   0x0000000c   Ven    RO         1648    Veneer$$Code        anon$$obj.o
    0x1fff1a10   0x1fff1a10   0x0000000c   Ven    RO         1649    Veneer$$Code        anon$$obj.o
    0x1fff1a1c   0x1fff1a1c   0x0000000c   Ven    RO         1650    Veneer$$Code        anon$$obj.o
    0x1fff1a28   0x1fff1a28   0x0000000c   Ven    RO         1651    Veneer$$Code        anon$$obj.o
    0x1fff1a34   0x1fff1a34   0x0000000c   Ven    RO         1652    Veneer$$Code        anon$$obj.o
    0x1fff1a40   0x1fff1a40   0x0000000c   Ven    RO         1653    Veneer$$Code        anon$$obj.o
    0x1fff1a4c   0x1fff1a4c   0x0000000c   Ven    RO         1654    Veneer$$Code        anon$$obj.o
    0x1fff1a58   0x1fff1a58   0x0000000c   Ven    RO         1655    Veneer$$Code        anon$$obj.o
    0x1fff1a64   0x1fff1a64   0x0000000c   Ven    RO         1656    Veneer$$Code        anon$$obj.o
    0x1fff1a70   0x1fff1a70   0x0000000c   Ven    RO         1657    Veneer$$Code        anon$$obj.o
    0x1fff1a7c   0x1fff1a7c   0x0000000c   Ven    RO         1658    Veneer$$Code        anon$$obj.o
    0x1fff1a88   0x1fff1a88   0x0000000c   Ven    RO         1659    Veneer$$Code        anon$$obj.o
    0x1fff1a94   0x1fff1a94   0x0000000c   Ven    RO         1660    Veneer$$Code        anon$$obj.o
    0x1fff1aa0   0x1fff1aa0   0x0000000c   Ven    RO         1661    Veneer$$Code        anon$$obj.o
    0x1fff1aac   0x1fff1aac   0x0000000c   Ven    RO         1662    Veneer$$Code        anon$$obj.o
    0x1fff1ab8   0x1fff1ab8   0x0000000c   Ven    RO         1663    Veneer$$Code        anon$$obj.o
    0x1fff1ac4   0x1fff1ac4   0x0000000c   Ven    RO         1664    Veneer$$Code        anon$$obj.o
    0x1fff1ad0   0x1fff1ad0   0x0000000c   Ven    RO         1665    Veneer$$Code        anon$$obj.o
    0x1fff1adc   0x1fff1adc   0x0000000c   Ven    RO         1666    Veneer$$Code        anon$$obj.o
    0x1fff1ae8   0x1fff1ae8   0x0000000c   Ven    RO         1667    Veneer$$Code        anon$$obj.o
    0x1fff1af4   0x1fff1af4   0x0000000c   Ven    RO         1668    Veneer$$Code        anon$$obj.o
    0x1fff1b00   0x1fff1b00   0x0000000c   Ven    RO         1669    Veneer$$Code        anon$$obj.o
    0x1fff1b0c   0x1fff1b0c   0x0000000c   Ven    RO         1670    Veneer$$Code        anon$$obj.o
    0x1fff1b18   0x1fff1b18   0x0000000c   Ven    RO         1671    Veneer$$Code        anon$$obj.o
    0x1fff1b24   0x1fff1b24   0x0000000c   Ven    RO         1672    Veneer$$Code        anon$$obj.o
    0x1fff1b30   0x1fff1b30   0x0000000c   Ven    RO         1673    Veneer$$Code        anon$$obj.o
    0x1fff1b3c   0x1fff1b3c   0x0000000c   Ven    RO         1674    Veneer$$Code        anon$$obj.o
    0x1fff1b48   0x1fff1b48   0x0000000c   Ven    RO         1675    Veneer$$Code        anon$$obj.o
    0x1fff1b54   0x1fff1b54   0x0000000c   Ven    RO         1676    Veneer$$Code        anon$$obj.o
    0x1fff1b60   0x1fff1b60   0x0000000c   Ven    RO         1677    Veneer$$Code        anon$$obj.o
    0x1fff1b6c   0x1fff1b6c   0x0000000c   Ven    RO         1678    Veneer$$Code        anon$$obj.o
    0x1fff1b78   0x1fff1b78   0x0000000c   Ven    RO         1679    Veneer$$Code        anon$$obj.o
    0x1fff1b84   0x1fff1b84   0x0000000c   Ven    RO         1680    Veneer$$Code        anon$$obj.o
    0x1fff1b90   0x1fff1b90   0x0000000c   Ven    RO         1681    Veneer$$Code        anon$$obj.o
    0x1fff1b9c   0x1fff1b9c   0x0000000c   Ven    RO         1682    Veneer$$Code        anon$$obj.o
    0x1fff1ba8   0x1fff1ba8   0x0000000c   Ven    RO         1683    Veneer$$Code        anon$$obj.o
    0x1fff1bb4   0x1fff1bb4   0x0000000c   Ven    RO         1684    Veneer$$Code        anon$$obj.o
    0x1fff1bc0   0x1fff1bc0   0x0000000c   Ven    RO         1685    Veneer$$Code        anon$$obj.o
    0x1fff1bcc   0x1fff1bcc   0x0000000c   Ven    RO         1686    Veneer$$Code        anon$$obj.o
    0x1fff1bd8   0x1fff1bd8   0x0000000c   Ven    RO         1687    Veneer$$Code        anon$$obj.o
    0x1fff1be4   0x1fff1be4   0x0000000c   Ven    RO         1688    Veneer$$Code        anon$$obj.o
    0x1fff1bf0   0x1fff1bf0   0x0000000c   Ven    RO         1689    Veneer$$Code        anon$$obj.o
    0x1fff1bfc   0x1fff1bfc   0x0000000c   Ven    RO         1690    Veneer$$Code        anon$$obj.o
    0x1fff1c08   0x1fff1c08   0x0000000c   Ven    RO         1691    Veneer$$Code        anon$$obj.o
    0x1fff1c14   0x1fff1c14   0x0000000c   Ven    RO         1692    Veneer$$Code        anon$$obj.o
    0x1fff1c20   0x1fff1c20   0x0000000c   Ven    RO         1693    Veneer$$Code        anon$$obj.o
    0x1fff1c2c   0x1fff1c2c   0x0000000c   Ven    RO         1694    Veneer$$Code        anon$$obj.o
    0x1fff1c38   0x1fff1c38   0x0000000c   Ven    RO         1695    Veneer$$Code        anon$$obj.o
    0x1fff1c44   0x1fff1c44   0x0000000c   Ven    RO         1696    Veneer$$Code        anon$$obj.o
    0x1fff1c50   0x1fff1c50   0x0000000c   Ven    RO         1697    Veneer$$Code        anon$$obj.o
    0x1fff1c5c   0x1fff1c5c   0x0000000c   Ven    RO         1698    Veneer$$Code        anon$$obj.o
    0x1fff1c68   0x1fff1c68   0x0000000c   Ven    RO         1699    Veneer$$Code        anon$$obj.o
    0x1fff1c74   0x1fff1c74   0x0000000c   Ven    RO         1700    Veneer$$Code        anon$$obj.o
    0x1fff1c80   0x1fff1c80   0x0000000c   Ven    RO         1701    Veneer$$Code        anon$$obj.o
    0x1fff1c8c   0x1fff1c8c   0x0000000c   Ven    RO         1702    Veneer$$Code        anon$$obj.o
    0x1fff1c98   0x1fff1c98   0x0000000c   Ven    RO         1703    Veneer$$Code        anon$$obj.o
    0x1fff1ca4   0x1fff1ca4   0x0000000c   Ven    RO         1704    Veneer$$Code        anon$$obj.o
    0x1fff1cb0   0x1fff1cb0   0x0000000c   Ven    RO         1705    Veneer$$Code        anon$$obj.o
    0x1fff1cbc   0x1fff1cbc   0x0000000c   Ven    RO         1706    Veneer$$Code        anon$$obj.o
    0x1fff1cc8   0x1fff1cc8   0x0000000c   Ven    RO         1707    Veneer$$Code        anon$$obj.o
    0x1fff1cd4   0x1fff1cd4   0x0000000c   Ven    RO         1708    Veneer$$Code        anon$$obj.o
    0x1fff1ce0   0x1fff1ce0   0x0000000c   Ven    RO         1709    Veneer$$Code        anon$$obj.o
    0x1fff1cec   0x1fff1cec   0x0000000c   Ven    RO         1710    Veneer$$Code        anon$$obj.o
    0x1fff1cf8   0x1fff1cf8   0x0000000c   Ven    RO         1711    Veneer$$Code        anon$$obj.o
    0x1fff1d04   0x1fff1d04   0x0000000c   Ven    RO         1712    Veneer$$Code        anon$$obj.o
    0x1fff1d10   0x1fff1d10   0x0000000c   Ven    RO         1713    Veneer$$Code        anon$$obj.o
    0x1fff1d1c   0x1fff1d1c   0x0000000c   Ven    RO         1714    Veneer$$Code        anon$$obj.o
    0x1fff1d28   0x1fff1d28   0x00000054   Code   RO          646    _section_sram_code_  uart.o
    0x1fff1d7c   0x1fff1d7c   0x000003b4   Code   RO         1344    _section_xip_code_  rf.lib(patch.o)
    0x1fff2130   0x1fff2130   0x00000134   Code   RO          221    i.Key_Demo_Init     gpio_demo.o
    0x1fff2264   0x1fff2264   0x000000fc   Code   RO          222    i.Key_ProcessEvent  gpio_demo.o
    0x1fff2360   0x1fff2360   0x0000001a   Code   RO         1351    i.LL_ENC_AES128_Encrypt1  rf.lib(patch.o)
    0x1fff237a   0x1fff237a   0x00000002   PAD
    0x1fff237c   0x1fff237c   0x00000178   Code   RO         1352    i.LL_ENC_Decrypt1   rf.lib(patch.o)
    0x1fff24f4   0x1fff24f4   0x00000160   Code   RO         1353    i.LL_ENC_Encrypt1   rf.lib(patch.o)
    0x1fff2654   0x1fff2654   0x0000014c   Code   RO         1356    i.LL_IRQHandler1    rf.lib(patch.o)
    0x1fff27a0   0x1fff27a0   0x00000030   Code   RO         1363    i.LL_SetDataLengh1  rf.lib(patch.o)
    0x1fff27d0   0x1fff27d0   0x00000018   Code   RO         1368    i.NVIC_EnableIRQ    rf.lib(patch.o)
    0x1fff27e8   0x1fff27e8   0x0000000c   Code   RO          223    i.P16_wakeup_handler  gpio_demo.o
    0x1fff27f4   0x1fff27f4   0x0000000c   Code   RO          224    i.P17_wakeup_handler  gpio_demo.o
    0x1fff2800   0x1fff2800   0x00000010   Code   RO         1307    i.SystemInit        system_armcm0.o
    0x1fff2810   0x1fff2810   0x00000018   Code   RO          376    i.__NVIC_EnableIRQ  gpio.o
    0x1fff2828   0x1fff2828   0x00000078   Code   RO            3    i.__NVIC_SetPriority  main.o
    0x1fff28a0   0x1fff28a0   0x00000078   Code   RO          377    i.__NVIC_SetPriority  gpio.o
    0x1fff2918   0x1fff2918   0x00000078   Code   RO          647    i.__NVIC_SetPriority  uart.o
    0x1fff2990   0x1fff2990   0x00000078   Code   RO          793    i.__NVIC_SetPriority  pwrmgr.o
    0x1fff2a08   0x1fff2a08   0x00000078   Code   RO         1184    i.__NVIC_SetPriority  flash.o
    0x1fff2a80   0x1fff2a80   0x0000000e   Code   RO         1636    i.__scatterload_copy  mc_p.l(handlers.o)
    0x1fff2a8e   0x1fff2a8e   0x00000002   Code   RO         1637    i.__scatterload_null  mc_p.l(handlers.o)
    0x1fff2a90   0x1fff2a90   0x0000000e   Code   RO         1638    i.__scatterload_zeroinit  mc_p.l(handlers.o)
    0x1fff2a9e   0x1fff2a9e   0x00000002   PAD
    0x1fff2aa0   0x1fff2aa0   0x00000020   Code   RO         1530    i._efuse_chip_version_check  rf.lib(phy_sec_ext.o)
    0x1fff2ac0   0x1fff2ac0   0x000001f0   Code   RO          180    i._hard_fault       jump_table.o
    0x1fff2cb0   0x1fff2cb0   0x00000018   Code   RO         1531    i._rom_sec_boot_init  rf.lib(phy_sec_ext.o)
    0x1fff2cc8   0x1fff2cc8   0x0000001e   Code   RO          582    i._strnlen          my_printf.o
    0x1fff2ce6   0x1fff2ce6   0x00000012   Code   RO          583    i._uart_putc        my_printf.o
    0x1fff2cf8   0x1fff2cf8   0x00000014   Code   RO          325    i.app_main          gpio_main.o
    0x1fff2d0c   0x1fff2d0c   0x00000030   Code   RO            4    i.ble_mem_init_config  main.o
    0x1fff2d3c   0x1fff2d3c   0x000000d4   Code   RO         1369    i.check_16MXtal_by_rcTracking  rf.lib(patch.o)
    0x1fff2e10   0x1fff2e10   0x00000110   Code   RO         1370    i.check_96MXtal_by_rcTracking  rf.lib(patch.o)
    0x1fff2f20   0x1fff2f20   0x00000010   Code   RO          997    i.clear_adcc_cfg    adc.o
    0x1fff2f30   0x1fff2f30   0x00000024   Code   RO          584    i.dbg_printf        my_printf.o
    0x1fff2f54   0x1fff2f54   0x00000024   Code   RO          585    i.dbg_printf_init   my_printf.o
    0x1fff2f78   0x1fff2f78   0x00000030   Code   RO          998    i.disable_analog_pin  adc.o
    0x1fff2fa8   0x1fff2fa8   0x0000008c   Code   RO         1532    i.finidv            rf.lib(phy_sec_ext.o)
    0x1fff3034   0x1fff3034   0x00000034   Code   RO         1111    i.gpio_key_timer_handler  key.o
    0x1fff3068   0x1fff3068   0x00000108   Code   RO          999    i.hal_ADC_IRQHandler  adc.o
    0x1fff3170   0x1fff3170   0x0000001c   Code   RO          378    i.hal_GPIO_IRQHandler  gpio.o
    0x1fff318c   0x1fff318c   0x00000054   Code   RO          648    i.hal_UART1_IRQHandler  uart.o
    0x1fff31e0   0x1fff31e0   0x000000d4   Code   RO         1005    i.hal_adc_stop      adc.o
    0x1fff32b4   0x1fff32b4   0x0000003a   Code   RO         1189    i.hal_cache_init    flash.o
    0x1fff32ee   0x1fff32ee   0x00000002   PAD
    0x1fff32f0   0x1fff32f0   0x0000005c   Code   RO         1190    i.hal_cache_tag_flush  flash.o
    0x1fff334c   0x1fff334c   0x00000050   Code   RO          914    i.hal_clk_gate_disable  clock.o
    0x1fff339c   0x1fff339c   0x00000050   Code   RO          915    i.hal_clk_gate_enable  clock.o
    0x1fff33ec   0x1fff33ec   0x000000d8   Code   RO          918    i.hal_clk_reset     clock.o
    0x1fff34c4   0x1fff34c4   0x00000070   Code   RO         1194    i.hal_flash_read    flash.o
    0x1fff3534   0x1fff3534   0x00000048   Code   RO          379    i.hal_gpio_cfg_analog_io  gpio.o
    0x1fff357c   0x1fff357c   0x00000028   Code   RO          383    i.hal_gpio_fmux     gpio.o
    0x1fff35a4   0x1fff35a4   0x00000068   Code   RO          384    i.hal_gpio_fmux_set  gpio.o
    0x1fff360c   0x1fff360c   0x0000005c   Code   RO          385    i.hal_gpio_init     gpio.o
    0x1fff3668   0x1fff3668   0x00000048   Code   RO          386    i.hal_gpio_interrupt_disable  gpio.o
    0x1fff36b0   0x1fff36b0   0x0000005c   Code   RO          387    i.hal_gpio_interrupt_enable  gpio.o
    0x1fff370c   0x1fff370c   0x00000030   Code   RO          388    i.hal_gpio_pin2pin3_control  gpio.o
    0x1fff373c   0x1fff373c   0x0000006c   Code   RO          389    i.hal_gpio_pin_init  gpio.o
    0x1fff37a8   0x1fff37a8   0x00000070   Code   RO          390    i.hal_gpio_pull_set  gpio.o
    0x1fff3818   0x1fff3818   0x0000002c   Code   RO          391    i.hal_gpio_read     gpio.o
    0x1fff3844   0x1fff3844   0x000000ac   Code   RO          392    i.hal_gpio_retention_enable  gpio.o
    0x1fff38f0   0x1fff38f0   0x00000050   Code   RO          393    i.hal_gpio_sleep_handler  gpio.o
    0x1fff3940   0x1fff3940   0x0000006c   Code   RO          394    i.hal_gpio_wakeup_control  gpio.o
    0x1fff39ac   0x1fff39ac   0x0000006c   Code   RO          395    i.hal_gpio_wakeup_handler  gpio.o
    0x1fff3a18   0x1fff3a18   0x000000a8   Code   RO          396    i.hal_gpio_wakeup_set  gpio.o
    0x1fff3ac0   0x1fff3ac0   0x00000038   Code   RO          397    i.hal_gpio_write    gpio.o
    0x1fff3af8   0x1fff3af8   0x00000030   Code   RO          398    i.hal_gpioin_disable  gpio.o
    0x1fff3b28   0x1fff3b28   0x0000009c   Code   RO          399    i.hal_gpioin_enable  gpio.o
    0x1fff3bc4   0x1fff3bc4   0x00000098   Code   RO          400    i.hal_gpioin_event  gpio.o
    0x1fff3c5c   0x1fff3c5c   0x0000004c   Code   RO          401    i.hal_gpioin_event_pin  gpio.o
    0x1fff3ca8   0x1fff3ca8   0x0000004c   Code   RO          402    i.hal_gpioin_register  gpio.o
    0x1fff3cf4   0x1fff3cf4   0x00000034   Code   RO          405    i.hal_gpioin_wakeup_trigger  gpio.o
    0x1fff3d28   0x1fff3d28   0x00000024   Code   RO          406    i.hal_gpioretention_register  gpio.o
    0x1fff3d4c   0x1fff3d4c   0x00000040   Code   RO            5    i.hal_init          main.o
    0x1fff3d8c   0x1fff3d8c   0x0000007c   Code   RO            6    i.hal_low_power_io_init  main.o
    0x1fff3e08   0x1fff3e08   0x00000030   Code   RO          795    i.hal_pwrmgr_LowCurrentLdo_enable  pwrmgr.o
    0x1fff3e38   0x1fff3e38   0x00000020   Code   RO          796    i.hal_pwrmgr_RAM_retention  pwrmgr.o
    0x1fff3e58   0x1fff3e58   0x00000024   Code   RO          798    i.hal_pwrmgr_RAM_retention_set  pwrmgr.o
    0x1fff3e7c   0x1fff3e7c   0x00000038   Code   RO          800    i.hal_pwrmgr_init   pwrmgr.o
    0x1fff3eb4   0x1fff3eb4   0x0000006c   Code   RO          802    i.hal_pwrmgr_lock   pwrmgr.o
    0x1fff3f20   0x1fff3f20   0x00000054   Code   RO          804    i.hal_pwrmgr_register  pwrmgr.o
    0x1fff3f74   0x1fff3f74   0x00000044   Code   RO          805    i.hal_pwrmgr_sleep_process  pwrmgr.o
    0x1fff3fb8   0x1fff3fb8   0x00000084   Code   RO          806    i.hal_pwrmgr_unlock  pwrmgr.o
    0x1fff403c   0x1fff403c   0x0000009c   Code   RO          808    i.hal_pwrmgr_wakeup_process  pwrmgr.o
    0x1fff40d8   0x1fff40d8   0x0000006c   Code   RO            7    i.hal_rfphy_init    main.o
    0x1fff4144   0x1fff4144   0x00000008   Code   RO         1372    i.hal_rom_boot_init  rf.lib(patch.o)
    0x1fff414c   0x1fff414c   0x000000a8   Code   RO          920    i.hal_rtc_clock_config  clock.o
    0x1fff41f4   0x1fff41f4   0x0000002c   Code   RO         1197    i.hal_spif_cache_init  flash.o
    0x1fff4220   0x1fff4220   0x00000074   Code   RO          651    i.hal_uart_init     uart.o
    0x1fff4294   0x1fff4294   0x00000030   Code   RO          652    i.hal_uart_send_buff  uart.o
    0x1fff42c4   0x1fff42c4   0x0000006c   Code   RO         1198    i.hw_spif_cache_config  flash.o
    0x1fff4330   0x1fff4330   0x00000074   Code   RO          655    i.irq_rx_handler    uart.o
    0x1fff43a4   0x1fff43a4   0x000000d0   Code   RO          656    i.irq_tx_empty_handler  uart.o
    0x1fff4474   0x1fff4474   0x00000054   Code   RO         1112    i.key_idle_handler  key.o
    0x1fff44c8   0x1fff44c8   0x00000068   Code   RO         1113    i.key_init          key.o
    0x1fff4530   0x1fff4530   0x00000038   Code   RO         1114    i.key_press_debonce_handler  key.o
    0x1fff4568   0x1fff4568   0x000000a4   Code   RO         1115    i.key_press_debonce_timer_handler  key.o
    0x1fff460c   0x1fff460c   0x000000bc   Code   RO          227    i.key_press_evt     gpio_demo.o
    0x1fff46c8   0x1fff46c8   0x00000048   Code   RO         1116    i.key_press_handler  key.o
    0x1fff4710   0x1fff4710   0x00000038   Code   RO         1117    i.key_release_debonce_handler  key.o
    0x1fff4748   0x1fff4748   0x0000009c   Code   RO         1118    i.key_release_debonce_timer_handler  key.o
    0x1fff47e4   0x1fff47e4   0x0000001c   Code   RO         1119    i.key_timer_start   key.o
    0x1fff4800   0x1fff4800   0x00000002   Code   RO         1373    i.l2capPocessFragmentTxData  rf.lib(patch.o)
    0x1fff4802   0x1fff4802   0x0000000c   Code   RO         1378    i.llProcessTxData1  rf.lib(patch.o)
    0x1fff480e   0x1fff480e   0x00000002   PAD
    0x1fff4810   0x1fff4810   0x000001ac   Code   RO         1382    i.ll_generateTxBuffer1  rf.lib(patch.o)
    0x1fff49bc   0x1fff49bc   0x000001e8   Code   RO         1383    i.ll_hw_go1         rf.lib(patch.o)
    0x1fff4ba4   0x1fff4ba4   0x00000018   Code   RO         1387    i.ll_processBasicIRQ_SRX  rf.lib(patch.o)
    0x1fff4bbc   0x1fff4bbc   0x00000018   Code   RO         1389    i.ll_processBasicIRQ_secondaryAdvTRX  rf.lib(patch.o)
    0x1fff4bd4   0x1fff4bd4   0x00000340   Code   RO          586    i.log_vsprintf      my_printf.o
    0x1fff4f14   0x1fff4f14   0x00000100   Code   RO            8    i.main              main.o
    0x1fff5014   0x1fff5014   0x00000064   Code   RO          228    i.negedge_callback_wakeup  gpio_demo.o
    0x1fff5078   0x1fff5078   0x000001b8   Code   RO          588    i.number            my_printf.o
    0x1fff5230   0x1fff5230   0x00000030   Code   RO          349    i.osalInitTasks     osal_gpio.o
    0x1fff5260   0x1fff5260   0x00000074   Code   RO         1120    i.pin_event_handler  key.o
    0x1fff52d4   0x1fff52d4   0x00000048   Code   RO          230    i.posedge_callback_wakeup  gpio_demo.o
    0x1fff531c   0x1fff531c   0x00000068   Code   RO         1466    i.rc32k_calibration  rf.lib(rf_phy_driver.o)
    0x1fff5384   0x1fff5384   0x00000028   Code   RO         1467    i.rf_calibrate1     rf.lib(rf_phy_driver.o)
    0x1fff53ac   0x1fff53ac   0x00000118   Code   RO         1468    i.rf_phy_ana_cfg    rf.lib(rf_phy_driver.o)
    0x1fff54c4   0x1fff54c4   0x000001a0   Code   RO         1469    i.rf_phy_bb_cfg     rf.lib(rf_phy_driver.o)
    0x1fff5664   0x1fff5664   0x00000094   Code   RO         1470    i.rf_phy_change_cfg0  rf.lib(rf_phy_driver.o)
    0x1fff56f8   0x1fff56f8   0x0000003c   Code   RO         1486    i.rf_phy_ini        rf.lib(rf_phy_driver.o)
    0x1fff5734   0x1fff5734   0x00000074   Code   RO         1487    i.rf_phy_set_txPower  rf.lib(rf_phy_driver.o)
    0x1fff57a8   0x1fff57a8   0x00000120   Code   RO         1488    i.rf_rxDcoc_cfg     rf.lib(rf_phy_driver.o)
    0x1fff58c8   0x1fff58c8   0x0000004c   Code   RO         1491    i.rf_tpCal_gen_cap_arrary  rf.lib(rf_phy_driver.o)
    0x1fff5914   0x1fff5914   0x00000118   Code   RO         1492    i.rf_tp_cal         rf.lib(rf_phy_driver.o)
    0x1fff5a2c   0x1fff5a2c   0x0000002a   Code   RO          589    i.skip_atoi         my_printf.o
    0x1fff5a56   0x1fff5a56   0x00000002   PAD
    0x1fff5a58   0x1fff5a58   0x00000090   Code   RO          657    i.txmit_buf_polling  uart.o
    0x1fff5ae8   0x1fff5ae8   0x000000e0   Code   RO          658    i.txmit_buf_use_tx_buf  uart.o
    0x1fff5bc8   0x1fff5bc8   0x000000ac   Code   RO          659    i.uart_hw_deinit    uart.o
    0x1fff5c74   0x1fff5c74   0x00000148   Code   RO          660    i.uart_hw_init      uart.o
    0x1fff5dbc   0x1fff5dbc   0x0000005c   Code   RO          232    i.uart_port_reconfig  gpio_demo.o
    0x1fff5e18   0x1fff5e18   0x0000000a   Code   RO          661    i.uart_wakeup_process_0  uart.o
    0x1fff5e22   0x1fff5e22   0x0000000a   Code   RO          662    i.uart_wakeup_process_1  uart.o
    0x1fff5e2c   0x1fff5e2c   0x000000f4   Code   RO         1396    i.wakeup_init1      rf.lib(patch.o)
    0x1fff5f20   0x1fff5f20   0x00000020   Data   RO           10    .constdata          main.o
    0x1fff5f40   0x1fff5f40   0x00000010   Data   RO          233    .constdata          gpio_demo.o
    0x1fff5f50   0x1fff5f50   0x00000009   Data   RO          350    .constdata          osal_gpio.o
    0x1fff5f59   0x1fff5f59   0x0000008a   Data   RO          409    .constdata          gpio.o
    0x1fff5fe3   0x1fff5fe3   0x00000001   PAD
    0x1fff5fe4   0x1fff5fe4   0x00000010   Data   RO          590    .constdata          my_printf.o
    0x1fff5ff4   0x1fff5ff4   0x0000000c   Data   RO          664    .constdata          uart.o
    0x1fff6000   0x1fff6000   0x00000054   Data   RO           11    .conststring        main.o
    0x1fff6054   0x1fff6054   0x0000004d   Data   RO          591    .conststring        my_printf.o
    0x1fff60a1   0x1fff60a1   0x00000003   PAD
    0x1fff60a4   0x1fff60a4   0x00000011   Data   RO         1536    .conststring        rf.lib(phy_sec_ext.o)
    0x1fff60b5   0x1fff60b5   0x00000003   PAD
    0x1fff60b8   0x1fff60b8   0x00000030   Data   RO         1635    Region$$Table       anon$$obj.o
    0x1fff60e8   0x1fff60e8   0x00000002   Data   RW           12    .data               main.o
    0x1fff60ea   0x1fff60ea   0x00000002   PAD
    0x1fff60ec   0x1fff60ec   0x00000004   Data   RW          181    .data               jump_table.o
    0x1fff60f0   0x1fff60f0   0x00000040   Data   RW          234    .data               gpio_demo.o
    0x1fff6130   0x1fff6130   0x00000004   Data   RW          351    .data               osal_gpio.o
    0x1fff6134   0x1fff6134   0x00000008   Data   RW          592    .data               my_printf.o
    0x1fff613c   0x1fff613c   0x00000018   Data   RW          810    .data               pwrmgr.o
    0x1fff6154   0x1fff6154   0x0000000f   Data   RW         1012    .data               adc.o
    0x1fff6163   0x1fff6163   0x00000001   PAD
    0x1fff6164   0x1fff6164   0x0000000f   Data   RW         1200    .data               flash.o
    0x1fff6173   0x1fff6173   0x00000001   PAD
    0x1fff6174   0x1fff6174   0x00000004   Data   RW         1308    .data               system_armcm0.o
    0x1fff6178   0x1fff6178   0x00000018   Data   RW         1400    .data               rf.lib(patch.o)
    0x1fff6190   0x1fff6190   0x00000008   Data   RW         1494    .data               rf.lib(rf_phy_driver.o)
    0x1fff6198   0x1fff6198   0x00000004   Data   RW         1537    .data               rf.lib(phy_sec_ext.o)
    0x1fff619c   0x1fff619c   0x00000001   Data   RW         1538    .data               rf.lib(phy_sec_ext.o)
    0x1fff619d   0x1fff619d   0x00000001   PAD
    0x1fff619e   0x1fff619e   0x0000000d   Data   RW          811    _section_standby_code_  pwrmgr.o
    0x1fff61ab   0x1fff61ab   0x00000001   PAD
    0x1fff61ac        -       0x00002020   Zero   RW            9    .bss                main.o
    0x1fff81cc        -       0x0000012c   Zero   RW          408    .bss                gpio.o
    0x1fff82f8        -       0x00000040   Zero   RW          663    .bss                uart.o
    0x1fff8338        -       0x00000078   Zero   RW          809    .bss                pwrmgr.o
    0x1fff83b0        -       0x00000028   Zero   RW         1010    .bss                adc.o
    0x1fff83d8        -       0x00000014   Zero   RW         1121    .bss                key.o
    0x1fff83ec        -       0x00000020   Zero   RW         1397    .bss                rf.lib(patch.o)
    0x1fff840c        -       0x00000010   Zero   RW         1534    .bss                rf.lib(phy_sec_ext.o)
    0x1fff841c   0x1fff61ab   0x00000004   PAD
    0x1fff8420        -       0x00000400   Zero   RW         1297    STACK               startup_armcm0.o



  Load Region LR_IROM2 (Base: 0x1fff0000, Size: 0x00000800, Max: 0x00000800, ABSOLUTE, COMPRESSED[0x0000040c])

    Execution Region JUMP_TABLE (Exec base: 0x1fff0000, Load base: 0x1fff0000, Size: 0x00000400, Max: 0x00000400, ABSOLUTE)

    Exec Addr    Load Addr    Size         Type   Attr      Idx    E Section Name        Object

    0x1fff0000   0x1fff0000   0x00000400   Data   RO          183    jump_table_mem_area  jump_table.o


    Execution Region GOLBAL_CONFIG (Exec base: 0x1fff0400, Load base: 0x1fff0400, Size: 0x00000400, Max: 0x00000400, ABSOLUTE, COMPRESSED[0x0000000c])

    Exec Addr    Load Addr    Size         Type   Attr      Idx    E Section Name        Object

    0x1fff0400   COMPRESSED   0x00000400   Data   RW          182    global_config_area  jump_table.o


==============================================================================

Image component sizes


      Code (inc. data)   RO Data    RW Data    ZI Data      Debug   Object Name

       540         54          0         15         40       6306   adc.o
       544         12          0          0          0       2200   clock.o
       534         46          0         15          0      12833   flash.o
      2244        188        138          0        300      25491   gpio.o
      1036        376         16         64          0       7496   gpio_demo.o
        20          0          0          0          0        447   gpio_main.o
       544        332       1024       1028          0       2018   jump_table.o
       888         68          0          0         20       6956   key.o
       720        216        116          2       8224      61591   main.o
      1434         30         93          8          0       6395   my_printf.o
        48          6          9          4          0       1912   osal_gpio.o
       840         94          0         37        120       7833   pwrmgr.o
        28          8        192          0       1024        616   startup_armcm0.o
        16          8          0          4          0        667   system_armcm0.o
      1664        146         12          0         64      18039   uart.o

    ----------------------------------------------------------------------
     11956       1868       1652       1182       9792     160800   Object Totals
       852        284         48          0          0          0   (incl. Generated)
         4          0          4          5          0          0   (incl. Padding)

    ----------------------------------------------------------------------

      Code (inc. data)   RO Data    RW Data    ZI Data      Debug   Library Member Name

        86          0          0          0          0          0   __dczerorl2.o
         0          0          0          0          0          0   entry.o
         0          0          0          0          0          0   entry10a.o
         0          0          0          0          0          0   entry11a.o
         8          4          0          0          0          0   entry2.o
         4          0          0          0          0          0   entry5.o
         0          0          0          0          0          0   entry7b.o
         0          0          0          0          0          0   entry8b.o
         8          4          0          0          0          0   entry9a.o
        30          0          0          0          0          0   handlers.o
        36          8          0          0          0         68   init.o
      3820        450          0         24         32       1328   patch.o
       196         26         17          5         16        216   phy_sec_ext.o
      1808        372          0          8          0        732   rf_phy_driver.o

    ----------------------------------------------------------------------
      6004        864         20         38         52       2344   Library Totals
         8          0          3          1          4          0   (incl. Padding)

    ----------------------------------------------------------------------

      Code (inc. data)   RO Data    RW Data    ZI Data      Debug   Library Name

       172         16          0          0          0         68   mc_p.l
      5824        848         17         37         48       2276   rf.lib

    ----------------------------------------------------------------------
      6004        864         20         38         52       2344   Library Totals

    ----------------------------------------------------------------------

==============================================================================


      Code (inc. data)   RO Data    RW Data    ZI Data      Debug   

     17960       2732       1672       1220       9844     157860   Grand Totals
     17960       2732       1672        208       9844     157860   ELF Image Totals (compressed)
     17960       2732       1672        208          0          0   ROM Totals

==============================================================================

    Total RO  Size (Code + RO Data)                19632 (  19.17kB)
    Total RW  Size (RW Data + ZI Data)             11064 (  10.80kB)
    Total ROM Size (Code + RO Data + RW Data)      19840 (  19.38kB)

==============================================================================

